<html>
<body>
<pre>
<h1>礦ision Build Log</h1>
<h2>Tool Versions:</h2>
IDE-Version: μVision V5.36.0.0
Copyright (C) 2021 ARM Ltd and ARM Germany GmbH. All rights reserved.
License Information: ca ca, ca, LIC=HN0AE-5QSUV-9UQ4U-SYVPR-BIKFZ-D55W7
 
Tool Versions:
Toolchain:       MDK-ARM Plus  Version: 5.36.0.0
Toolchain Path:  C:\Keil_v5\ARM\ARMCC\Bin
C Compiler:      Armcc.exe V5.06 update 7 (build 960)
Assembler:       Armasm.exe V5.06 update 7 (build 960)
Linker/Locator:  ArmLink.exe V5.06 update 7 (build 960)
Library Manager: ArmAr.exe V5.06 update 7 (build 960)
Hex Converter:   FromElf.exe V5.06 update 7 (build 960)
CPU DLL:         SARMCM3.DLL V5.36.0.0
Dialog DLL:      DCM.DLL V1.17.3.0
Target DLL:      STLink\ST-LINKIII-KEIL_SWO.dll V3.0.9.0
Dialog DLL:      TCM.DLL V1.53.0.0
 
<h2>Project:</h2>
D:\David\Desktop\20届智能车总和\stm32_blance_car\USER\MPU6050.uvprojx
Project File Date:  10/26/2024

<h2>Output:</h2>
*** Using Compiler 'V5.06 update 7 (build 960)', folder: 'C:\Keil_v5\ARM\ARMCC\Bin'
Build target 'MPU6050'
compiling pid.c...
compiling Schedule.c...
..\HARDWARE\Schedule.h(32): warning:  #1-D: last line of file ends without a newline
  void FSM_Function2(void);
..\HARDWARE\OLED\oled.h(19): warning:  #1-D: last line of file ends without a newline
  #endif													
..\HARDWARE\Open_MV\open_mv_usart.h(68): warning:  #1-D: last line of file ends without a newline
  //void USART2_DMA_Init(void);
..\HARDWARE\Schedule.c(13): warning:  #223-D: function "Init_Display" declared implicitly
  	Init_Display();//待机初始化显示
..\HARDWARE\Schedule.c(17): warning:  #223-D: function "Debug_Display" declared implicitly
  	Debug_Display();//开机调试显示
..\HARDWARE\Schedule.c(39): warning:  #223-D: function "OLED_Refresh" declared implicitly
  		OLED_Refresh();
..\HARDWARE\Schedule.c(125): warning:  #223-D: function "printf" declared implicitly
  		printf("%.3f,%.3f,%.3f,%.3f,%.3f,%.3f,%.3f,%.3f,%.3f\n",\
..\HARDWARE\Schedule.c(192): warning:  #223-D: function "mpu_dmp_get_data" declared implicitly
  		if(mpu_dmp_get_data(&mpu6050_date.pitch,&mpu6050_date.roll,&mpu6050_date.yaw)==0)   //获取欧拉角
..\HARDWARE\Schedule.c(217): warning:  #1-D: last line of file ends without a newline
  }
..\HARDWARE\Schedule.c: 9 warnings, 0 errors
linking...
Program Size: Code=35908 RO-data=5324 RW-data=128 ZI-data=2720  
FromELF: creating hex file...
"..\OBJ\MPU6050.axf" - 0 Error(s), 9 Warning(s).

<h2>Software Packages used:</h2>

Package Vendor: Keil
                http://www.keil.com/pack/Keil.STM32F1xx_DFP.2.1.0.pack
                Keil.STM32F1xx_DFP.2.1.0
                STMicroelectronics STM32F1 Series Device Support, Drivers and Examples

<h2>Collection of Component include folders:</h2>
  C:\Users\David\AppData\Local\Arm\Packs\Keil\STM32F1xx_DFP\2.1.0\Device\Include

<h2>Collection of Component Files used:</h2>
Build Time Elapsed:  00:00:01
</pre>
</body>
</html>
