Component: ARM Compiler 5.06 update 7 (build 960) Tool: armlink [4d3601]

==============================================================================

Section Cross References

    main.o(.text) refers to misc.o(.text) for NVIC_PriorityGroupConfig
    main.o(.text) refers to delay.o(.text) for delay_init
    main.o(.text) refers to oled.o(.text) for OLED_Init
    main.o(.text) refers to key.o(.text) for KEY_Init
    main.o(.text) refers to mpu6050.o(.text) for MPU_Init
    main.o(.text) refers to open_mv_usart.o(.text) for openmv_usart_init
    main.o(.text) refers to inv_mpu.o(.text) for mpu_dmp_init
    main.o(.text) refers to motor.o(.text) for MiniBalance_PWM_Init
    main.o(.text) refers to schedule.o(.text) for TIM3_Config
    main.o(.text) refers to encoder.o(.text) for Encoder_Init_TIM2
    main.o(.text) refers to date.o(.text) for Motor_Date_Init
    main.o(.text) refers to stm32f10x_tim.o(.text) for TIM_ITConfig
    system_stm32f10x.o(.text) refers to system_stm32f10x.o(.data) for SystemCoreClock
    mpuiic.o(.text) refers to delay.o(.text) for delay_us
    mpuiic.o(.text) refers to stm32f10x_rcc.o(.text) for RCC_APB2PeriphClockCmd
    mpuiic.o(.text) refers to stm32f10x_gpio.o(.text) for GPIO_PinRemapConfig
    key.o(.text) refers to stm32f10x_rcc.o(.text) for RCC_APB2PeriphClockCmd
    key.o(.text) refers to stm32f10x_gpio.o(.text) for GPIO_Init
    key.o(.text) refers to stm32f10x_exti.o(.text) for EXTI_Init
    key.o(.text) refers to misc.o(.text) for NVIC_Init
    key.o(.text) refers to stm32f10x_tim.o(.text) for TIM_ITConfig
    key.o(.text) refers to f2d.o(.text) for __aeabi_f2d
    key.o(.text) refers to dadd.o(.text) for __aeabi_dadd
    key.o(.text) refers to d2f.o(.text) for __aeabi_d2f
    key.o(.text) refers to schedule.o(.bss) for Active_FSM
    key.o(.text) refers to pid.o(.bss) for Angle_speed_loop
    inv_mpu.o(.text) refers to mpu6050.o(.text) for MPU_Write_Len
    inv_mpu.o(.text) refers to printfa.o(i.__0printf) for __2printf
    inv_mpu.o(.text) refers to delay.o(.text) for delay_ms
    inv_mpu.o(.text) refers to inv_mpu.o(.data) for st
    inv_mpu.o(.text) refers to ffltui.o(.text) for __aeabi_ui2f
    inv_mpu.o(.text) refers to fflti.o(.text) for __aeabi_i2f
    inv_mpu.o(.text) refers to fadd.o(.text) for __aeabi_fsub
    inv_mpu.o(.text) refers to fdiv.o(.text) for __aeabi_fdiv
    inv_mpu.o(.text) refers to fmul.o(.text) for __aeabi_fmul
    inv_mpu.o(.text) refers to ffixi.o(.text) for __aeabi_f2iz
    inv_mpu.o(.text) refers to inv_mpu.o(.conststring) for .conststring
    inv_mpu.o(.text) refers to cfcmple.o(.text) for __aeabi_cfcmpeq
    inv_mpu.o(.text) refers to cfrcmple.o(.text) for __aeabi_cfrcmple
    inv_mpu.o(.text) refers to inv_mpu.o(.constdata) for test
    inv_mpu.o(.text) refers to ldiv.o(.text) for __aeabi_ldivmod
    inv_mpu.o(.text) refers to memcmp.o(.text) for memcmp
    inv_mpu.o(.text) refers to inv_mpu_dmp_motion_driver.o(.text) for dmp_set_gyro_bias
    inv_mpu.o(.text) refers to mpuiic.o(.text) for MPU_IIC_Init
    inv_mpu.o(.text) refers to f2d.o(.text) for __aeabi_f2d
    inv_mpu.o(.text) refers to asin.o(i.asin) for asin
    inv_mpu.o(.text) refers to dmul.o(.text) for __aeabi_dmul
    inv_mpu.o(.text) refers to d2f.o(.text) for __aeabi_d2f
    inv_mpu.o(.text) refers to atan2.o(i.atan2) for atan2
    inv_mpu.o(.data) refers to inv_mpu.o(.constdata) for reg
    mpu6050.o(.text) refers to mpuiic.o(.text) for MPU_IIC_Start
    mpu6050.o(.text) refers to oled.o(.text) for OLED_ShowString
    mpu6050.o(.text) refers to delay.o(.text) for delay_ms
    mpu6050.o(.text) refers to dflti.o(.text) for __aeabi_i2d
    mpu6050.o(.text) refers to ddiv.o(.text) for __aeabi_ddiv
    mpu6050.o(.text) refers to dadd.o(.text) for __aeabi_dadd
    mpu6050.o(.text) refers to d2f.o(.text) for __aeabi_d2f
    mpu6050.o(.text) refers to fmul.o(.text) for __aeabi_fmul
    mpu6050.o(.text) refers to ffixi.o(.text) for __aeabi_f2iz
    mpu6050.o(.text) refers to fadd.o(.text) for __aeabi_fsub
    mpu6050.o(.text) refers to fdiv.o(.text) for __aeabi_fdiv
    mpu6050.o(.text) refers to fflti.o(.text) for __aeabi_i2f
    inv_mpu_dmp_motion_driver.o(.text) refers to inv_mpu.o(.text) for mpu_load_firmware
    inv_mpu_dmp_motion_driver.o(.text) refers to inv_mpu_dmp_motion_driver.o(.constdata) for dmp_memory
    inv_mpu_dmp_motion_driver.o(.text) refers to inv_mpu_dmp_motion_driver.o(.bss) for dmp
    inv_mpu_dmp_motion_driver.o(.text) refers to ffltui.o(.text) for __aeabi_ui2f
    inv_mpu_dmp_motion_driver.o(.text) refers to fdiv.o(.text) for __aeabi_fdiv
    inv_mpu_dmp_motion_driver.o(.text) refers to fmul.o(.text) for __aeabi_fmul
    inv_mpu_dmp_motion_driver.o(.text) refers to ffixui.o(.text) for __aeabi_f2uiz
    inv_mpu_dmp_motion_driver.o(.text) refers to memseta.o(.text) for __aeabi_memset
    oled.o(.text) refers to stm32f10x_rcc.o(.text) for RCC_APB2PeriphClockCmd
    oled.o(.text) refers to stm32f10x_gpio.o(.text) for GPIO_Init
[...]
    .ARM.Collect$$$$00000001                 0x08000130   Section        4  entry2.o(.ARM.Collect$$$$00000001)
    .ARM.Collect$$$$00000004                 0x08000134   Section        4  entry5.o(.ARM.Collect$$$$00000004)
    .ARM.Collect$$$$00000008                 0x08000138   Section        0  entry7b.o(.ARM.Collect$$$$00000008)
    .ARM.Collect$$$$0000000A                 0x08000138   Section        0  entry8b.o(.ARM.Collect$$$$0000000A)
    .ARM.Collect$$$$0000000B                 0x08000138   Section        8  entry9a.o(.ARM.Collect$$$$0000000B)
    .ARM.Collect$$$$0000000E                 0x08000140   Section        4  entry12b.o(.ARM.Collect$$$$0000000E)
    .ARM.Collect$$$$0000000F                 0x08000144   Section        0  entry10a.o(.ARM.Collect$$$$0000000F)
    .ARM.Collect$$$$00000011                 0x08000144   Section        0  entry11a.o(.ARM.Collect$$$$00000011)
    .ARM.Collect$$$$00002712                 0x08000144   Section        4  entry2.o(.ARM.Collect$$$$00002712)
    __lit__00000000                          0x08000144   Data           4  entry2.o(.ARM.Collect$$$$00002712)
    .text                                    0x08000148   Section        0  main.o(.text)
    .text                                    0x08000200   Section        0  stm32f10x_it.o(.text)
    .text                                    0x0800021c   Section        0  system_stm32f10x.o(.text)
    SetSysClockTo72                          0x0800021d   Thumb Code   214  system_stm32f10x.o(.text)
    SetSysClock                              0x080002f3   Thumb Code     8  system_stm32f10x.o(.text)
    .text                                    0x080003fc   Section        0  mpuiic.o(.text)
    .text                                    0x0800065c   Section        0  key.o(.text)
    .text                                    0x0800080c   Section        0  inv_mpu.o(.text)
    set_int_enable                           0x0800080d   Thumb Code   138  inv_mpu.o(.text)
    get_accel_prod_shift                     0x08001a7d   Thumb Code   168  inv_mpu.o(.text)
    accel_self_test                          0x08001b25   Thumb Code   164  inv_mpu.o(.text)
    gyro_self_test                           0x08001bc9   Thumb Code   280  inv_mpu.o(.text)
    get_st_biases                            0x08001ce1   Thumb Code  1134  inv_mpu.o(.text)
    .text                                    0x08002a98   Section        0  mpu6050.o(.text)
    .text                                    0x08002ef4   Section        0  inv_mpu_dmp_motion_driver.o(.text)
    decode_gesture                           0x080039a9   Thumb Code    94  inv_mpu_dmp_motion_driver.o(.text)
    .text                                    0x08003c64   Section        0  oled.o(.text)
    .text                                    0x08004138   Section        0  motor.o(.text)
    .text                                    0x08004340   Section        0  encoder.o(.text)
    .text                                    0x080044d0   Section        0  pid.o(.text)
    .text                                    0x08004834   Section        0  bluetooth.o(.text)
    .text                                    0x08004a60   Section        0  open_mv_usart.o(.text)
    .text                                    0x08004d44   Section        0  date.o(.text)
    .text                                    0x08004dbc   Section        0  debug.o(.text)
    .text                                    0x08004f24   Section        0  schedule.o(.text)
    .text                                    0x08005364   Section        0  delay.o(.text)
    .text                                    0x08005438   Section        0  usart.o(.text)
    .text                                    0x08005568   Section       36  startup_stm32f10x_hd.o(.text)
    .text                                    0x0800558c   Section        0  stm32f10x_gpio.o(.text)
    .text                                    0x080058e8   Section        0  stm32f10x_rcc.o(.text)
    .text                                    0x08005c8c   Section        0  stm32f10x_usart.o(.text)
    .text                                    0x08006094   Section        0  misc.o(.text)
    .text                                    0x08006170   Section        0  stm32f10x_tim.o(.text)
    TI4_Config                               0x08006617   Thumb Code   130  stm32f10x_tim.o(.text)
    TI3_Config                               0x080066ab   Thumb Code   122  stm32f10x_tim.o(.text)
    TI2_Config                               0x0800673f   Thumb Code   130  stm32f10x_tim.o(.text)
    TI1_Config                               0x080067d3   Thumb Code   108  stm32f10x_tim.o(.text)
    .text                                    0x08006f8c   Section        0  stm32f10x_exti.o(.text)
    .text                                    0x080070a8   Section        0  stm32f10x_dma.o(.text)
    .text                                    0x080072fc   Section        0  ldiv.o(.text)
    .text                                    0x0800735e   Section        0  memseta.o(.text)
    .text                                    0x08007382   Section        0  memcmp.o(.text)
    .text                                    0x0800739c   Section        0  fadd.o(.text)
    .text                                    0x0800744c   Section        0  fmul.o(.text)
    .text                                    0x080074b0   Section        0  fdiv.o(.text)
    .text                                    0x0800752c   Section        0  dadd.o(.text)
    .text                                    0x0800767a   Section        0  dmul.o(.text)
    .text                                    0x0800775e   Section        0  ddiv.o(.text)
    .text                                    0x0800783c   Section        0  fflti.o(.text)
    .text                                    0x0800784e   Section        0  ffltui.o(.text)
    .text                                    0x08007858   Section        0  dflti.o(.text)
    .text                                    0x0800787a   Section        0  ffixi.o(.text)
    .text                                    0x080078ac   Section        0  ffixui.o(.text)
    .text                                    0x080078d4   Section        0  f2d.o(.text)
    .text                                    0x080078fc   Section       48  cdcmple.o(.text)
    .text                                    0x0800792c   Section       48  cdrcmple.o(.text)
    .text                                    0x0800795c   Section        0  d2f.o(.text)
    .text                                    0x08007994   Section       20  cfcmple.o(.text)
    .text                                    0x080079a8   Section       20  cfrcmple.o(.text)
    .text                                    0x080079bc   Section        0  uidiv.o(.text)
    .text                                    0x080079e8   Section        0  uldiv.o(.text)
    .text                                    0x08007a4a   Section        0  llshl.o(.text)
    .text                                    0x08007a68   Section        0  llsshr.o(.text)
    .text                                    0x08007a8c   Section        0  iusefp.o(.text)
    .text                                    0x08007a8c   Section        0  fepilogue.o(.text)
    .text                                    0x08007afa   Section        0  depilogue.o(.text)
    .text                                    0x08007bb4   Section        0  dscalb.o(.text)
    .text                                    0x08007be2   Section        0  dfixul.o(.text)
    .text                                    0x08007c14   Section       36  init.o(.text)
    .text                                    0x08007c38   Section        0  llushr.o(.text)
    .text                                    0x08007c58   Section        0  dsqrt.o(.text)
    i.__0printf                              0x08007cfc   Section        0  printfa.o(i.__0printf)
    i.__0sprintf                             0x08007d1c   Section        0  printfa.o(i.__0sprintf)
    i.__ARM_fpclassify                       0x08007d44   Section        0  fpclassify.o(i.__ARM_fpclassify)
    i.__kernel_poly                          0x08007d6c   Section        0  poly.o(i.__kernel_poly)
    i.__mathlib_dbl_infnan                   0x08007e16   Section        0  dunder.o(i.__mathlib_dbl_infnan)
    i.__mathlib_dbl_infnan2                  0x08007e1c   Section        0  dunder.o(i.__mathlib_dbl_infnan2)
    i.__mathlib_dbl_invalid                  0x08007e20   Section        0  dunder.o(i.__mathlib_dbl_invalid)
    i.__mathlib_dbl_underflow                0x08007e2c   Section        0  dunder.o(i.__mathlib_dbl_underflow)
    i.__scatterload_copy                     0x08007e3c   Section       14  handlers.o(i.__scatterload_copy)
    i.__scatterload_null                     0x08007e4a   Section        2  handlers.o(i.__scatterload_null)
    i.__scatterload_zeroinit                 0x08007e4c   Section       14  handlers.o(i.__scatterload_zeroinit)
    i.__set_errno                            0x08007e5c   Section        0  errno.o(i.__set_errno)
    i._fp_digits                             0x08007e68   Section        0  printfa.o(i._fp_digits)
    _fp_digits                               0x08007e69   Thumb Code   366  printfa.o(i._fp_digits)
    i._printf_core                           0x08007fec   Section        0  printfa.o(i._printf_core)
    _printf_core                             0x08007fed   Thumb Code  1704  printfa.o(i._printf_core)
    i._printf_post_padding                   0x080086a0   Section        0  printfa.o(i._printf_post_padding)
    _printf_post_padding                     0x080086a1   Thumb Code    36  printfa.o(i._printf_post_padding)
    i._printf_pre_padding                    0x080086c4   Section        0  printfa.o(i._printf_pre_padding)
    _printf_pre_padding                      0x080086c5   Thumb Code    46  printfa.o(i._printf_pre_padding)
    i._sputc                                 0x080086f2   Section        0  printfa.o(i._sputc)
    _sputc                                   0x080086f3   Thumb Code    10  printfa.o(i._sputc)
    i.asin                                   0x080086fc   Section        0  asin.o(i.asin)
    i.atan                                   0x0800896c   Section        0  atan.o(i.atan)
    i.atan2                                  0x08008b8c   Section        0  atan2.o(i.atan2)
    i.sqrt                                   0x08008d28   Section        0  sqrt.o(i.sqrt)
    .constdata                               0x08008d74   Section       80  inv_mpu.o(.constdata)
    .constdata                               0x08008dc4   Section     3062  inv_mpu_dmp_motion_driver.o(.constdata)
    dmp_memory                               0x08008dc4   Data        3062  inv_mpu_dmp_motion_driver.o(.constdata)
    .constdata                               0x080099ba   Section     1520  oled.o(.constdata)
    .constdata                               0x08009fb0   Section       80  asin.o(.constdata)
    pS                                       0x08009fb0   Data          48  asin.o(.constdata)
    qS                                       0x08009fe0   Data          32  asin.o(.constdata)
    .constdata                               0x0800a000   Section      152  atan.o(.constdata)
    atanhi                                   0x0800a000   Data          32  atan.o(.constdata)
    atanlo                                   0x0800a020   Data          32  atan.o(.constdata)
    aTodd                                    0x0800a040   Data          40  atan.o(.constdata)
    aTeven                                   0x0800a068   Data          48  atan.o(.constdata)
    .constdata                               0x0800a098   Section        8  qnan.o(.constdata)
    .conststring                             0x0800a0a0   Section       77  inv_mpu.o(.conststring)
    .data                                    0x20000000   Section       20  system_stm32f10x.o(.data)
    .data                                    0x20000014   Section       53  inv_mpu.o(.data)
    st                                       0x20000014   Data          44  inv_mpu.o(.data)
    gyro_orientation                         0x20000040   Data           9  inv_mpu.o(.data)
    .data                                    0x2000004c   Section       13  bluetooth.o(.data)
    .data                                    0x2000005a   Section        4  delay.o(.data)
    fac_us                                   0x2000005a   Data           1  delay.o(.data)
    fac_ms                                   0x2000005c   Data           2  delay.o(.data)
    .data                                    0x20000060   Section        6  usart.o(.data)
    .data                                    0x20000066   Section       20  stm32f10x_rcc.o(.data)
    APBAHBPrescTable                         0x20000066   Data          16  stm32f10x_rcc.o(.data)
    ADCPrescTable                            0x20000076   Data           4  stm32f10x_rcc.o(.data)
    .data                                    0x2000007c   Section        4  errno.o(.data)
    _errno                                   0x2000007c   Data           4  errno.o(.data)
    .bss                                     0x20000080   Section       16  inv_mpu_dmp_motion_driver.o(.bss)
    dmp                                      0x20000080   Data          16  inv_mpu_dmp_motion_driver.o(.bss)
    .bss                                     0x20000090   Section     1152  oled.o(.bss)
    .bss                                     0x20000510   Section       24  motor.o(.bss)
    .bss                                     0x20000528   Section      172  pid.o(.bss)
    .bss                                     0x200005d4   Section       12  bluetooth.o(.bss)
    .bss                                     0x200005e0   Section       27  open_mv_usart.o(.bss)
    .bss                                     0x200005fb   Section       50  debug.o(.bss)
    .bss                                     0x20000630   Section       36  schedule.o(.bss)
    .bss                                     0x20000654   Section      200  usart.o(.bss)
    STACK                                    0x20000720   Section     1024  startup_stm32f10x_hd.o(STACK)

    Global Symbols

    Symbol Name                              Value     Ov Type        Size  Object(Section)

    BuildAttributes$$THM_ISAv4$P$D$K$B$S$PE$A:L22UL41UL21$X:L11$S22US41US21$IEEE1$IW$USESV6$~STKCKD$USESV7$~SHL$OTIME$ROPI$IEEEX$EBA8$MICROLIB$REQ8$PRES8$EABIv2 0x00000000   Number         0  anon$$obj.o ABSOLUTE
    __ARM_use_no_argv                        0x00000000   Number         0  main.o ABSOLUTE
    __use_no_errno                           0x00000000   Number         0  useno.o ABSOLUTE
    __use_no_exception_handling              0x00000000   Number         0  useno.o ABSOLUTE
    __use_no_fp                              0x00000000   Number         0  useno.o ABSOLUTE
    __use_no_heap                            0x00000000   Number         0  useno.o ABSOLUTE
    __use_no_heap_region                     0x00000000   Number         0  useno.o ABSOLUTE
    __use_no_semihosting                     0x00000000   Number         0  useno.o ABSOLUTE
    __use_no_semihosting_swi                 0x00000000   Number         0  useno.o ABSOLUTE
    __use_no_signal_handling                 0x00000000   Number         0  useno.o ABSOLUTE
    _printf_a                                0x00000000   Number         0  stubs.o ABSOLUTE
    _printf_c                                0x00000000   Number         0  stubs.o ABSOLUTE
    _printf_charcount                        0x00000000   Number         0  stubs.o ABSOLUTE
    _printf_d                                0x00000000   Number         0  stubs.o ABSOLUTE
    _printf_e                                0x00000000   Number         0  stubs.o ABSOLUTE
    _printf_f                                0x00000000   Number         0  stubs.o ABSOLUTE
    _printf_flags                            0x00000000   Number         0  stubs.o ABSOLUTE
    _printf_fp_dec                           0x00000000   Number         0  stubs.o ABSOLUTE
    _printf_fp_hex                           0x00000000   Number         0  stubs.o ABSOLUTE
    _printf_g                                0x00000000   Number         0  stubs.o ABSOLUTE
    _printf_i                                0x00000000   Number         0  stubs.o ABSOLUTE
    _printf_int_dec                          0x00000000   Number         0  stubs.o ABSOLUTE
    _printf_l                                0x00000000   Number         0  stubs.o ABSOLUTE
    _printf_lc                               0x00000000   Number         0  stubs.o ABSOLUTE
    _printf_ll                               0x00000000   Number         0  stubs.o ABSOLUTE
    _printf_lld                              0x00000000   Number         0  stubs.o ABSOLUTE
    _printf_lli                              0x00000000   Number         0  stubs.o ABSOLUTE
    _printf_llo                              0x00000000   Number         0  stubs.o ABSOLUTE
    _printf_llu                              0x00000000   Number         0  stubs.o ABSOLUTE
    _printf_llx                              0x00000000   Number         0  stubs.o ABSOLUTE
    _printf_longlong_dec                     0x00000000   Number         0  stubs.o ABSOLUTE
    _printf_longlong_hex                     0x00000000   Number         0  stubs.o ABSOLUTE
    _printf_longlong_oct                     0x00000000   Number         0  stubs.o ABSOLUTE
    _printf_ls                               0x00000000   Number         0  stubs.o ABSOLUTE
    _printf_mbtowc                           0x00000000   Number         0  stubs.o ABSOLUTE
    _printf_n                                0x00000000   Number         0  stubs.o ABSOLUTE
    _printf_o                                0x00000000   Number         0  stubs.o ABSOLUTE
    _printf_p                                0x00000000   Number         0  stubs.o ABSOLUTE
    _printf_percent                          0x00000000   Number         0  stubs.o ABSOLUTE
    _printf_pre_padding                      0x00000000   Number         0  stubs.o ABSOLUTE
    _printf_return_value                     0x00000000   Number         0  stubs.o ABSOLUTE
    _printf_s                                0x00000000   Number         0  stubs.o ABSOLUTE
    _printf_sizespec                         0x00000000   Number         0  stubs.o ABSOLUTE
    _printf_str                              0x00000000   Number         0  stubs.o ABSOLUTE
    _printf_truncate_signed                  0x00000000   Number         0  stubs.o ABSOLUTE
    _printf_truncate_unsigned                0x00000000   Number         0  stubs.o ABSOLUTE
    _printf_u                                0x00000000   Number         0  stubs.o ABSOLUTE
    _printf_wc                               0x00000000   Number         0  stubs.o ABSOLUTE
    _printf_wctomb                           0x00000000   Number         0  stubs.o ABSOLUTE
    _printf_widthprec                        0x00000000   Number         0  stubs.o ABSOLUTE
    _printf_x                                0x00000000   Number         0  stubs.o ABSOLUTE
    __arm_fini_                               - Undefined Weak Reference
    __cpp_initialize__aeabi_                  - Undefined Weak Reference
    __cxa_finalize                            - Undefined Weak Reference
    __decompress                              - Undefined Weak Reference
    _clock_init                               - Undefined Weak Reference
    _microlib_exit                            - Undefined Weak Reference
    __Vectors_Size                           0x00000130   Number         0  startup_stm32f10x_hd.o ABSOLUTE
    __Vectors                                0x08000000   Data           4  startup_stm32f10x_hd.o(RESET)
    __Vectors_End                            0x08000130   Data           0  startup_stm32f10x_hd.o(RESET)
    __main                                   0x08000131   Thumb Code     0  entry.o(.ARM.Collect$$$$00000000)
    _main_stk                                0x08000131   Thumb Code     0  entry2.o(.ARM.Collect$$$$00000001)
    _main_scatterload                        0x08000135   Thumb Code     0  entry5.o(.ARM.Collect$$$$00000004)
    __main_after_scatterload                 0x08000139   Thumb Code     0  entry5.o(.ARM.Collect$$$$00000004)
    _main_clock                              0x08000139   Thumb Code     0  entry7b.o(.ARM.Collect$$$$00000008)
    _main_cpp_init                           0x08000139   Thumb Code     0  entry8b.o(.ARM.Collect$$$$0000000A)
    _main_init                               0x08000139   Thumb Code     0  entry9a.o(.ARM.Collect$$$$0000000B)
    __rt_lib_shutdown_fini                   0x08000141   Thumb Code     0  entry12b.o(.ARM.Collect$$$$0000000E)
    __rt_final_cpp                           0x08000145   Thumb Code     0  entry10a.o(.ARM.Collect$$$$0000000F)
    __rt_final_exit                          0x08000145   Thumb Code     0  entry11a.o(.ARM.Collect$$$$00000011)
    main                                     0x08000149   Thumb Code   154  main.o(.text)
    NMI_Handler                              0x08000201   Thumb Code     2  stm32f10x_it.o(.text)
    HardFault_Handler                        0x08000203   Thumb Code     4  stm32f10x_it.o(.text)
    MemManage_Handler                        0x08000207   Thumb Code     4  stm32f10x_it.o(.text)
    BusFault_Handler                         0x0800020b   Thumb Code     4  stm32f10x_it.o(.text)
    UsageFault_Handler                       0x0800020f   Thumb Code     4  stm32f10x_it.o(.text)
    SVC_Handler                              0x08000213   Thumb Code     2  stm32f10x_it.o(.text)
    DebugMon_Handler                         0x08000215   Thumb Code     2  stm32f10x_it.o(.text)
    PendSV_Handler                           0x08000217   Thumb Code     2  stm32f10x_it.o(.text)
    SysTick_Handler                          0x08000219   Thumb Code     2  stm32f10x_it.o(.text)
    SystemInit                               0x080002fb   Thumb Code    78  system_stm32f10x.o(.text)
    SystemCoreClockUpdate                    0x08000349   Thumb Code   142  system_stm32f10x.o(.text)
    MPU_IIC_Delay                            0x080003fd   Thumb Code    10  mpuiic.o(.text)
    MPU_IIC_Init                             0x08000407   Thumb Code    62  mpuiic.o(.text)
    MPU_IIC_Start                            0x08000445   Thumb Code    60  mpuiic.o(.text)
    MPU_IIC_Stop                             0x08000481   Thumb Code    62  mpuiic.o(.text)
    MPU_IIC_Wait_Ack                         0x080004bf   Thumb Code    86  mpuiic.o(.text)
    MPU_IIC_Ack                              0x08000515   Thumb Code    66  mpuiic.o(.text)
    MPU_IIC_NAck                             0x08000557   Thumb Code    66  mpuiic.o(.text)
    MPU_IIC_Send_Byte                        0x08000599   Thumb Code    82  mpuiic.o(.text)
    MPU_IIC_Read_Byte                        0x080005eb   Thumb Code    96  mpuiic.o(.text)
    KEY_Init                                 0x0800065d   Thumb Code   120  key.o(.text)
    EXTI4_IRQHandler                         0x080006d5   Thumb Code    92  key.o(.text)
    EXTI9_5_IRQHandler                       0x08000731   Thumb Code   188  key.o(.text)
    mpu_reg_dump                             0x08000897   Thumb Code    84  inv_mpu.o(.text)
    mpu_read_reg                             0x080008eb   Thumb Code    66  inv_mpu.o(.text)
    mpu_set_int_latched                      0x0800092d   Thumb Code   102  inv_mpu.o(.text)
    mpu_set_sensors                          0x08000993   Thumb Code   202  inv_mpu.o(.text)
    mpu_set_bypass                           0x08000a5d   Thumb Code   328  inv_mpu.o(.text)
    mpu_reset_fifo                           0x08000ba5   Thumb Code   472  inv_mpu.o(.text)
    mpu_configure_fifo                       0x08000d7d   Thumb Code   106  inv_mpu.o(.text)
    mpu_set_lpf                              0x08000de7   Thumb Code   126  inv_mpu.o(.text)
    mpu_lp_accel_mode                        0x08000e65   Thumb Code   218  inv_mpu.o(.text)
    mpu_set_sample_rate                      0x08000f3f   Thumb Code   152  inv_mpu.o(.text)
    mpu_set_accel_fsr                        0x08000fd7   Thumb Code   132  inv_mpu.o(.text)
    mpu_set_gyro_fsr                         0x0800105b   Thumb Code   132  inv_mpu.o(.text)
    mpu_init                                 0x080010df   Thumb Code   416  inv_mpu.o(.text)
    mget_ms                                  0x0800127f   Thumb Code     2  inv_mpu.o(.text)
    mpu_get_gyro_reg                         0x08001281   Thumb Code   110  inv_mpu.o(.text)
    mpu_get_accel_reg                        0x080012ef   Thumb Code   110  inv_mpu.o(.text)
    mpu_get_temperature                      0x0800135d   Thumb Code   150  inv_mpu.o(.text)
    mpu_set_accel_bias                       0x080013f3   Thumb Code   468  inv_mpu.o(.text)
    mpu_get_gyro_fsr                         0x080015c7   Thumb Code    64  inv_mpu.o(.text)
    mpu_get_accel_fsr                        0x08001607   Thumb Code    72  inv_mpu.o(.text)
    mpu_get_lpf                              0x0800164f   Thumb Code    74  inv_mpu.o(.text)
    mpu_get_sample_rate                      0x08001699   Thumb Code    26  inv_mpu.o(.text)
    mpu_get_compass_sample_rate              0x080016b3   Thumb Code    10  inv_mpu.o(.text)
    mpu_set_compass_sample_rate              0x080016bd   Thumb Code     8  inv_mpu.o(.text)
    mpu_get_gyro_sens                        0x080016c5   Thumb Code    58  inv_mpu.o(.text)
    mpu_get_accel_sens                       0x080016ff   Thumb Code    78  inv_mpu.o(.text)
    mpu_get_fifo_config                      0x0800174d   Thumb Code    12  inv_mpu.o(.text)
    mpu_get_power_state                      0x08001759   Thumb Code    22  inv_mpu.o(.text)
    mpu_get_int_status                       0x0800176f   Thumb Code    64  inv_mpu.o(.text)
    mpu_read_fifo                            0x080017af   Thumb Code   520  inv_mpu.o(.text)
    mpu_read_fifo_stream                     0x080019b7   Thumb Code   186  inv_mpu.o(.text)
    mpu_set_int_level                        0x08001a71   Thumb Code    12  inv_mpu.o(.text)
    mpu_set_dmp_state                        0x0800214f   Thumb Code   138  inv_mpu.o(.text)
    mpu_run_self_test                        0x080021d9   Thumb Code   278  inv_mpu.o(.text)
    mpu_write_mem                            0x080022ef   Thumb Code   122  inv_mpu.o(.text)
    mpu_read_mem                             0x08002369   Thumb Code   122  inv_mpu.o(.text)
    mpu_load_firmware                        0x080023e3   Thumb Code   192  inv_mpu.o(.text)
    mpu_get_dmp_state                        0x080024a3   Thumb Code    14  inv_mpu.o(.text)
    setup_compass                            0x080024b1   Thumb Code     6  inv_mpu.o(.text)
    mpu_get_compass_reg                      0x080024b7   Thumb Code     8  inv_mpu.o(.text)
    mpu_get_compass_fsr                      0x080024bf   Thumb Code     8  inv_mpu.o(.text)
    mpu_lp_motion_interrupt                  0x080024c7   Thumb Code   512  inv_mpu.o(.text)
    run_self_test                            0x080026c7   Thumb Code   148  inv_mpu.o(.text)
    inv_row_2_scale                          0x0800275b   Thumb Code    78  inv_mpu.o(.text)
    inv_orientation_matrix_to_scalar         0x080027a9   Thumb Code    40  inv_mpu.o(.text)
    mpu_dmp_init                             0x080027d1   Thumb Code   154  inv_mpu.o(.text)
    mpu_dmp_get_data                         0x0800286b   Thumb Code   554  inv_mpu.o(.text)
    MPU_Write_Byte                           0x08002a99   Thumb Code    68  mpu6050.o(.text)
    MPU_Set_LPF                              0x08002add   Thumb Code    58  mpu6050.o(.text)
    MPU_Set_Rate                             0x08002b17   Thumb Code    58  mpu6050.o(.text)
    MPU_Read_Byte                            0x08002b51   Thumb Code    58  mpu6050.o(.text)
    MPU_Set_Accel_Fsr                        0x08002b8b   Thumb Code    16  mpu6050.o(.text)
    MPU_Set_Gyro_Fsr                         0x08002b9b   Thumb Code    16  mpu6050.o(.text)
    MPU_Init                                 0x08002bab   Thumb Code   132  mpu6050.o(.text)
    MPU_Read_Len                             0x08002c2f   Thumb Code   116  mpu6050.o(.text)
    MPU_Get_Temperature                      0x08002ca3   Thumb Code    86  mpu6050.o(.text)
    MPU_Get_Gyroscope                        0x08002cf9   Thumb Code    80  mpu6050.o(.text)
    MPU_Get_Accelerometer                    0x08002d49   Thumb Code    80  mpu6050.o(.text)
    Scale_Transform                          0x08002d99   Thumb Code    78  mpu6050.o(.text)
    MPU6050_GetAccel_Value                   0x08002de7   Thumb Code   132  mpu6050.o(.text)
    MPU_Write_Len                            0x08002e6b   Thumb Code    96  mpu6050.o(.text)
    dmp_load_motion_driver_firmware          0x08002ef5   Thumb Code    20  inv_mpu_dmp_motion_driver.o(.text)
    dmp_set_orientation                      0x08002f09   Thumb Code   290  inv_mpu_dmp_motion_driver.o(.text)
    dmp_set_gyro_bias                        0x0800302b   Thumb Code   294  inv_mpu_dmp_motion_driver.o(.text)
    dmp_set_accel_bias                       0x08003151   Thumb Code   300  inv_mpu_dmp_motion_driver.o(.text)
    dmp_set_fifo_rate                        0x0800327d   Thumb Code   136  inv_mpu_dmp_motion_driver.o(.text)
    dmp_get_fifo_rate                        0x08003305   Thumb Code    12  inv_mpu_dmp_motion_driver.o(.text)
    dmp_set_tap_thresh                       0x08003311   Thumb Code   396  inv_mpu_dmp_motion_driver.o(.text)
    dmp_set_tap_axes                         0x0800349d   Thumb Code    70  inv_mpu_dmp_motion_driver.o(.text)
    dmp_set_tap_count                        0x080034e3   Thumb Code    38  inv_mpu_dmp_motion_driver.o(.text)
    dmp_set_tap_time                         0x08003509   Thumb Code    38  inv_mpu_dmp_motion_driver.o(.text)
    dmp_set_tap_time_multi                   0x0800352f   Thumb Code    38  inv_mpu_dmp_motion_driver.o(.text)
    dmp_set_shake_reject_thresh              0x08003555   Thumb Code    56  inv_mpu_dmp_motion_driver.o(.text)
    dmp_set_shake_reject_time                0x0800358d   Thumb Code    38  inv_mpu_dmp_motion_driver.o(.text)
    dmp_set_shake_reject_timeout             0x080035b3   Thumb Code    38  inv_mpu_dmp_motion_driver.o(.text)
    dmp_get_pedometer_step_count             0x080035d9   Thumb Code    66  inv_mpu_dmp_motion_driver.o(.text)
    dmp_set_pedometer_step_count             0x0800361b   Thumb Code    42  inv_mpu_dmp_motion_driver.o(.text)
    dmp_get_pedometer_walk_time              0x08003645   Thumb Code    72  inv_mpu_dmp_motion_driver.o(.text)
    dmp_set_pedometer_walk_time              0x0800368d   Thumb Code    48  inv_mpu_dmp_motion_driver.o(.text)
    dmp_enable_6x_lp_quat                    0x080036bd   Thumb Code    84  inv_mpu_dmp_motion_driver.o(.text)
    dmp_enable_lp_quat                       0x08003711   Thumb Code    60  inv_mpu_dmp_motion_driver.o(.text)
    dmp_enable_gyro_cal                      0x0800374d   Thumb Code    62  inv_mpu_dmp_motion_driver.o(.text)
    dmp_enable_feature                       0x0800378b   Thumb Code   530  inv_mpu_dmp_motion_driver.o(.text)
    dmp_get_enabled_features                 0x0800399d   Thumb Code    12  inv_mpu_dmp_motion_driver.o(.text)
    dmp_set_interrupt_mode                   0x08003a07   Thumb Code    66  inv_mpu_dmp_motion_driver.o(.text)
    dmp_read_fifo                            0x08003a49   Thumb Code   514  inv_mpu_dmp_motion_driver.o(.text)
    dmp_register_tap_cb                      0x08003c4b   Thumb Code    10  inv_mpu_dmp_motion_driver.o(.text)
    dmp_register_android_orient_cb           0x08003c55   Thumb Code    10  inv_mpu_dmp_motion_driver.o(.text)
    OLED_I2C_Init                            0x08003c65   Thumb Code    76  oled.o(.text)
    IIC_delay                                0x08003cb1   Thumb Code    16  oled.o(.text)
    OLED_I2C_Start                           0x08003cc1   Thumb Code    48  oled.o(.text)
    I2C_WaitAck                              0x08003cf1   Thumb Code    48  oled.o(.text)
    OLED_I2C_Stop                            0x08003d21   Thumb Code    36  oled.o(.text)
    OLED_I2C_SendByte                        0x08003d45   Thumb Code    80  oled.o(.text)
    OLED_WriteCommand                        0x08003d95   Thumb Code    32  oled.o(.text)
    OLED_WriteData                           0x08003db5   Thumb Code    32  oled.o(.text)
    OLED_SetCursor                           0x08003dd5   Thumb Code    34  oled.o(.text)
    OLED_Clear                               0x08003df7   Thumb Code    42  oled.o(.text)
    OLED_ShowChar                            0x08003e21   Thumb Code   110  oled.o(.text)
    OLED_ShowString                          0x08003e8f   Thumb Code    64  oled.o(.text)
    OLED_Pow                                 0x08003ecf   Thumb Code    20  oled.o(.text)
    OLED_ShowNum                             0x08003ee3   Thumb Code    68  oled.o(.text)
    OLED_ShowSignedNum                       0x08003f27   Thumb Code   102  oled.o(.text)
    OLED_ShowHexNum                          0x08003f8d   Thumb Code    84  oled.o(.text)
    OLED_ShowBinNum                          0x08003fe1   Thumb Code    62  oled.o(.text)
    OLED_Init                                0x0800401f   Thumb Code   184  oled.o(.text)
    OLED_Refresh                             0x080040d7   Thumb Code    94  oled.o(.text)
    MiniBalance_Motor_Init                   0x08004139   Thumb Code    40  motor.o(.text)
    MiniBalance_PWM_Init                     0x08004161   Thumb Code   184  motor.o(.text)
    myabs                                    0x08004219   Thumb Code    14  motor.o(.text)
    Set_Pwm                                  0x08004227   Thumb Code   138  motor.o(.text)
    Xianfu_Pwm                               0x080042b1   Thumb Code    90  motor.o(.text)
    Motor_Error_Function                     0x0800430b   Thumb Code    28  motor.o(.text)
    Encoder_Init_TIM2                        0x08004341   Thumb Code   146  encoder.o(.text)
    Encoder_Init_TIM4                        0x080043d3   Thumb Code   138  encoder.o(.text)
    Read_Encoder                             0x0800445d   Thumb Code    56  encoder.o(.text)
    TIM4_IRQHandler                          0x08004495   Thumb Code    24  encoder.o(.text)
    TIM2_IRQHandler                          0x080044ad   Thumb Code    24  encoder.o(.text)
    Turn_PID_Control                         0x080044d1   Thumb Code   308  pid.o(.text)
    Inc_PID_Control                          0x08004605   Thumb Code   212  pid.o(.text)
    Position_PID_Control                     0x080046d9   Thumb Code   276  pid.o(.text)
    Motor_Velocity_Set                       0x080047ed   Thumb Code    16  pid.o(.text)
    bluetooth_packet_init                    0x08004835   Thumb Code    18  bluetooth.o(.text)
    bluetooth_uart_init                      0x08004847   Thumb Code   172  bluetooth.o(.text)
    Get_packet_date                          0x080048f3   Thumb Code    80  bluetooth.o(.text)
    USART1_IRQHandler                        0x08004943   Thumb Code   184  bluetooth.o(.text)
    blutooth_control                         0x080049fb   Thumb Code    18  bluetooth.o(.text)
    openmv_usart_init                        0x08004a61   Thumb Code   212  open_mv_usart.o(.text)
    Pow_invert                               0x08004b35   Thumb Code    40  open_mv_usart.o(.text)
    Get_vofa_date_to_pid                     0x08004b5d   Thumb Code   152  open_mv_usart.o(.text)
    Get_error_form_openmv                    0x08004bf5   Thumb Code     2  open_mv_usart.o(.text)
    DMA1_Channel6_IRQHandler                 0x08004bf7   Thumb Code    58  open_mv_usart.o(.text)
    USART2_IRQHandler                        0x08004c31   Thumb Code     2  open_mv_usart.o(.text)
    Usart_SendByte                           0x08004c33   Thumb Code    30  open_mv_usart.o(.text)
    Usart_SendArray                          0x08004c51   Thumb Code    48  open_mv_usart.o(.text)
    Usart_SendString                         0x08004c81   Thumb Code    42  open_mv_usart.o(.text)
    Usart_SendHalfWord                       0x08004cab   Thumb Code    64  open_mv_usart.o(.text)
    fputc                                    0x08004ceb   Thumb Code    36  open_mv_usart.o(.text)
    fgetc                                    0x08004d0f   Thumb Code    30  open_mv_usart.o(.text)
    PID_Date_Init                            0x08004d45   Thumb Code    60  date.o(.text)
    Motor_Date_Init                          0x08004d81   Thumb Code    14  date.o(.text)
    Dynamic_PID_Control                      0x08004d8f   Thumb Code     2  date.o(.text)
    Init_Display                             0x08004dbd   Thumb Code   106  debug.o(.text)
    Debug_Display                            0x08004e27   Thumb Code   154  debug.o(.text)
    FSM_Function0                            0x08004f25   Thumb Code     8  schedule.o(.text)
    FSM_Function1                            0x08004f2d   Thumb Code     8  schedule.o(.text)
    FSM_Function2                            0x08004f35   Thumb Code     2  schedule.o(.text)
    FSM_Init                                 0x08004f37   Thumb Code    30  schedule.o(.text)
    FSM_Schedule                             0x08004f55   Thumb Code    60  schedule.o(.text)
    TIM3_Config                              0x08004f91   Thumb Code   104  schedule.o(.text)
    TIM1_Config                              0x08004ff9   Thumb Code   104  schedule.o(.text)
    TIM3_IRQHandler                          0x08005061   Thumb Code   470  schedule.o(.text)
    TIM1_IRQHandler                          0x08005237   Thumb Code   198  schedule.o(.text)
    delay_init                               0x08005365   Thumb Code    50  delay.o(.text)
    delay_us                                 0x08005397   Thumb Code    72  delay.o(.text)
    delay_ms                                 0x080053df   Thumb Code    72  delay.o(.text)
    _sys_exit                                0x08005439   Thumb Code     6  usart.o(.text)
    DeBug_Init                               0x0800543f   Thumb Code   160  usart.o(.text)
    USART3_IRQHandler                        0x080054df   Thumb Code   122  usart.o(.text)
    Reset_Handler                            0x08005569   Thumb Code     8  startup_stm32f10x_hd.o(.text)
    ADC1_2_IRQHandler                        0x08005583   Thumb Code     0  startup_stm32f10x_hd.o(.text)
    ADC3_IRQHandler                          0x08005583   Thumb Code     0  startup_stm32f10x_hd.o(.text)
    CAN1_RX1_IRQHandler                      0x08005583   Thumb Code     0  startup_stm32f10x_hd.o(.text)
    CAN1_SCE_IRQHandler                      0x08005583   Thumb Code     0  startup_stm32f10x_hd.o(.text)
    DMA1_Channel1_IRQHandler                 0x08005583   Thumb Code     0  startup_stm32f10x_hd.o(.text)
    DMA1_Channel2_IRQHandler                 0x08005583   Thumb Code     0  startup_stm32f10x_hd.o(.text)
    DMA1_Channel3_IRQHandler                 0x08005583   Thumb Code     0  startup_stm32f10x_hd.o(.text)
    DMA1_Channel4_IRQHandler                 0x08005583   Thumb Code     0  startup_stm32f10x_hd.o(.text)
    DMA1_Channel5_IRQHandler                 0x08005583   Thumb Code     0  startup_stm32f10x_hd.o(.text)
    DMA1_Channel7_IRQHandler                 0x08005583   Thumb Code     0  startup_stm32f10x_hd.o(.text)
    DMA2_Channel1_IRQHandler                 0x08005583   Thumb Code     0  startup_stm32f10x_hd.o(.text)
    DMA2_Channel2_IRQHandler                 0x08005583   Thumb Code     0  startup_stm32f10x_hd.o(.text)
    DMA2_Channel3_IRQHandler                 0x08005583   Thumb Code     0  startup_stm32f10x_hd.o(.text)
    DMA2_Channel4_5_IRQHandler               0x08005583   Thumb Code     0  startup_stm32f10x_hd.o(.text)
    EXTI0_IRQHandler                         0x08005583   Thumb Code     0  startup_stm32f10x_hd.o(.text)
    EXTI15_10_IRQHandler                     0x08005583   Thumb Code     0  startup_stm32f10x_hd.o(.text)
    EXTI1_IRQHandler                         0x08005583   Thumb Code     0  startup_stm32f10x_hd.o(.text)
    EXTI2_IRQHandler                         0x08005583   Thumb Code     0  startup_stm32f10x_hd.o(.text)
    EXTI3_IRQHandler                         0x08005583   Thumb Code     0  startup_stm32f10x_hd.o(.text)
    FLASH_IRQHandler                         0x08005583   Thumb Code     0  startup_stm32f10x_hd.o(.text)
    FSMC_IRQHandler                          0x08005583   Thumb Code     0  startup_stm32f10x_hd.o(.text)
    I2C1_ER_IRQHandler                       0x08005583   Thumb Code     0  startup_stm32f10x_hd.o(.text)
    I2C1_EV_IRQHandler                       0x08005583   Thumb Code     0  startup_stm32f10x_hd.o(.text)
    I2C2_ER_IRQHandler                       0x08005583   Thumb Code     0  startup_stm32f10x_hd.o(.text)
    I2C2_EV_IRQHandler                       0x08005583   Thumb Code     0  startup_stm32f10x_hd.o(.text)
    PVD_IRQHandler                           0x08005583   Thumb Code     0  startup_stm32f10x_hd.o(.text)
    RCC_IRQHandler                           0x08005583   Thumb Code     0  startup_stm32f10x_hd.o(.text)
    RTCAlarm_IRQHandler                      0x08005583   Thumb Code     0  startup_stm32f10x_hd.o(.text)
    RTC_IRQHandler                           0x08005583   Thumb Code     0  startup_stm32f10x_hd.o(.text)
    SDIO_IRQHandler                          0x08005583   Thumb Code     0  startup_stm32f10x_hd.o(.text)
    SPI1_IRQHandler                          0x08005583   Thumb Code     0  startup_stm32f10x_hd.o(.text)
    SPI2_IRQHandler                          0x08005583   Thumb Code     0  startup_stm32f10x_hd.o(.text)
    SPI3_IRQHandler                          0x08005583   Thumb Code     0  startup_stm32f10x_hd.o(.text)
    TAMPER_IRQHandler                        0x08005583   Thumb Code     0  startup_stm32f10x_hd.o(.text)
    TIM1_BRK_IRQHandler                      0x08005583   Thumb Code     0  startup_stm32f10x_hd.o(.text)
    TIM1_CC_IRQHandler                       0x08005583   Thumb Code     0  startup_stm32f10x_hd.o(.text)
    TIM1_TRG_COM_IRQHandler                  0x08005583   Thumb Code     0  startup_stm32f10x_hd.o(.text)
    TIM1_UP_IRQHandler                       0x08005583   Thumb Code     0  startup_stm32f10x_hd.o(.text)
    TIM5_IRQHandler                          0x08005583   Thumb Code     0  startup_stm32f10x_hd.o(.text)
    TIM6_IRQHandler                          0x08005583   Thumb Code     0  startup_stm32f10x_hd.o(.text)
    TIM7_IRQHandler                          0x08005583   Thumb Code     0  startup_stm32f10x_hd.o(.text)
    TIM8_BRK_IRQHandler                      0x08005583   Thumb Code     0  startup_stm32f10x_hd.o(.text)
    TIM8_CC_IRQHandler                       0x08005583   Thumb Code     0  startup_stm32f10x_hd.o(.text)
    TIM8_TRG_COM_IRQHandler                  0x08005583   Thumb Code     0  startup_stm32f10x_hd.o(.text)
    TIM8_UP_IRQHandler                       0x08005583   Thumb Code     0  startup_stm32f10x_hd.o(.text)
    UART4_IRQHandler                         0x08005583   Thumb Code     0  startup_stm32f10x_hd.o(.text)
    UART5_IRQHandler                         0x08005583   Thumb Code     0  startup_stm32f10x_hd.o(.text)
    USBWakeUp_IRQHandler                     0x08005583   Thumb Code     0  startup_stm32f10x_hd.o(.text)
    USB_HP_CAN1_TX_IRQHandler                0x08005583   Thumb Code     0  startup_stm32f10x_hd.o(.text)
    USB_LP_CAN1_RX0_IRQHandler               0x08005583   Thumb Code     0  startup_stm32f10x_hd.o(.text)
    WWDG_IRQHandler                          0x08005583   Thumb Code     0  startup_stm32f10x_hd.o(.text)
    GPIO_DeInit                              0x0800558d   Thumb Code   172  stm32f10x_gpio.o(.text)
    GPIO_AFIODeInit                          0x08005639   Thumb Code    20  stm32f10x_gpio.o(.text)
    GPIO_Init                                0x0800564d   Thumb Code   278  stm32f10x_gpio.o(.text)
    GPIO_StructInit                          0x08005763   Thumb Code    16  stm32f10x_gpio.o(.text)
    GPIO_ReadInputDataBit                    0x08005773   Thumb Code    18  stm32f10x_gpio.o(.text)
    GPIO_ReadInputData                       0x08005785   Thumb Code     8  stm32f10x_gpio.o(.text)
    GPIO_ReadOutputDataBit                   0x0800578d   Thumb Code    18  stm32f10x_gpio.o(.text)
    GPIO_ReadOutputData                      0x0800579f   Thumb Code     8  stm32f10x_gpio.o(.text)
    GPIO_SetBits                             0x080057a7   Thumb Code     4  stm32f10x_gpio.o(.text)
    GPIO_ResetBits                           0x080057ab   Thumb Code     4  stm32f10x_gpio.o(.text)
    GPIO_WriteBit                            0x080057af   Thumb Code    10  stm32f10x_gpio.o(.text)
    GPIO_Write                               0x080057b9   Thumb Code     4  stm32f10x_gpio.o(.text)
    GPIO_PinLockConfig                       0x080057bd   Thumb Code    18  stm32f10x_gpio.o(.text)
    GPIO_EventOutputConfig                   0x080057cf   Thumb Code    26  stm32f10x_gpio.o(.text)
    GPIO_EventOutputCmd                      0x080057e9   Thumb Code     6  stm32f10x_gpio.o(.text)
    GPIO_PinRemapConfig                      0x080057ef   Thumb Code   138  stm32f10x_gpio.o(.text)
    GPIO_EXTILineConfig                      0x08005879   Thumb Code    66  stm32f10x_gpio.o(.text)
    GPIO_ETH_MediaInterfaceConfig            0x080058bb   Thumb Code     8  stm32f10x_gpio.o(.text)
    RCC_DeInit                               0x080058e9   Thumb Code    64  stm32f10x_rcc.o(.text)
    RCC_HSEConfig                            0x08005929   Thumb Code    70  stm32f10x_rcc.o(.text)
    RCC_GetFlagStatus                        0x0800596f   Thumb Code    56  stm32f10x_rcc.o(.text)
    RCC_WaitForHSEStartUp                    0x080059a7   Thumb Code    56  stm32f10x_rcc.o(.text)
    RCC_AdjustHSICalibrationValue            0x080059df   Thumb Code    20  stm32f10x_rcc.o(.text)
    RCC_HSICmd                               0x080059f3   Thumb Code     6  stm32f10x_rcc.o(.text)
    RCC_PLLConfig                            0x080059f9   Thumb Code    24  stm32f10x_rcc.o(.text)
    RCC_PLLCmd                               0x08005a11   Thumb Code     6  stm32f10x_rcc.o(.text)
    RCC_SYSCLKConfig                         0x08005a17   Thumb Code    18  stm32f10x_rcc.o(.text)
    RCC_GetSYSCLKSource                      0x08005a29   Thumb Code    10  stm32f10x_rcc.o(.text)
    RCC_HCLKConfig                           0x08005a33   Thumb Code    18  stm32f10x_rcc.o(.text)
    RCC_PCLK1Config                          0x08005a45   Thumb Code    18  stm32f10x_rcc.o(.text)
    RCC_PCLK2Config                          0x08005a57   Thumb Code    20  stm32f10x_rcc.o(.text)
    RCC_ITConfig                             0x08005a6b   Thumb Code    26  stm32f10x_rcc.o(.text)
    RCC_USBCLKConfig                         0x08005a85   Thumb Code     8  stm32f10x_rcc.o(.text)
    RCC_ADCCLKConfig                         0x08005a8d   Thumb Code    18  stm32f10x_rcc.o(.text)
    RCC_LSEConfig                            0x08005a9f   Thumb Code    50  stm32f10x_rcc.o(.text)
    RCC_LSICmd                               0x08005ad1   Thumb Code     6  stm32f10x_rcc.o(.text)
    RCC_RTCCLKConfig                         0x08005ad7   Thumb Code    12  stm32f10x_rcc.o(.text)
    RCC_RTCCLKCmd                            0x08005ae3   Thumb Code     8  stm32f10x_rcc.o(.text)
    RCC_GetClocksFreq                        0x08005aeb   Thumb Code   192  stm32f10x_rcc.o(.text)
    RCC_AHBPeriphClockCmd                    0x08005bab   Thumb Code    26  stm32f10x_rcc.o(.text)
    RCC_APB2PeriphClockCmd                   0x08005bc5   Thumb Code    26  stm32f10x_rcc.o(.text)
    RCC_APB1PeriphClockCmd                   0x08005bdf   Thumb Code    26  stm32f10x_rcc.o(.text)
    RCC_APB2PeriphResetCmd                   0x08005bf9   Thumb Code    26  stm32f10x_rcc.o(.text)
    RCC_APB1PeriphResetCmd                   0x08005c13   Thumb Code    26  stm32f10x_rcc.o(.text)
    RCC_BackupResetCmd                       0x08005c2d   Thumb Code     8  stm32f10x_rcc.o(.text)
    RCC_ClockSecuritySystemCmd               0x08005c35   Thumb Code     6  stm32f10x_rcc.o(.text)
    RCC_MCOConfig                            0x08005c3b   Thumb Code     6  stm32f10x_rcc.o(.text)
    RCC_ClearFlag                            0x08005c41   Thumb Code    14  stm32f10x_rcc.o(.text)
    RCC_GetITStatus                          0x08005c4f   Thumb Code    20  stm32f10x_rcc.o(.text)
    RCC_ClearITPendingBit                    0x08005c63   Thumb Code     6  stm32f10x_rcc.o(.text)
    USART_DeInit                             0x08005c8d   Thumb Code   134  stm32f10x_usart.o(.text)
    USART_Init                               0x08005d13   Thumb Code   210  stm32f10x_usart.o(.text)
    USART_StructInit                         0x08005de5   Thumb Code    24  stm32f10x_usart.o(.text)
    USART_ClockInit                          0x08005dfd   Thumb Code    34  stm32f10x_usart.o(.text)
    USART_ClockStructInit                    0x08005e1f   Thumb Code    12  stm32f10x_usart.o(.text)
    USART_Cmd                                0x08005e2b   Thumb Code    24  stm32f10x_usart.o(.text)
    USART_ITConfig                           0x08005e43   Thumb Code    74  stm32f10x_usart.o(.text)
    USART_DMACmd                             0x08005e8d   Thumb Code    18  stm32f10x_usart.o(.text)
    USART_SetAddress                         0x08005e9f   Thumb Code    18  stm32f10x_usart.o(.text)
    USART_WakeUpConfig                       0x08005eb1   Thumb Code    18  stm32f10x_usart.o(.text)
    USART_ReceiverWakeUpCmd                  0x08005ec3   Thumb Code    24  stm32f10x_usart.o(.text)
    USART_LINBreakDetectLengthConfig         0x08005edb   Thumb Code    18  stm32f10x_usart.o(.text)
    USART_LINCmd                             0x08005eed   Thumb Code    24  stm32f10x_usart.o(.text)
    USART_SendData                           0x08005f05   Thumb Code     8  stm32f10x_usart.o(.text)
    USART_ReceiveData                        0x08005f0d   Thumb Code    10  stm32f10x_usart.o(.text)
    USART_SendBreak                          0x08005f17   Thumb Code    10  stm32f10x_usart.o(.text)
    USART_SetGuardTime                       0x08005f21   Thumb Code    16  stm32f10x_usart.o(.text)
    USART_SetPrescaler                       0x08005f31   Thumb Code    16  stm32f10x_usart.o(.text)
    USART_SmartCardCmd                       0x08005f41   Thumb Code    24  stm32f10x_usart.o(.text)
    USART_SmartCardNACKCmd                   0x08005f59   Thumb Code    24  stm32f10x_usart.o(.text)
    USART_HalfDuplexCmd                      0x08005f71   Thumb Code    24  stm32f10x_usart.o(.text)
    USART_OverSampling8Cmd                   0x08005f89   Thumb Code    22  stm32f10x_usart.o(.text)
    USART_OneBitMethodCmd                    0x08005f9f   Thumb Code    24  stm32f10x_usart.o(.text)
    USART_IrDAConfig                         0x08005fb7   Thumb Code    18  stm32f10x_usart.o(.text)
    USART_IrDACmd                            0x08005fc9   Thumb Code    24  stm32f10x_usart.o(.text)
    USART_GetFlagStatus                      0x08005fe1   Thumb Code    26  stm32f10x_usart.o(.text)
    USART_ClearFlag                          0x08005ffb   Thumb Code    18  stm32f10x_usart.o(.text)
    USART_GetITStatus                        0x0800600d   Thumb Code    84  stm32f10x_usart.o(.text)
    USART_ClearITPendingBit                  0x08006061   Thumb Code    52  stm32f10x_usart.o(.text)
    NVIC_PriorityGroupConfig                 0x08006095   Thumb Code    10  misc.o(.text)
    NVIC_Init                                0x0800609f   Thumb Code   100  misc.o(.text)
    NVIC_SetVectorTable                      0x08006103   Thumb Code    14  misc.o(.text)
    NVIC_SystemLPConfig                      0x08006111   Thumb Code    34  misc.o(.text)
    SysTick_CLKSourceConfig                  0x08006133   Thumb Code    40  misc.o(.text)
    TIM_DeInit                               0x08006171   Thumb Code   424  stm32f10x_tim.o(.text)
    TIM_TimeBaseInit                         0x08006319   Thumb Code   122  stm32f10x_tim.o(.text)
    TIM_OC1Init                              0x08006393   Thumb Code   132  stm32f10x_tim.o(.text)
    TIM_OC2Init                              0x08006417   Thumb Code   154  stm32f10x_tim.o(.text)
    TIM_OC3Init                              0x080064b1   Thumb Code   150  stm32f10x_tim.o(.text)
    TIM_OC4Init                              0x08006547   Thumb Code   182  stm32f10x_tim.o(.text)
    TIM_SetIC4Prescaler                      0x080065fd   Thumb Code    26  stm32f10x_tim.o(.text)
    TIM_SetIC3Prescaler                      0x08006699   Thumb Code    18  stm32f10x_tim.o(.text)
    TIM_SetIC2Prescaler                      0x08006725   Thumb Code    26  stm32f10x_tim.o(.text)
    TIM_SetIC1Prescaler                      0x080067c1   Thumb Code    18  stm32f10x_tim.o(.text)
    TIM_ICInit                               0x0800683f   Thumb Code   150  stm32f10x_tim.o(.text)
    TIM_PWMIConfig                           0x080068d5   Thumb Code   124  stm32f10x_tim.o(.text)
    TIM_BDTRConfig                           0x08006951   Thumb Code    32  stm32f10x_tim.o(.text)
    TIM_TimeBaseStructInit                   0x08006971   Thumb Code    18  stm32f10x_tim.o(.text)
    TIM_OCStructInit                         0x08006983   Thumb Code    20  stm32f10x_tim.o(.text)
    TIM_ICStructInit                         0x08006997   Thumb Code    18  stm32f10x_tim.o(.text)
    TIM_BDTRStructInit                       0x080069a9   Thumb Code    40  stm32f10x_tim.o(.text)
    TIM_Cmd                                  0x080069d1   Thumb Code    24  stm32f10x_tim.o(.text)
    TIM_CtrlPWMOutputs                       0x080069e9   Thumb Code    30  stm32f10x_tim.o(.text)
    TIM_ITConfig                             0x08006a07   Thumb Code    18  stm32f10x_tim.o(.text)
    TIM_GenerateEvent                        0x08006a19   Thumb Code     4  stm32f10x_tim.o(.text)
    TIM_DMAConfig                            0x08006a1d   Thumb Code    10  stm32f10x_tim.o(.text)
    TIM_DMACmd                               0x08006a27   Thumb Code    18  stm32f10x_tim.o(.text)
    TIM_InternalClockConfig                  0x08006a39   Thumb Code    12  stm32f10x_tim.o(.text)
    TIM_SelectInputTrigger                   0x08006a45   Thumb Code    18  stm32f10x_tim.o(.text)
    TIM_ITRxExternalClockConfig              0x08006a57   Thumb Code    24  stm32f10x_tim.o(.text)
    TIM_TIxExternalClockConfig               0x08006a6f   Thumb Code    62  stm32f10x_tim.o(.text)
    TIM_ETRConfig                            0x08006aad   Thumb Code    28  stm32f10x_tim.o(.text)
    TIM_ETRClockMode1Config                  0x08006ac9   Thumb Code    54  stm32f10x_tim.o(.text)
    TIM_ETRClockMode2Config                  0x08006aff   Thumb Code    32  stm32f10x_tim.o(.text)
    TIM_PrescalerConfig                      0x08006b1f   Thumb Code     6  stm32f10x_tim.o(.text)
    TIM_CounterModeConfig                    0x08006b25   Thumb Code    18  stm32f10x_tim.o(.text)
    TIM_EncoderInterfaceConfig               0x08006b37   Thumb Code    66  stm32f10x_tim.o(.text)
    TIM_ForcedOC1Config                      0x08006b79   Thumb Code    18  stm32f10x_tim.o(.text)
    TIM_ForcedOC2Config                      0x08006b8b   Thumb Code    26  stm32f10x_tim.o(.text)
    TIM_ForcedOC3Config                      0x08006ba5   Thumb Code    18  stm32f10x_tim.o(.text)
    TIM_ForcedOC4Config                      0x08006bb7   Thumb Code    26  stm32f10x_tim.o(.text)
    TIM_ARRPreloadConfig                     0x08006bd1   Thumb Code    24  stm32f10x_tim.o(.text)
    TIM_SelectCOM                            0x08006be9   Thumb Code    24  stm32f10x_tim.o(.text)
    TIM_SelectCCDMA                          0x08006c01   Thumb Code    24  stm32f10x_tim.o(.text)
    TIM_CCPreloadControl                     0x08006c19   Thumb Code    24  stm32f10x_tim.o(.text)
    TIM_OC1PreloadConfig                     0x08006c31   Thumb Code    18  stm32f10x_tim.o(.text)
    TIM_OC2PreloadConfig                     0x08006c43   Thumb Code    26  stm32f10x_tim.o(.text)
    TIM_OC3PreloadConfig                     0x08006c5d   Thumb Code    18  stm32f10x_tim.o(.text)
    TIM_OC4PreloadConfig                     0x08006c6f   Thumb Code    26  stm32f10x_tim.o(.text)
    TIM_OC1FastConfig                        0x08006c89   Thumb Code    18  stm32f10x_tim.o(.text)
    TIM_OC2FastConfig                        0x08006c9b   Thumb Code    26  stm32f10x_tim.o(.text)
    TIM_OC3FastConfig                        0x08006cb5   Thumb Code    18  stm32f10x_tim.o(.text)
    TIM_OC4FastConfig                        0x08006cc7   Thumb Code    26  stm32f10x_tim.o(.text)
    TIM_ClearOC1Ref                          0x08006ce1   Thumb Code    18  stm32f10x_tim.o(.text)
    TIM_ClearOC2Ref                          0x08006cf3   Thumb Code    24  stm32f10x_tim.o(.text)
    TIM_ClearOC3Ref                          0x08006d0b   Thumb Code    18  stm32f10x_tim.o(.text)
    TIM_ClearOC4Ref                          0x08006d1d   Thumb Code    24  stm32f10x_tim.o(.text)
    TIM_OC1PolarityConfig                    0x08006d35   Thumb Code    18  stm32f10x_tim.o(.text)
    TIM_OC1NPolarityConfig                   0x08006d47   Thumb Code    18  stm32f10x_tim.o(.text)
    TIM_OC2PolarityConfig                    0x08006d59   Thumb Code    26  stm32f10x_tim.o(.text)
    TIM_OC2NPolarityConfig                   0x08006d73   Thumb Code    26  stm32f10x_tim.o(.text)
    TIM_OC3PolarityConfig                    0x08006d8d   Thumb Code    26  stm32f10x_tim.o(.text)
    TIM_OC3NPolarityConfig                   0x08006da7   Thumb Code    26  stm32f10x_tim.o(.text)
    TIM_OC4PolarityConfig                    0x08006dc1   Thumb Code    26  stm32f10x_tim.o(.text)
    TIM_CCxCmd                               0x08006ddb   Thumb Code    30  stm32f10x_tim.o(.text)
    TIM_CCxNCmd                              0x08006df9   Thumb Code    30  stm32f10x_tim.o(.text)
    TIM_SelectOCxM                           0x08006e17   Thumb Code    82  stm32f10x_tim.o(.text)
    TIM_UpdateDisableConfig                  0x08006e69   Thumb Code    24  stm32f10x_tim.o(.text)
    TIM_UpdateRequestConfig                  0x08006e81   Thumb Code    24  stm32f10x_tim.o(.text)
    TIM_SelectHallSensor                     0x08006e99   Thumb Code    24  stm32f10x_tim.o(.text)
    TIM_SelectOnePulseMode                   0x08006eb1   Thumb Code    18  stm32f10x_tim.o(.text)
    TIM_SelectOutputTrigger                  0x08006ec3   Thumb Code    18  stm32f10x_tim.o(.text)
    TIM_SelectSlaveMode                      0x08006ed5   Thumb Code    18  stm32f10x_tim.o(.text)
    TIM_SelectMasterSlaveMode                0x08006ee7   Thumb Code    18  stm32f10x_tim.o(.text)
    TIM_SetCounter                           0x08006ef9   Thumb Code     4  stm32f10x_tim.o(.text)
    TIM_SetAutoreload                        0x08006efd   Thumb Code     4  stm32f10x_tim.o(.text)
    TIM_SetCompare1                          0x08006f01   Thumb Code     4  stm32f10x_tim.o(.text)
    TIM_SetCompare2                          0x08006f05   Thumb Code     4  stm32f10x_tim.o(.text)
    TIM_SetCompare3                          0x08006f09   Thumb Code     4  stm32f10x_tim.o(.text)
    TIM_SetCompare4                          0x08006f0d   Thumb Code     6  stm32f10x_tim.o(.text)
    TIM_SetClockDivision                     0x08006f13   Thumb Code    18  stm32f10x_tim.o(.text)
    TIM_GetCapture1                          0x08006f25   Thumb Code     6  stm32f10x_tim.o(.text)
    TIM_GetCapture2                          0x08006f2b   Thumb Code     6  stm32f10x_tim.o(.text)
    TIM_GetCapture3                          0x08006f31   Thumb Code     6  stm32f10x_tim.o(.text)
    TIM_GetCapture4                          0x08006f37   Thumb Code     8  stm32f10x_tim.o(.text)
    TIM_GetCounter                           0x08006f3f   Thumb Code     6  stm32f10x_tim.o(.text)
    TIM_GetPrescaler                         0x08006f45   Thumb Code     6  stm32f10x_tim.o(.text)
    TIM_GetFlagStatus                        0x08006f4b   Thumb Code    18  stm32f10x_tim.o(.text)
    TIM_ClearFlag                            0x08006f5d   Thumb Code     6  stm32f10x_tim.o(.text)
    TIM_GetITStatus                          0x08006f63   Thumb Code    34  stm32f10x_tim.o(.text)
    TIM_ClearITPendingBit                    0x08006f85   Thumb Code     6  stm32f10x_tim.o(.text)
    EXTI_DeInit                              0x08006f8d   Thumb Code    28  stm32f10x_exti.o(.text)
    EXTI_Init                                0x08006fa9   Thumb Code   142  stm32f10x_exti.o(.text)
    EXTI_StructInit                          0x08007037   Thumb Code    16  stm32f10x_exti.o(.text)
    EXTI_GenerateSWInterrupt                 0x08007047   Thumb Code    16  stm32f10x_exti.o(.text)
    EXTI_GetFlagStatus                       0x08007057   Thumb Code    22  stm32f10x_exti.o(.text)
    EXTI_ClearFlag                           0x0800706d   Thumb Code     8  stm32f10x_exti.o(.text)
    EXTI_GetITStatus                         0x08007075   Thumb Code    34  stm32f10x_exti.o(.text)
    EXTI_ClearITPendingBit                   0x08007097   Thumb Code     8  stm32f10x_exti.o(.text)
    DMA_DeInit                               0x080070a9   Thumb Code   324  stm32f10x_dma.o(.text)
    DMA_Init                                 0x080071ed   Thumb Code    60  stm32f10x_dma.o(.text)
    DMA_StructInit                           0x08007229   Thumb Code    26  stm32f10x_dma.o(.text)
    DMA_Cmd                                  0x08007243   Thumb Code    24  stm32f10x_dma.o(.text)
    DMA_ITConfig                             0x0800725b   Thumb Code    18  stm32f10x_dma.o(.text)
    DMA_SetCurrDataCounter                   0x0800726d   Thumb Code     4  stm32f10x_dma.o(.text)
    DMA_GetCurrDataCounter                   0x08007271   Thumb Code     8  stm32f10x_dma.o(.text)
    DMA_GetFlagStatus                        0x08007279   Thumb Code    40  stm32f10x_dma.o(.text)
    DMA_ClearFlag                            0x080072a1   Thumb Code    22  stm32f10x_dma.o(.text)
    DMA_GetITStatus                          0x080072b7   Thumb Code    40  stm32f10x_dma.o(.text)
    DMA_ClearITPendingBit                    0x080072df   Thumb Code    22  stm32f10x_dma.o(.text)
    __aeabi_ldivmod                          0x080072fd   Thumb Code    98  ldiv.o(.text)
    __aeabi_memset                           0x0800735f   Thumb Code    14  memseta.o(.text)
    __aeabi_memset4                          0x0800735f   Thumb Code     0  memseta.o(.text)
    __aeabi_memset8                          0x0800735f   Thumb Code     0  memseta.o(.text)
    __aeabi_memclr                           0x0800736d   Thumb Code     4  memseta.o(.text)
    __aeabi_memclr4                          0x0800736d   Thumb Code     0  memseta.o(.text)
    __aeabi_memclr8                          0x0800736d   Thumb Code     0  memseta.o(.text)
    _memset$wrapper                          0x08007371   Thumb Code    18  memseta.o(.text)
    memcmp                                   0x08007383   Thumb Code    26  memcmp.o(.text)
    __aeabi_fadd                             0x0800739d   Thumb Code   164  fadd.o(.text)
    __aeabi_fsub                             0x08007441   Thumb Code     6  fadd.o(.text)
    __aeabi_frsub                            0x08007447   Thumb Code     6  fadd.o(.text)
    __aeabi_fmul                             0x0800744d   Thumb Code   100  fmul.o(.text)
    __aeabi_fdiv                             0x080074b1   Thumb Code   124  fdiv.o(.text)
    __aeabi_dadd                             0x0800752d   Thumb Code   322  dadd.o(.text)
    __aeabi_dsub                             0x0800766f   Thumb Code     6  dadd.o(.text)
    __aeabi_drsub                            0x08007675   Thumb Code     6  dadd.o(.text)
    __aeabi_dmul                             0x0800767b   Thumb Code   228  dmul.o(.text)
    __aeabi_ddiv                             0x0800775f   Thumb Code   222  ddiv.o(.text)
    __aeabi_i2f                              0x0800783d   Thumb Code    18  fflti.o(.text)
    __aeabi_ui2f                             0x0800784f   Thumb Code    10  ffltui.o(.text)
    __aeabi_i2d                              0x08007859   Thumb Code    34  dflti.o(.text)
    __aeabi_f2iz                             0x0800787b   Thumb Code    50  ffixi.o(.text)
    __aeabi_f2uiz                            0x080078ad   Thumb Code    40  ffixui.o(.text)
    __aeabi_f2d                              0x080078d5   Thumb Code    38  f2d.o(.text)
    __aeabi_cdcmpeq                          0x080078fd   Thumb Code     0  cdcmple.o(.text)
    __aeabi_cdcmple                          0x080078fd   Thumb Code    48  cdcmple.o(.text)
    __aeabi_cdrcmple                         0x0800792d   Thumb Code    48  cdrcmple.o(.text)
    __aeabi_d2f                              0x0800795d   Thumb Code    56  d2f.o(.text)
    __aeabi_cfcmpeq                          0x08007995   Thumb Code     0  cfcmple.o(.text)
    __aeabi_cfcmple                          0x08007995   Thumb Code    20  cfcmple.o(.text)
    __aeabi_cfrcmple                         0x080079a9   Thumb Code    20  cfrcmple.o(.text)
    __aeabi_uidiv                            0x080079bd   Thumb Code     0  uidiv.o(.text)
    __aeabi_uidivmod                         0x080079bd   Thumb Code    44  uidiv.o(.text)
    __aeabi_uldivmod                         0x080079e9   Thumb Code    98  uldiv.o(.text)
    __aeabi_llsl                             0x08007a4b   Thumb Code    30  llshl.o(.text)
    _ll_shift_l                              0x08007a4b   Thumb Code     0  llshl.o(.text)
    __aeabi_lasr                             0x08007a69   Thumb Code    36  llsshr.o(.text)
    _ll_sshift_r                             0x08007a69   Thumb Code     0  llsshr.o(.text)
    __I$use$fp                               0x08007a8d   Thumb Code     0  iusefp.o(.text)
    _float_round                             0x08007a8d   Thumb Code    18  fepilogue.o(.text)
    _float_epilogue                          0x08007a9f   Thumb Code    92  fepilogue.o(.text)
    _double_round                            0x08007afb   Thumb Code    30  depilogue.o(.text)
    _double_epilogue                         0x08007b19   Thumb Code   156  depilogue.o(.text)
    __ARM_scalbn                             0x08007bb5   Thumb Code    46  dscalb.o(.text)
    scalbn                                   0x08007bb5   Thumb Code     0  dscalb.o(.text)
    __aeabi_d2ulz                            0x08007be3   Thumb Code    48  dfixul.o(.text)
    __scatterload                            0x08007c15   Thumb Code    28  init.o(.text)
    __scatterload_rt2                        0x08007c15   Thumb Code     0  init.o(.text)
    __aeabi_llsr                             0x08007c39   Thumb Code    32  llushr.o(.text)
    _ll_ushift_r                             0x08007c39   Thumb Code     0  llushr.o(.text)
    _dsqrt                                   0x08007c59   Thumb Code   162  dsqrt.o(.text)
    __0printf                                0x08007cfd   Thumb Code    22  printfa.o(i.__0printf)
    __1printf                                0x08007cfd   Thumb Code     0  printfa.o(i.__0printf)
    __2printf                                0x08007cfd   Thumb Code     0  printfa.o(i.__0printf)
    __c89printf                              0x08007cfd   Thumb Code     0  printfa.o(i.__0printf)
    printf                                   0x08007cfd   Thumb Code     0  printfa.o(i.__0printf)
    __0sprintf                               0x08007d1d   Thumb Code    34  printfa.o(i.__0sprintf)
    __1sprintf                               0x08007d1d   Thumb Code     0  printfa.o(i.__0sprintf)
    __2sprintf                               0x08007d1d   Thumb Code     0  printfa.o(i.__0sprintf)
    __c89sprintf                             0x08007d1d   Thumb Code     0  printfa.o(i.__0sprintf)
    sprintf                                  0x08007d1d   Thumb Code     0  printfa.o(i.__0sprintf)
    __ARM_fpclassify                         0x08007d45   Thumb Code    40  fpclassify.o(i.__ARM_fpclassify)
    __kernel_poly                            0x08007d6d   Thumb Code   170  poly.o(i.__kernel_poly)
    __mathlib_dbl_infnan                     0x08007e17   Thumb Code     6  dunder.o(i.__mathlib_dbl_infnan)
    __mathlib_dbl_infnan2                    0x08007e1d   Thumb Code     4  dunder.o(i.__mathlib_dbl_infnan2)
    __mathlib_dbl_invalid                    0x08007e21   Thumb Code    12  dunder.o(i.__mathlib_dbl_invalid)
    __mathlib_dbl_underflow                  0x08007e2d   Thumb Code    10  dunder.o(i.__mathlib_dbl_underflow)
    __scatterload_copy                       0x08007e3d   Thumb Code    14  handlers.o(i.__scatterload_copy)
    __scatterload_null                       0x08007e4b   Thumb Code     2  handlers.o(i.__scatterload_null)
    __scatterload_zeroinit                   0x08007e4d   Thumb Code    14  handlers.o(i.__scatterload_zeroinit)
    __set_errno                              0x08007e5d   Thumb Code     6  errno.o(i.__set_errno)
    asin                                     0x080086fd   Thumb Code   572  asin.o(i.asin)
    atan                                     0x0800896d   Thumb Code   474  atan.o(i.atan)
    atan2                                    0x08008b8d   Thumb Code   374  atan2.o(i.atan2)
    sqrt                                     0x08008d29   Thumb Code    76  sqrt.o(i.sqrt)
    reg                                      0x08008d74   Data          27  inv_mpu.o(.constdata)
    hw                                       0x08008d90   Data          12  inv_mpu.o(.constdata)
    test                                     0x08008d9c   Data          40  inv_mpu.o(.constdata)
    OLED_F8x16                               0x080099ba   Data        1520  oled.o(.constdata)
    __mathlib_zero                           0x0800a098   Data           8  qnan.o(.constdata)
    Region$$Table$$Base                      0x0800a0f0   Number         0  anon$$obj.o(Region$$Table)
    Region$$Table$$Limit                     0x0800a110   Number         0  anon$$obj.o(Region$$Table)
    SystemCoreClock                          0x20000000   Data           4  system_stm32f10x.o(.data)
    AHBPrescTable                            0x20000004   Data          16  system_stm32f10x.o(.data)
    Bluetooth_RxBuf                          0x2000004c   Data           5  bluetooth.o(.data)
    BUF_P1                                   0x20000054   Data           4  bluetooth.o(.data)
    usart_value                              0x20000058   Data           1  bluetooth.o(.data)
    __stdout                                 0x20000060   Data           4  usart.o(.data)
    USART_RX_STA                             0x20000064   Data           2  usart.o(.data)
    OLED_GRAM                                0x20000090   Data        1152  oled.o(.bss)
    Blance_motor                             0x20000510   Data          24  motor.o(.bss)
    Angle_loop                               0x20000528   Data          44  pid.o(.bss)
    Angle_speed_loop                         0x20000554   Data          44  pid.o(.bss)
    Turn_loop                                0x20000580   Data          44  pid.o(.bss)
    Motor_Velocity_loop                      0x200005ac   Data          40  pid.o(.bss)
    bluetooth_packet                         0x200005d4   Data          12  bluetooth.o(.bss)
    Openmv_usart_packet_buf                  0x200005e0   Data          10  open_mv_usart.o(.bss)
    vofa_packet                              0x200005ea   Data          17  open_mv_usart.o(.bss)
    oledBuf                                  0x200005fb   Data          50  debug.o(.bss)
    Active_FSM                               0x20000630   Data          16  schedule.o(.bss)
    mpu6050_date                             0x20000640   Data          20  schedule.o(.bss)
    USART_RX_BUF                             0x20000654   Data         200  usart.o(.bss)
    __initial_sp                             0x20000b20   Data           0  startup_stm32f10x_hd.o(STACK)



==============================================================================

Memory Map of the image

  Image Entry point : 0x08000131

  Load Region LR_IROM1 (Base: 0x08000000, Size: 0x0000a190, Max: 0x00010000, ABSOLUTE)

    Execution Region ER_IROM1 (Exec base: 0x08000000, Load base: 0x08000000, Size: 0x0000a110, Max: 0x00010000, ABSOLUTE)

    Exec Addr    Load Addr    Size         Type   Attr      Idx    E Section Name        Object

    0x08000000   0x08000000   0x00000130   Data   RO          548    RESET               startup_stm32f10x_hd.o
    0x08000130   0x08000130   0x00000000   Code   RO          657  * .ARM.Collect$$$$00000000  mc_w.l(entry.o)
    0x08000130   0x08000130   0x00000004   Code   RO          998    .ARM.Collect$$$$00000001  mc_w.l(entry2.o)
    0x08000134   0x08000134   0x00000004   Code   RO         1001    .ARM.Collect$$$$00000004  mc_w.l(entry5.o)
    0x08000138   0x08000138   0x00000000   Code   RO         1003    .ARM.Collect$$$$00000008  mc_w.l(entry7b.o)
    0x08000138   0x08000138   0x00000000   Code   RO         1005    .ARM.Collect$$$$0000000A  mc_w.l(entry8b.o)
    0x08000138   0x08000138   0x00000008   Code   RO         1006    .ARM.Collect$$$$0000000B  mc_w.l(entry9a.o)
    0x08000140   0x08000140   0x00000004   Code   RO         1013    .ARM.Collect$$$$0000000E  mc_w.l(entry12b.o)
    0x08000144   0x08000144   0x00000000   Code   RO         1008    .ARM.Collect$$$$0000000F  mc_w.l(entry10a.o)
    0x08000144   0x08000144   0x00000000   Code   RO         1010    .ARM.Collect$$$$00000011  mc_w.l(entry11a.o)
    0x08000144   0x08000144   0x00000004   Code   RO          999    .ARM.Collect$$$$00002712  mc_w.l(entry2.o)
    0x08000148   0x08000148   0x000000b8   Code   RO            1    .text               main.o
    0x08000200   0x08000200   0x0000001a   Code   RO          165    .text               stm32f10x_it.o
    0x0800021a   0x0800021a   0x00000002   PAD
    0x0800021c   0x0800021c   0x000001e0   Code   RO          206    .text               system_stm32f10x.o
    0x080003fc   0x080003fc   0x00000260   Code   RO          224    .text               mpuiic.o
    0x0800065c   0x0800065c   0x000001b0   Code   RO          236    .text               key.o
    0x0800080c   0x0800080c   0x0000228c   Code   RO          252    .text               inv_mpu.o
    0x08002a98   0x08002a98   0x0000045c   Code   RO          282    .text               mpu6050.o
    0x08002ef4   0x08002ef4   0x00000d70   Code   RO          295    .text               inv_mpu_dmp_motion_driver.o
    0x08003c64   0x08003c64   0x000004d4   Code   RO          320    .text               oled.o
    0x08004138   0x08004138   0x00000208   Code   RO          342    .text               motor.o
    0x08004340   0x08004340   0x00000190   Code   RO          360    .text               encoder.o
    0x080044d0   0x080044d0   0x00000364   Code   RO          372    .text               pid.o
    0x08004834   0x08004834   0x0000022c   Code   RO          390    .text               bluetooth.o
    0x08004a60   0x08004a60   0x000002e4   Code   RO          409    .text               open_mv_usart.o
    0x08004d44   0x08004d44   0x00000078   Code   RO          428    .text               date.o
    0x08004dbc   0x08004dbc   0x00000168   Code   RO          446    .text               debug.o
    0x08004f24   0x08004f24   0x00000440   Code   RO          461    .text               schedule.o
    0x08005364   0x08005364   0x000000d4   Code   RO          482    .text               delay.o
    0x08005438   0x08005438   0x00000130   Code   RO          513    .text               usart.o
    0x08005568   0x08005568   0x00000024   Code   RO          549    .text               startup_stm32f10x_hd.o
    0x0800558c   0x0800558c   0x0000035c   Code   RO          553    .text               stm32f10x_gpio.o
    0x080058e8   0x080058e8   0x000003a4   Code   RO          565    .text               stm32f10x_rcc.o
    0x08005c8c   0x08005c8c   0x00000408   Code   RO          579    .text               stm32f10x_usart.o
    0x08006094   0x08006094   0x000000dc   Code   RO          591    .text               misc.o
    0x08006170   0x08006170   0x00000e1a   Code   RO          603    .text               stm32f10x_tim.o
    0x08006f8a   0x08006f8a   0x00000002   PAD
    0x08006f8c   0x08006f8c   0x0000011c   Code   RO          615    .text               stm32f10x_exti.o
    0x080070a8   0x080070a8   0x00000254   Code   RO          627    .text               stm32f10x_dma.o
    0x080072fc   0x080072fc   0x00000062   Code   RO          660    .text               mc_w.l(ldiv.o)
    0x0800735e   0x0800735e   0x00000024   Code   RO          662    .text               mc_w.l(memseta.o)
    0x08007382   0x08007382   0x0000001a   Code   RO          664    .text               mc_w.l(memcmp.o)
    0x0800739c   0x0800739c   0x000000b0   Code   RO          927    .text               mf_w.l(fadd.o)
    0x0800744c   0x0800744c   0x00000064   Code   RO          929    .text               mf_w.l(fmul.o)
    0x080074b0   0x080074b0   0x0000007c   Code   RO          931    .text               mf_w.l(fdiv.o)
    0x0800752c   0x0800752c   0x0000014e   Code   RO          933    .text               mf_w.l(dadd.o)
    0x0800767a   0x0800767a   0x000000e4   Code   RO          935    .text               mf_w.l(dmul.o)
    0x0800775e   0x0800775e   0x000000de   Code   RO          937    .text               mf_w.l(ddiv.o)
    0x0800783c   0x0800783c   0x00000012   Code   RO          939    .text               mf_w.l(fflti.o)
    0x0800784e   0x0800784e   0x0000000a   Code   RO          941    .text               mf_w.l(ffltui.o)
    0x08007858   0x08007858   0x00000022   Code   RO          943    .text               mf_w.l(dflti.o)
    0x0800787a   0x0800787a   0x00000032   Code   RO          945    .text               mf_w.l(ffixi.o)
    0x080078ac   0x080078ac   0x00000028   Code   RO          947    .text               mf_w.l(ffixui.o)
    0x080078d4   0x080078d4   0x00000026   Code   RO          949    .text               mf_w.l(f2d.o)
    0x080078fa   0x080078fa   0x00000002   PAD
    0x080078fc   0x080078fc   0x00000030   Code   RO          951    .text               mf_w.l(cdcmple.o)
    0x0800792c   0x0800792c   0x00000030   Code   RO          953    .text               mf_w.l(cdrcmple.o)
    0x0800795c   0x0800795c   0x00000038   Code   RO          955    .text               mf_w.l(d2f.o)
    0x08007994   0x08007994   0x00000014   Code   RO          957    .text               mf_w.l(cfcmple.o)
    0x080079a8   0x080079a8   0x00000014   Code   RO          959    .text               mf_w.l(cfrcmple.o)
    0x080079bc   0x080079bc   0x0000002c   Code   RO         1014    .text               mc_w.l(uidiv.o)
    0x080079e8   0x080079e8   0x00000062   Code   RO         1016    .text               mc_w.l(uldiv.o)
    0x08007a4a   0x08007a4a   0x0000001e   Code   RO         1018    .text               mc_w.l(llshl.o)
    0x08007a68   0x08007a68   0x00000024   Code   RO         1020    .text               mc_w.l(llsshr.o)
    0x08007a8c   0x08007a8c   0x00000000   Code   RO         1029    .text               mc_w.l(iusefp.o)
    0x08007a8c   0x08007a8c   0x0000006e   Code   RO         1030    .text               mf_w.l(fepilogue.o)
    0x08007afa   0x08007afa   0x000000ba   Code   RO         1032    .text               mf_w.l(depilogue.o)
    0x08007bb4   0x08007bb4   0x0000002e   Code   RO         1034    .text               mf_w.l(dscalb.o)
    0x08007be2   0x08007be2   0x00000030   Code   RO         1036    .text               mf_w.l(dfixul.o)
    0x08007c12   0x08007c12   0x00000002   PAD
    0x08007c14   0x08007c14   0x00000024   Code   RO         1038    .text               mc_w.l(init.o)
    0x08007c38   0x08007c38   0x00000020   Code   RO         1040    .text               mc_w.l(llushr.o)
    0x08007c58   0x08007c58   0x000000a2   Code   RO         1042    .text               mf_w.l(dsqrt.o)
    0x08007cfa   0x08007cfa   0x00000002   PAD
    0x08007cfc   0x08007cfc   0x00000020   Code   RO          899    i.__0printf         mc_w.l(printfa.o)
    0x08007d1c   0x08007d1c   0x00000028   Code   RO          901    i.__0sprintf        mc_w.l(printfa.o)
    0x08007d44   0x08007d44   0x00000028   Code   RO          985    i.__ARM_fpclassify  m_ws.l(fpclassify.o)
    0x08007d6c   0x08007d6c   0x000000aa   Code   RO          987    i.__kernel_poly     m_ws.l(poly.o)
    0x08007e16   0x08007e16   0x00000006   Code   RO          972    i.__mathlib_dbl_infnan  m_ws.l(dunder.o)
    0x08007e1c   0x08007e1c   0x00000004   Code   RO          973    i.__mathlib_dbl_infnan2  m_ws.l(dunder.o)
    0x08007e20   0x08007e20   0x0000000c   Code   RO          974    i.__mathlib_dbl_invalid  m_ws.l(dunder.o)
    0x08007e2c   0x08007e2c   0x00000010   Code   RO          977    i.__mathlib_dbl_underflow  m_ws.l(dunder.o)
    0x08007e3c   0x08007e3c   0x0000000e   Code   RO         1046    i.__scatterload_copy  mc_w.l(handlers.o)
    0x08007e4a   0x08007e4a   0x00000002   Code   RO         1047    i.__scatterload_null  mc_w.l(handlers.o)
    0x08007e4c   0x08007e4c   0x0000000e   Code   RO         1048    i.__scatterload_zeroinit  mc_w.l(handlers.o)
    0x08007e5a   0x08007e5a   0x00000002   PAD
    0x08007e5c   0x08007e5c   0x0000000c   Code   RO         1024    i.__set_errno       mc_w.l(errno.o)
    0x08007e68   0x08007e68   0x00000184   Code   RO          906    i._fp_digits        mc_w.l(printfa.o)
    0x08007fec   0x08007fec   0x000006b4   Code   RO          907    i._printf_core      mc_w.l(printfa.o)
    0x080086a0   0x080086a0   0x00000024   Code   RO          908    i._printf_post_padding  mc_w.l(printfa.o)
    0x080086c4   0x080086c4   0x0000002e   Code   RO          909    i._printf_pre_padding  mc_w.l(printfa.o)
    0x080086f2   0x080086f2   0x0000000a   Code   RO          911    i._sputc            mc_w.l(printfa.o)
    0x080086fc   0x080086fc   0x00000270   Code   RO          640    i.asin              m_ws.l(asin.o)
    0x0800896c   0x0800896c   0x00000220   Code   RO          962    i.atan              m_ws.l(atan.o)
    0x08008b8c   0x08008b8c   0x0000019c   Code   RO          650    i.atan2             m_ws.l(atan2.o)
    0x08008d28   0x08008d28   0x0000004c   Code   RO          991    i.sqrt              m_ws.l(sqrt.o)
    0x08008d74   0x08008d74   0x00000050   Data   RO          253    .constdata          inv_mpu.o
    0x08008dc4   0x08008dc4   0x00000bf6   Data   RO          297    .constdata          inv_mpu_dmp_motion_driver.o
    0x080099ba   0x080099ba   0x000005f0   Data   RO          322    .constdata          oled.o
    0x08009faa   0x08009faa   0x00000006   PAD
    0x08009fb0   0x08009fb0   0x00000050   Data   RO          641    .constdata          m_ws.l(asin.o)
    0x0800a000   0x0800a000   0x00000098   Data   RO          963    .constdata          m_ws.l(atan.o)
    0x0800a098   0x0800a098   0x00000008   Data   RO          989    .constdata          m_ws.l(qnan.o)
    0x0800a0a0   0x0800a0a0   0x0000004d   Data   RO          254    .conststring        inv_mpu.o
    0x0800a0ed   0x0800a0ed   0x00000003   PAD
    0x0800a0f0   0x0800a0f0   0x00000020   Data   RO         1044    Region$$Table       anon$$obj.o


    Execution Region RW_IRAM1 (Exec base: 0x20000000, Load base: 0x0800a110, Size: 0x00000b20, Max: 0x00005000, ABSOLUTE)

    Exec Addr    Load Addr    Size         Type   Attr      Idx    E Section Name        Object

    0x20000000   0x0800a110   0x00000014   Data   RW          207    .data               system_stm32f10x.o
    0x20000014   0x0800a124   0x00000035   Data   RW          255    .data               inv_mpu.o
    0x20000049   0x0800a159   0x00000003   PAD
    0x2000004c   0x0800a15c   0x0000000d   Data   RW          392    .data               bluetooth.o
    0x20000059   0x0800a169   0x00000001   PAD
    0x2000005a   0x0800a16a   0x00000004   Data   RW          483    .data               delay.o
    0x2000005e   0x0800a16e   0x00000002   PAD
    0x20000060   0x0800a170   0x00000006   Data   RW          515    .data               usart.o
    0x20000066   0x0800a176   0x00000014   Data   RW          566    .data               stm32f10x_rcc.o
    0x2000007a   0x0800a18a   0x00000002   PAD
    0x2000007c   0x0800a18c   0x00000004   Data   RW         1025    .data               mc_w.l(errno.o)
    0x20000080        -       0x00000010   Zero   RW          296    .bss                inv_mpu_dmp_motion_driver.o
    0x20000090        -       0x00000480   Zero   RW          321    .bss                oled.o
    0x20000510        -       0x00000018   Zero   RW          343    .bss                motor.o
    0x20000528        -       0x000000ac   Zero   RW          373    .bss                pid.o
    0x200005d4        -       0x0000000c   Zero   RW          391    .bss                bluetooth.o
    0x200005e0        -       0x0000001b   Zero   RW          410    .bss                open_mv_usart.o
    0x200005fb        -       0x00000032   Zero   RW          447    .bss                debug.o
    0x2000062d   0x0800a190   0x00000003   PAD
    0x20000630        -       0x00000024   Zero   RW          462    .bss                schedule.o
    0x20000654        -       0x000000c8   Zero   RW          514    .bss                usart.o
    0x2000071c   0x0800a190   0x00000004   PAD
    0x20000720        -       0x00000400   Zero   RW          546    STACK               startup_stm32f10x_hd.o


==============================================================================

Image component sizes


      Code (inc. data)   RO Data    RW Data    ZI Data      Debug   Object Name

       556         84          0         13         12       3241   bluetooth.o
       120         44          0          0          0        752   date.o
       360        100          0          0         50       1275   debug.o
       212         18          0          4          0       1039   delay.o
       400         12          0          0          0       1515   encoder.o
      8844        198        157         53          0      24005   inv_mpu.o
      3440        126       3062          0         16      15427   inv_mpu_dmp_motion_driver.o
       432         32          0          0          0       1019   key.o
       184         30          0          0          0     265123   main.o
       220         22          0          0          0       1793   misc.o
       520         26          0          0         24       2603   motor.o
      1116         42          0          0          0       5160   mpu6050.o
       608         18          0          0          0       2070   mpuiic.o
      1236         12       1520          0       1152       6133   oled.o
       740         24          0          0         27       5613   open_mv_usart.o
       868         56          0          0        172       2995   pid.o
      1088        104          0          0         36       4880   schedule.o
        36          8        304          0       1024        784   startup_stm32f10x_hd.o
       596          8          0          0          0       4430   stm32f10x_dma.o
       284         10          0          0          0       2251   stm32f10x_exti.o
       860         38          0          0          0       5729   stm32f10x_gpio.o
        26          0          0          0          0       1182   stm32f10x_it.o
       932         36          0         20          0       8908   stm32f10x_rcc.o
      3610         88          0          0          0      22836   stm32f10x_tim.o
      1032         22          0          0          0       8452   stm32f10x_usart.o
         0          0          0          0          0         32   sys.o
       480         38          0         20          0       1731   system_stm32f10x.o
       304         16          0          6        200       2997   usart.o

    ----------------------------------------------------------------------
     29108       1212       5084        124       2720     403975   Object Totals
         0          0         32          0          0          0   (incl. Generated)
         4          0          9          8          7          0   (incl. Padding)

    ----------------------------------------------------------------------

      Code (inc. data)   RO Data    RW Data    ZI Data      Debug   Library Member Name

       624         52         80          0          0        168   asin.o
       544         70        152          0          0        124   atan.o
       412         38          0          0          0        144   atan2.o
        38          6          0          0          0        272   dunder.o
        40          0          0          0          0         68   fpclassify.o
       170          0          0          0          0         96   poly.o
         0          0          8          0          0          0   qnan.o
        76          0          0          0          0         84   sqrt.o
         0          0          0          0          0          0   entry.o
         0          0          0          0          0          0   entry10a.o
         0          0          0          0          0          0   entry11a.o
         4          0          0          0          0          0   entry12b.o
         8          4          0          0          0          0   entry2.o
         4          0          0          0          0          0   entry5.o
         0          0          0          0          0          0   entry7b.o
         0          0          0          0          0          0   entry8b.o
         8          4          0          0          0          0   entry9a.o
        12          6          0          4          0         68   errno.o
        30          0          0          0          0          0   handlers.o
        36          8          0          0          0         68   init.o
         0          0          0          0          0          0   iusefp.o
        98          0          0          0          0         84   ldiv.o
        30          0          0          0          0         68   llshl.o
        36          0          0          0          0         68   llsshr.o
        32          0          0          0          0         68   llushr.o
        26          0          0          0          0         80   memcmp.o
        36          0          0          0          0        108   memseta.o
      2268         96          0          0          0        616   printfa.o
        44          0          0          0          0         80   uidiv.o
        98          0          0          0          0         92   uldiv.o
        48          0          0          0          0         68   cdcmple.o
        48          0          0          0          0         68   cdrcmple.o
        20          0          0          0          0         68   cfcmple.o
        20          0          0          0          0         68   cfrcmple.o
        56          0          0          0          0         88   d2f.o
       334          0          0          0          0        148   dadd.o
       222          0          0          0          0        100   ddiv.o
       186          0          0          0          0        176   depilogue.o
        48          0          0          0          0         68   dfixul.o
        34          0          0          0          0         76   dflti.o
       228          0          0          0          0         96   dmul.o
        46          0          0          0          0         80   dscalb.o
       162          0          0          0          0        100   dsqrt.o
        38          0          0          0          0         68   f2d.o
       176          0          0          0          0        140   fadd.o
       124          0          0          0          0         88   fdiv.o
       110          0          0          0          0        168   fepilogue.o
        50          0          0          0          0         68   ffixi.o
        40          0          0          0          0         68   ffixui.o
        18          0          0          0          0         68   fflti.o
        10          0          0          0          0         68   ffltui.o
       100          0          0          0          0         76   fmul.o

    ----------------------------------------------------------------------
      6800        284        240          4          0       4372   Library Totals
         8          0          0          0          0          0   (incl. Padding)

    ----------------------------------------------------------------------

      Code (inc. data)   RO Data    RW Data    ZI Data      Debug   Library Name

      1904        166        240          0          0        956   m_ws.l
      2770        118          0          4          0       1400   mc_w.l
      2118          0          0          0          0       2016   mf_w.l

    ----------------------------------------------------------------------
      6800        284        240          4          0       4372   Library Totals

    ----------------------------------------------------------------------

==============================================================================


      Code (inc. data)   RO Data    RW Data    ZI Data      Debug   

     35908       1496       5324        128       2720     403559   Grand Totals
     35908       1496       5324        128       2720     403559   ELF Image Totals
     35908       1496       5324        128          0          0   ROM Totals

==============================================================================

    Total RO  Size (Code + RO Data)                41232 (  40.27kB)
    Total RW  Size (RW Data + ZI Data)              2848 (   2.78kB)
    Total ROM Size (Code + RO Data + RW Data)      41360 (  40.39kB)

==============================================================================

