Component: ARM Compiler 5.06 update 7 (build 960) Tool: armlink [4d3601]

==============================================================================

Section Cross References

    main.o(.text) refers to misc.o(.text) for NVIC_PriorityGroupConfig
    main.o(.text) refers to delay.o(.text) for delay_init
    main.o(.text) refers to oled.o(.text) for OLED_Init
    main.o(.text) refers to key.o(.text) for KEY_Init
    main.o(.text) refers to mpu6050.o(.text) for MPU_Init
    main.o(.text) refers to open_mv_usart.o(.text) for openmv_usart_init
    main.o(.text) refers to inv_mpu.o(.text) for mpu_dmp_init
    main.o(.text) refers to motor.o(.text) for MiniBalance_PWM_Init
    main.o(.text) refers to schedule.o(.text) for TIM3_Config
    main.o(.text) refers to encoder.o(.text) for Encoder_Init_TIM2
    main.o(.text) refers to date.o(.text) for Motor_Date_Init
    system_stm32f10x.o(.text) refers to system_stm32f10x.o(.data) for SystemCoreClock
    mpuiic.o(.text) refers to delay.o(.text) for delay_us
    mpuiic.o(.text) refers to stm32f10x_rcc.o(.text) for RCC_APB2PeriphClockCmd
    mpuiic.o(.text) refers to stm32f10x_gpio.o(.text) for GPIO_PinRemapConfig
    key.o(.text) refers to stm32f10x_rcc.o(.text) for RCC_APB2PeriphClockCmd
    key.o(.text) refers to stm32f10x_gpio.o(.text) for GPIO_Init
    key.o(.text) refers to stm32f10x_exti.o(.text) for EXTI_Init
    key.o(.text) refers to misc.o(.text) for NVIC_Init
    key.o(.text) refers to f2d.o(.text) for __aeabi_f2d
    key.o(.text) refers to dadd.o(.text) for __aeabi_dadd
    key.o(.text) refers to d2f.o(.text) for __aeabi_d2f
    key.o(.text) refers to schedule.o(.bss) for Active_FSM
    key.o(.text) refers to pid.o(.bss) for Angle_speed_loop
    inv_mpu.o(.text) refers to mpu6050.o(.text) for MPU_Write_Len
    inv_mpu.o(.text) refers to printfa.o(i.__0printf) for __2printf
    inv_mpu.o(.text) refers to delay.o(.text) for delay_ms
    inv_mpu.o(.text) refers to inv_mpu.o(.data) for st
    inv_mpu.o(.text) refers to ffltui.o(.text) for __aeabi_ui2f
    inv_mpu.o(.text) refers to fflti.o(.text) for __aeabi_i2f
    inv_mpu.o(.text) refers to fadd.o(.text) for __aeabi_fsub
    inv_mpu.o(.text) refers to fdiv.o(.text) for __aeabi_fdiv
    inv_mpu.o(.text) refers to fmul.o(.text) for __aeabi_fmul
    inv_mpu.o(.text) refers to ffixi.o(.text) for __aeabi_f2iz
    inv_mpu.o(.text) refers to inv_mpu.o(.conststring) for .conststring
    inv_mpu.o(.text) refers to cfcmple.o(.text) for __aeabi_cfcmpeq
    inv_mpu.o(.text) refers to cfrcmple.o(.text) for __aeabi_cfrcmple
    inv_mpu.o(.text) refers to inv_mpu.o(.constdata) for test
    inv_mpu.o(.text) refers to ldiv.o(.text) for __aeabi_ldivmod
    inv_mpu.o(.text) refers to memcmp.o(.text) for memcmp
    inv_mpu.o(.text) refers to inv_mpu_dmp_motion_driver.o(.text) for dmp_set_gyro_bias
    inv_mpu.o(.text) refers to mpuiic.o(.text) for MPU_IIC_Init
    inv_mpu.o(.text) refers to f2d.o(.text) for __aeabi_f2d
    inv_mpu.o(.text) refers to asin.o(i.asin) for asin
    inv_mpu.o(.text) refers to dmul.o(.text) for __aeabi_dmul
    inv_mpu.o(.text) refers to d2f.o(.text) for __aeabi_d2f
    inv_mpu.o(.text) refers to atan2.o(i.atan2) for atan2
    inv_mpu.o(.data) refers to inv_mpu.o(.constdata) for reg
    mpu6050.o(.text) refers to mpuiic.o(.text) for MPU_IIC_Start
    mpu6050.o(.text) refers to oled.o(.text) for OLED_ShowString
    mpu6050.o(.text) refers to delay.o(.text) for delay_ms
    mpu6050.o(.text) refers to dflti.o(.text) for __aeabi_i2d
    mpu6050.o(.text) refers to ddiv.o(.text) for __aeabi_ddiv
    mpu6050.o(.text) refers to dadd.o(.text) for __aeabi_dadd
    mpu6050.o(.text) refers to d2f.o(.text) for __aeabi_d2f
    mpu6050.o(.text) refers to fmul.o(.text) for __aeabi_fmul
    mpu6050.o(.text) refers to ffixi.o(.text) for __aeabi_f2iz
    mpu6050.o(.text) refers to fadd.o(.text) for __aeabi_fsub
    mpu6050.o(.text) refers to fdiv.o(.text) for __aeabi_fdiv
    mpu6050.o(.text) refers to fflti.o(.text) for __aeabi_i2f
    inv_mpu_dmp_motion_driver.o(.text) refers to inv_mpu.o(.text) for mpu_load_firmware
    inv_mpu_dmp_motion_driver.o(.text) refers to inv_mpu_dmp_motion_driver.o(.constdata) for dmp_memory
    inv_mpu_dmp_motion_driver.o(.text) refers to inv_mpu_dmp_motion_driver.o(.bss) for dmp
    inv_mpu_dmp_motion_driver.o(.text) refers to ffltui.o(.text) for __aeabi_ui2f
    inv_mpu_dmp_motion_driver.o(.text) refers to fdiv.o(.text) for __aeabi_fdiv
    inv_mpu_dmp_motion_driver.o(.text) refers to fmul.o(.text) for __aeabi_fmul
    inv_mpu_dmp_motion_driver.o(.text) refers to ffixui.o(.text) for __aeabi_f2uiz
    inv_mpu_dmp_motion_driver.o(.text) refers to memseta.o(.text) for __aeabi_memset
    oled.o(.text) refers to stm32f10x_rcc.o(.text) for RCC_APB2PeriphClockCmd
    oled.o(.text) refers to stm32f10x_gpio.o(.text) for GPIO_Init
    oled.o(.text) refers to oled.o(.constdata) for OLED_F8x16
    oled.o(.text) refers to oled.o(.bss) for OLED_GRAM
[...]
    .ARM.Collect$$$$00000000                 0x08000130   Section        0  entry.o(.ARM.Collect$$$$00000000)
    .ARM.Collect$$$$00000001                 0x08000130   Section        4  entry2.o(.ARM.Collect$$$$00000001)
    .ARM.Collect$$$$00000004                 0x08000134   Section        4  entry5.o(.ARM.Collect$$$$00000004)
    .ARM.Collect$$$$00000008                 0x08000138   Section        0  entry7b.o(.ARM.Collect$$$$00000008)
    .ARM.Collect$$$$0000000A                 0x08000138   Section        0  entry8b.o(.ARM.Collect$$$$0000000A)
    .ARM.Collect$$$$0000000B                 0x08000138   Section        8  entry9a.o(.ARM.Collect$$$$0000000B)
    .ARM.Collect$$$$0000000E                 0x08000140   Section        4  entry12b.o(.ARM.Collect$$$$0000000E)
    .ARM.Collect$$$$0000000F                 0x08000144   Section        0  entry10a.o(.ARM.Collect$$$$0000000F)
    .ARM.Collect$$$$00000011                 0x08000144   Section        0  entry11a.o(.ARM.Collect$$$$00000011)
    .ARM.Collect$$$$00002712                 0x08000144   Section        4  entry2.o(.ARM.Collect$$$$00002712)
    __lit__00000000                          0x08000144   Data           4  entry2.o(.ARM.Collect$$$$00002712)
    .text                                    0x08000148   Section        0  main.o(.text)
    .text                                    0x080001e8   Section        0  stm32f10x_it.o(.text)
    .text                                    0x08000204   Section        0  system_stm32f10x.o(.text)
    SetSysClockTo72                          0x08000205   Thumb Code   214  system_stm32f10x.o(.text)
    SetSysClock                              0x080002db   Thumb Code     8  system_stm32f10x.o(.text)
    .text                                    0x080003e4   Section        0  mpuiic.o(.text)
    .text                                    0x08000644   Section        0  key.o(.text)
    .text                                    0x080007e8   Section        0  inv_mpu.o(.text)
    set_int_enable                           0x080007e9   Thumb Code   138  inv_mpu.o(.text)
    get_accel_prod_shift                     0x08001a59   Thumb Code   168  inv_mpu.o(.text)
    accel_self_test                          0x08001b01   Thumb Code   164  inv_mpu.o(.text)
    gyro_self_test                           0x08001ba5   Thumb Code   280  inv_mpu.o(.text)
    get_st_biases                            0x08001cbd   Thumb Code  1134  inv_mpu.o(.text)
    .text                                    0x08002a74   Section        0  mpu6050.o(.text)
    .text                                    0x08002ed0   Section        0  inv_mpu_dmp_motion_driver.o(.text)
    decode_gesture                           0x08003985   Thumb Code    94  inv_mpu_dmp_motion_driver.o(.text)
    .text                                    0x08003c40   Section        0  oled.o(.text)
    .text                                    0x08004114   Section        0  motor.o(.text)
    .text                                    0x0800431c   Section        0  encoder.o(.text)
    .text                                    0x080044ac   Section        0  pid.o(.text)
    .text                                    0x080048ac   Section        0  bluetooth.o(.text)
    .text                                    0x08004ad8   Section        0  open_mv_usart.o(.text)
    .text                                    0x08004dbc   Section        0  date.o(.text)
    .text                                    0x08004e74   Section        0  debug.o(.text)
    .text                                    0x08004fdc   Section        0  schedule.o(.text)
    .text                                    0x08005368   Section        0  delay.o(.text)
    .text                                    0x0800543c   Section        0  usart.o(.text)
    .text                                    0x0800556c   Section       36  startup_stm32f10x_hd.o(.text)
    .text                                    0x08005590   Section        0  stm32f10x_gpio.o(.text)
    .text                                    0x080058ec   Section        0  stm32f10x_rcc.o(.text)
    .text                                    0x08005c90   Section        0  stm32f10x_usart.o(.text)
    .text                                    0x08006098   Section        0  misc.o(.text)
    .text                                    0x08006174   Section        0  stm32f10x_tim.o(.text)
    TI4_Config                               0x0800661b   Thumb Code   130  stm32f10x_tim.o(.text)
    TI3_Config                               0x080066af   Thumb Code   122  stm32f10x_tim.o(.text)
    TI2_Config                               0x08006743   Thumb Code   130  stm32f10x_tim.o(.text)
    TI1_Config                               0x080067d7   Thumb Code   108  stm32f10x_tim.o(.text)
    .text                                    0x08006f90   Section        0  stm32f10x_exti.o(.text)
    .text                                    0x080070ac   Section        0  stm32f10x_dma.o(.text)
    .text                                    0x08007300   Section        0  ldiv.o(.text)
    .text                                    0x08007362   Section        0  memseta.o(.text)
    .text                                    0x08007386   Section        0  memcmp.o(.text)
    .text                                    0x080073a0   Section        0  fadd.o(.text)
    .text                                    0x08007450   Section        0  fmul.o(.text)
    .text                                    0x080074b4   Section        0  fdiv.o(.text)
    .text                                    0x08007530   Section        0  dadd.o(.text)
    .text                                    0x0800767e   Section        0  dmul.o(.text)
    .text                                    0x08007762   Section        0  ddiv.o(.text)
    .text                                    0x08007840   Section        0  fflti.o(.text)
    .text                                    0x08007852   Section        0  ffltui.o(.text)
    .text                                    0x0800785c   Section        0  dflti.o(.text)
    .text                                    0x0800787e   Section        0  ffixi.o(.text)
    .text                                    0x080078b0   Section        0  ffixui.o(.text)
    .text                                    0x080078d8   Section        0  f2d.o(.text)
    .text                                    0x08007900   Section       48  cdcmple.o(.text)
    .text                                    0x08007930   Section       48  cdrcmple.o(.text)
    .text                                    0x08007960   Section        0  d2f.o(.text)
    .text                                    0x08007998   Section       20  cfcmple.o(.text)
    .text                                    0x080079ac   Section       20  cfrcmple.o(.text)
    .text                                    0x080079c0   Section        0  uidiv.o(.text)
    .text                                    0x080079ec   Section        0  uldiv.o(.text)
    .text                                    0x08007a4e   Section        0  llshl.o(.text)
    .text                                    0x08007a6c   Section        0  llsshr.o(.text)
    .text                                    0x08007a90   Section        0  iusefp.o(.text)
    .text                                    0x08007a90   Section        0  fepilogue.o(.text)
    .text                                    0x08007afe   Section        0  depilogue.o(.text)
    .text                                    0x08007bb8   Section        0  dscalb.o(.text)
    .text                                    0x08007be6   Section        0  dfixul.o(.text)
    .text                                    0x08007c18   Section       36  init.o(.text)
    .text                                    0x08007c3c   Section        0  llushr.o(.text)
    .text                                    0x08007c5c   Section        0  dsqrt.o(.text)
    i.__0printf                              0x08007d00   Section        0  printfa.o(i.__0printf)
    i.__0sprintf                             0x08007d20   Section        0  printfa.o(i.__0sprintf)
    i.__ARM_fpclassify                       0x08007d48   Section        0  fpclassify.o(i.__ARM_fpclassify)
    i.__kernel_poly                          0x08007d70   Section        0  poly.o(i.__kernel_poly)
    i.__mathlib_dbl_infnan                   0x08007e1a   Section        0  dunder.o(i.__mathlib_dbl_infnan)
    i.__mathlib_dbl_infnan2                  0x08007e20   Section        0  dunder.o(i.__mathlib_dbl_infnan2)
    i.__mathlib_dbl_invalid                  0x08007e24   Section        0  dunder.o(i.__mathlib_dbl_invalid)
    i.__mathlib_dbl_underflow                0x08007e30   Section        0  dunder.o(i.__mathlib_dbl_underflow)
    i.__scatterload_copy                     0x08007e40   Section       14  handlers.o(i.__scatterload_copy)
    i.__scatterload_null                     0x08007e4e   Section        2  handlers.o(i.__scatterload_null)
    i.__scatterload_zeroinit                 0x08007e50   Section       14  handlers.o(i.__scatterload_zeroinit)
    i.__set_errno                            0x08007e60   Section        0  errno.o(i.__set_errno)
    i._fp_digits                             0x08007e6c   Section        0  printfa.o(i._fp_digits)
    _fp_digits                               0x08007e6d   Thumb Code   366  printfa.o(i._fp_digits)
    i._printf_core                           0x08007ff0   Section        0  printfa.o(i._printf_core)
    _printf_core                             0x08007ff1   Thumb Code  1704  printfa.o(i._printf_core)
    i._printf_post_padding                   0x080086a4   Section        0  printfa.o(i._printf_post_padding)
    _printf_post_padding                     0x080086a5   Thumb Code    36  printfa.o(i._printf_post_padding)
    i._printf_pre_padding                    0x080086c8   Section        0  printfa.o(i._printf_pre_padding)
    _printf_pre_padding                      0x080086c9   Thumb Code    46  printfa.o(i._printf_pre_padding)
    i._sputc                                 0x080086f6   Section        0  printfa.o(i._sputc)
    _sputc                                   0x080086f7   Thumb Code    10  printfa.o(i._sputc)
    i.asin                                   0x08008700   Section        0  asin.o(i.asin)
    i.atan                                   0x08008970   Section        0  atan.o(i.atan)
    i.atan2                                  0x08008b90   Section        0  atan2.o(i.atan2)
    i.sqrt                                   0x08008d2c   Section        0  sqrt.o(i.sqrt)
    .constdata                               0x08008d78   Section       80  inv_mpu.o(.constdata)
    .constdata                               0x08008dc8   Section     3062  inv_mpu_dmp_motion_driver.o(.constdata)
    dmp_memory                               0x08008dc8   Data        3062  inv_mpu_dmp_motion_driver.o(.constdata)
    .constdata                               0x080099be   Section     1520  oled.o(.constdata)
    .constdata                               0x08009fb0   Section       80  asin.o(.constdata)
    pS                                       0x08009fb0   Data          48  asin.o(.constdata)
    qS                                       0x08009fe0   Data          32  asin.o(.constdata)
    .constdata                               0x0800a000   Section      152  atan.o(.constdata)
    atanhi                                   0x0800a000   Data          32  atan.o(.constdata)
    atanlo                                   0x0800a020   Data          32  atan.o(.constdata)
    aTodd                                    0x0800a040   Data          40  atan.o(.constdata)
    aTeven                                   0x0800a068   Data          48  atan.o(.constdata)
    .constdata                               0x0800a098   Section        8  qnan.o(.constdata)
    .conststring                             0x0800a0a0   Section       77  inv_mpu.o(.conststring)
    .data                                    0x20000000   Section       20  system_stm32f10x.o(.data)
    .data                                    0x20000014   Section       53  inv_mpu.o(.data)
    st                                       0x20000014   Data          44  inv_mpu.o(.data)
    gyro_orientation                         0x20000040   Data           9  inv_mpu.o(.data)
    .data                                    0x2000004c   Section       13  bluetooth.o(.data)
    .data                                    0x2000005a   Section        4  delay.o(.data)
    fac_us                                   0x2000005a   Data           1  delay.o(.data)
    fac_ms                                   0x2000005c   Data           2  delay.o(.data)
    .data                                    0x20000060   Section        6  usart.o(.data)
    .data                                    0x20000066   Section       20  stm32f10x_rcc.o(.data)
    APBAHBPrescTable                         0x20000066   Data          16  stm32f10x_rcc.o(.data)
    ADCPrescTable                            0x20000076   Data           4  stm32f10x_rcc.o(.data)
    .data                                    0x2000007c   Section        4  errno.o(.data)
    _errno                                   0x2000007c   Data           4  errno.o(.data)
    .bss                                     0x20000080   Section       16  inv_mpu_dmp_motion_driver.o(.bss)
    dmp                                      0x20000080   Data          16  inv_mpu_dmp_motion_driver.o(.bss)
    .bss                                     0x20000090   Section     1152  oled.o(.bss)
    .bss                                     0x20000510   Section       24  motor.o(.bss)
    .bss                                     0x20000528   Section      260  pid.o(.bss)
    .bss                                     0x2000062c   Section       12  bluetooth.o(.bss)
    .bss                                     0x20000638   Section       27  open_mv_usart.o(.bss)
    .bss                                     0x20000653   Section       50  debug.o(.bss)
    .bss                                     0x20000688   Section       36  schedule.o(.bss)
    .bss                                     0x200006ac   Section      200  usart.o(.bss)
    STACK                                    0x20000778   Section     1024  startup_stm32f10x_hd.o(STACK)

    Global Symbols

    Symbol Name                              Value     Ov Type        Size  Object(Section)

    BuildAttributes$$THM_ISAv4$P$D$K$B$S$PE$A:L22UL41UL21$X:L11$S22US41US21$IEEE1$IW$USESV6$~STKCKD$USESV7$~SHL$OTIME$ROPI$IEEEX$EBA8$MICROLIB$REQ8$PRES8$EABIv2 0x00000000   Number         0  anon$$obj.o ABSOLUTE
    __ARM_use_no_argv                        0x00000000   Number         0  main.o ABSOLUTE
    __use_no_errno                           0x00000000   Number         0  useno.o ABSOLUTE
    __use_no_exception_handling              0x00000000   Number         0  useno.o ABSOLUTE
    __use_no_fp                              0x00000000   Number         0  useno.o ABSOLUTE
    __use_no_heap                            0x00000000   Number         0  useno.o ABSOLUTE
    __use_no_heap_region                     0x00000000   Number         0  useno.o ABSOLUTE
    __use_no_semihosting                     0x00000000   Number         0  useno.o ABSOLUTE
    __use_no_semihosting_swi                 0x00000000   Number         0  useno.o ABSOLUTE
    __use_no_signal_handling                 0x00000000   Number         0  useno.o ABSOLUTE
    _printf_a                                0x00000000   Number         0  stubs.o ABSOLUTE
    _printf_c                                0x00000000   Number         0  stubs.o ABSOLUTE
    _printf_charcount                        0x00000000   Number         0  stubs.o ABSOLUTE
    _printf_d                                0x00000000   Number         0  stubs.o ABSOLUTE
    _printf_e                                0x00000000   Number         0  stubs.o ABSOLUTE
    _printf_f                                0x00000000   Number         0  stubs.o ABSOLUTE
    _printf_flags                            0x00000000   Number         0  stubs.o ABSOLUTE
    _printf_fp_dec                           0x00000000   Number         0  stubs.o ABSOLUTE
    _printf_fp_hex                           0x00000000   Number         0  stubs.o ABSOLUTE
    _printf_g                                0x00000000   Number         0  stubs.o ABSOLUTE
    _printf_i                                0x00000000   Number         0  stubs.o ABSOLUTE
    _printf_int_dec                          0x00000000   Number         0  stubs.o ABSOLUTE
    _printf_l                                0x00000000   Number         0  stubs.o ABSOLUTE
    _printf_lc                               0x00000000   Number         0  stubs.o ABSOLUTE
    _printf_ll                               0x00000000   Number         0  stubs.o ABSOLUTE
    _printf_lld                              0x00000000   Number         0  stubs.o ABSOLUTE
    _printf_lli                              0x00000000   Number         0  stubs.o ABSOLUTE
    _printf_llo                              0x00000000   Number         0  stubs.o ABSOLUTE
    _printf_llu                              0x00000000   Number         0  stubs.o ABSOLUTE
    _printf_llx                              0x00000000   Number         0  stubs.o ABSOLUTE
    _printf_longlong_dec                     0x00000000   Number         0  stubs.o ABSOLUTE
    _printf_longlong_hex                     0x00000000   Number         0  stubs.o ABSOLUTE
    _printf_longlong_oct                     0x00000000   Number         0  stubs.o ABSOLUTE
    _printf_ls                               0x00000000   Number         0  stubs.o ABSOLUTE
    _printf_mbtowc                           0x00000000   Number         0  stubs.o ABSOLUTE
    _printf_n                                0x00000000   Number         0  stubs.o ABSOLUTE
    _printf_o                                0x00000000   Number         0  stubs.o ABSOLUTE
    _printf_p                                0x00000000   Number         0  stubs.o ABSOLUTE
    _printf_percent                          0x00000000   Number         0  stubs.o ABSOLUTE
    _printf_pre_padding                      0x00000000   Number         0  stubs.o ABSOLUTE
    _printf_return_value                     0x00000000   Number         0  stubs.o ABSOLUTE
    _printf_s                                0x00000000   Number         0  stubs.o ABSOLUTE
    _printf_sizespec                         0x00000000   Number         0  stubs.o ABSOLUTE
    _printf_str                              0x00000000   Number         0  stubs.o ABSOLUTE
    _printf_truncate_signed                  0x00000000   Number         0  stubs.o ABSOLUTE
    _printf_truncate_unsigned                0x00000000   Number         0  stubs.o ABSOLUTE
    _printf_u                                0x00000000   Number         0  stubs.o ABSOLUTE
    _printf_wc                               0x00000000   Number         0  stubs.o ABSOLUTE
    _printf_wctomb                           0x00000000   Number         0  stubs.o ABSOLUTE
    _printf_widthprec                        0x00000000   Number         0  stubs.o ABSOLUTE
    _printf_x                                0x00000000   Number         0  stubs.o ABSOLUTE
    __arm_fini_                               - Undefined Weak Reference
    __cpp_initialize__aeabi_                  - Undefined Weak Reference
    __cxa_finalize                            - Undefined Weak Reference
    __decompress                              - Undefined Weak Reference
    _clock_init                               - Undefined Weak Reference
    _microlib_exit                            - Undefined Weak Reference
    __Vectors_Size                           0x00000130   Number         0  startup_stm32f10x_hd.o ABSOLUTE
    __Vectors                                0x08000000   Data           4  startup_stm32f10x_hd.o(RESET)
    __Vectors_End                            0x08000130   Data           0  startup_stm32f10x_hd.o(RESET)
    __main                                   0x08000131   Thumb Code     0  entry.o(.ARM.Collect$$$$00000000)
    _main_stk                                0x08000131   Thumb Code     0  entry2.o(.ARM.Collect$$$$00000001)
    _main_scatterload                        0x08000135   Thumb Code     0  entry5.o(.ARM.Collect$$$$00000004)
    __main_after_scatterload                 0x08000139   Thumb Code     0  entry5.o(.ARM.Collect$$$$00000004)
    _main_clock                              0x08000139   Thumb Code     0  entry7b.o(.ARM.Collect$$$$00000008)
    _main_cpp_init                           0x08000139   Thumb Code     0  entry8b.o(.ARM.Collect$$$$0000000A)
    _main_init                               0x08000139   Thumb Code     0  entry9a.o(.ARM.Collect$$$$0000000B)
    __rt_lib_shutdown_fini                   0x08000141   Thumb Code     0  entry12b.o(.ARM.Collect$$$$0000000E)
    __rt_final_cpp                           0x08000145   Thumb Code     0  entry10a.o(.ARM.Collect$$$$0000000F)
    __rt_final_exit                          0x08000145   Thumb Code     0  entry11a.o(.ARM.Collect$$$$00000011)
    main                                     0x08000149   Thumb Code   134  main.o(.text)
    NMI_Handler                              0x080001e9   Thumb Code     2  stm32f10x_it.o(.text)
    HardFault_Handler                        0x080001eb   Thumb Code     4  stm32f10x_it.o(.text)
    MemManage_Handler                        0x080001ef   Thumb Code     4  stm32f10x_it.o(.text)
    BusFault_Handler                         0x080001f3   Thumb Code     4  stm32f10x_it.o(.text)
    UsageFault_Handler                       0x080001f7   Thumb Code     4  stm32f10x_it.o(.text)
    SVC_Handler                              0x080001fb   Thumb Code     2  stm32f10x_it.o(.text)
    DebugMon_Handler                         0x080001fd   Thumb Code     2  stm32f10x_it.o(.text)
    PendSV_Handler                           0x080001ff   Thumb Code     2  stm32f10x_it.o(.text)
    SysTick_Handler                          0x08000201   Thumb Code     2  stm32f10x_it.o(.text)
    SystemInit                               0x080002e3   Thumb Code    78  system_stm32f10x.o(.text)
    SystemCoreClockUpdate                    0x08000331   Thumb Code   142  system_stm32f10x.o(.text)
    MPU_IIC_Delay                            0x080003e5   Thumb Code    10  mpuiic.o(.text)
    MPU_IIC_Init                             0x080003ef   Thumb Code    62  mpuiic.o(.text)
    MPU_IIC_Start                            0x0800042d   Thumb Code    60  mpuiic.o(.text)
    MPU_IIC_Stop                             0x08000469   Thumb Code    62  mpuiic.o(.text)
    MPU_IIC_Wait_Ack                         0x080004a7   Thumb Code    86  mpuiic.o(.text)
    MPU_IIC_Ack                              0x080004fd   Thumb Code    66  mpuiic.o(.text)
    MPU_IIC_NAck                             0x0800053f   Thumb Code    66  mpuiic.o(.text)
    MPU_IIC_Send_Byte                        0x08000581   Thumb Code    82  mpuiic.o(.text)
    MPU_IIC_Read_Byte                        0x080005d3   Thumb Code    96  mpuiic.o(.text)
    KEY_Init                                 0x08000645   Thumb Code   120  key.o(.text)
    EXTI4_IRQHandler                         0x080006bd   Thumb Code    82  key.o(.text)
    EXTI9_5_IRQHandler                       0x0800070f   Thumb Code   188  key.o(.text)
    mpu_reg_dump                             0x08000873   Thumb Code    84  inv_mpu.o(.text)
    mpu_read_reg                             0x080008c7   Thumb Code    66  inv_mpu.o(.text)
    mpu_set_int_latched                      0x08000909   Thumb Code   102  inv_mpu.o(.text)
    mpu_set_sensors                          0x0800096f   Thumb Code   202  inv_mpu.o(.text)
    mpu_set_bypass                           0x08000a39   Thumb Code   328  inv_mpu.o(.text)
    mpu_reset_fifo                           0x08000b81   Thumb Code   472  inv_mpu.o(.text)
    mpu_configure_fifo                       0x08000d59   Thumb Code   106  inv_mpu.o(.text)
    mpu_set_lpf                              0x08000dc3   Thumb Code   126  inv_mpu.o(.text)
    mpu_lp_accel_mode                        0x08000e41   Thumb Code   218  inv_mpu.o(.text)
    mpu_set_sample_rate                      0x08000f1b   Thumb Code   152  inv_mpu.o(.text)
    mpu_set_accel_fsr                        0x08000fb3   Thumb Code   132  inv_mpu.o(.text)
    mpu_set_gyro_fsr                         0x08001037   Thumb Code   132  inv_mpu.o(.text)
    mpu_init                                 0x080010bb   Thumb Code   416  inv_mpu.o(.text)
    mget_ms                                  0x0800125b   Thumb Code     2  inv_mpu.o(.text)
    mpu_get_gyro_reg                         0x0800125d   Thumb Code   110  inv_mpu.o(.text)
    mpu_get_accel_reg                        0x080012cb   Thumb Code   110  inv_mpu.o(.text)
    mpu_get_temperature                      0x08001339   Thumb Code   150  inv_mpu.o(.text)
    mpu_set_accel_bias                       0x080013cf   Thumb Code   468  inv_mpu.o(.text)
    mpu_get_gyro_fsr                         0x080015a3   Thumb Code    64  inv_mpu.o(.text)
    mpu_get_accel_fsr                        0x080015e3   Thumb Code    72  inv_mpu.o(.text)
    mpu_get_lpf                              0x0800162b   Thumb Code    74  inv_mpu.o(.text)
    mpu_get_sample_rate                      0x08001675   Thumb Code    26  inv_mpu.o(.text)
    mpu_get_compass_sample_rate              0x0800168f   Thumb Code    10  inv_mpu.o(.text)
    mpu_set_compass_sample_rate              0x08001699   Thumb Code     8  inv_mpu.o(.text)
    mpu_get_gyro_sens                        0x080016a1   Thumb Code    58  inv_mpu.o(.text)
    mpu_get_accel_sens                       0x080016db   Thumb Code    78  inv_mpu.o(.text)
    mpu_get_fifo_config                      0x08001729   Thumb Code    12  inv_mpu.o(.text)
    mpu_get_power_state                      0x08001735   Thumb Code    22  inv_mpu.o(.text)
    mpu_get_int_status                       0x0800174b   Thumb Code    64  inv_mpu.o(.text)
    mpu_read_fifo                            0x0800178b   Thumb Code   520  inv_mpu.o(.text)
    mpu_read_fifo_stream                     0x08001993   Thumb Code   186  inv_mpu.o(.text)
    mpu_set_int_level                        0x08001a4d   Thumb Code    12  inv_mpu.o(.text)
    mpu_set_dmp_state                        0x0800212b   Thumb Code   138  inv_mpu.o(.text)
    mpu_run_self_test                        0x080021b5   Thumb Code   278  inv_mpu.o(.text)
    mpu_write_mem                            0x080022cb   Thumb Code   122  inv_mpu.o(.text)
    mpu_read_mem                             0x08002345   Thumb Code   122  inv_mpu.o(.text)
    mpu_load_firmware                        0x080023bf   Thumb Code   192  inv_mpu.o(.text)
    mpu_get_dmp_state                        0x0800247f   Thumb Code    14  inv_mpu.o(.text)
    setup_compass                            0x0800248d   Thumb Code     6  inv_mpu.o(.text)
    mpu_get_compass_reg                      0x08002493   Thumb Code     8  inv_mpu.o(.text)
    mpu_get_compass_fsr                      0x0800249b   Thumb Code     8  inv_mpu.o(.text)
    mpu_lp_motion_interrupt                  0x080024a3   Thumb Code   512  inv_mpu.o(.text)
    run_self_test                            0x080026a3   Thumb Code   148  inv_mpu.o(.text)
    inv_row_2_scale                          0x08002737   Thumb Code    78  inv_mpu.o(.text)
    inv_orientation_matrix_to_scalar         0x08002785   Thumb Code    40  inv_mpu.o(.text)
    mpu_dmp_init                             0x080027ad   Thumb Code   154  inv_mpu.o(.text)
    mpu_dmp_get_data                         0x08002847   Thumb Code   554  inv_mpu.o(.text)
    MPU_Write_Byte                           0x08002a75   Thumb Code    68  mpu6050.o(.text)
    MPU_Set_LPF                              0x08002ab9   Thumb Code    58  mpu6050.o(.text)
    MPU_Set_Rate                             0x08002af3   Thumb Code    58  mpu6050.o(.text)
    MPU_Read_Byte                            0x08002b2d   Thumb Code    58  mpu6050.o(.text)
    MPU_Set_Accel_Fsr                        0x08002b67   Thumb Code    16  mpu6050.o(.text)
    MPU_Set_Gyro_Fsr                         0x08002b77   Thumb Code    16  mpu6050.o(.text)
    MPU_Init                                 0x08002b87   Thumb Code   132  mpu6050.o(.text)
    MPU_Read_Len                             0x08002c0b   Thumb Code   116  mpu6050.o(.text)
    MPU_Get_Temperature                      0x08002c7f   Thumb Code    86  mpu6050.o(.text)
    MPU_Get_Gyroscope                        0x08002cd5   Thumb Code    80  mpu6050.o(.text)
    MPU_Get_Accelerometer                    0x08002d25   Thumb Code    80  mpu6050.o(.text)
    Scale_Transform                          0x08002d75   Thumb Code    78  mpu6050.o(.text)
    MPU6050_GetAccel_Value                   0x08002dc3   Thumb Code   132  mpu6050.o(.text)
    MPU_Write_Len                            0x08002e47   Thumb Code    96  mpu6050.o(.text)
    dmp_load_motion_driver_firmware          0x08002ed1   Thumb Code    20  inv_mpu_dmp_motion_driver.o(.text)
    dmp_set_orientation                      0x08002ee5   Thumb Code   290  inv_mpu_dmp_motion_driver.o(.text)
    dmp_set_gyro_bias                        0x08003007   Thumb Code   294  inv_mpu_dmp_motion_driver.o(.text)
    dmp_set_accel_bias                       0x0800312d   Thumb Code   300  inv_mpu_dmp_motion_driver.o(.text)
    dmp_set_fifo_rate                        0x08003259   Thumb Code   136  inv_mpu_dmp_motion_driver.o(.text)
    dmp_get_fifo_rate                        0x080032e1   Thumb Code    12  inv_mpu_dmp_motion_driver.o(.text)
    dmp_set_tap_thresh                       0x080032ed   Thumb Code   396  inv_mpu_dmp_motion_driver.o(.text)
    dmp_set_tap_axes                         0x08003479   Thumb Code    70  inv_mpu_dmp_motion_driver.o(.text)
    dmp_set_tap_count                        0x080034bf   Thumb Code    38  inv_mpu_dmp_motion_driver.o(.text)
    dmp_set_tap_time                         0x080034e5   Thumb Code    38  inv_mpu_dmp_motion_driver.o(.text)
    dmp_set_tap_time_multi                   0x0800350b   Thumb Code    38  inv_mpu_dmp_motion_driver.o(.text)
    dmp_set_shake_reject_thresh              0x08003531   Thumb Code    56  inv_mpu_dmp_motion_driver.o(.text)
    dmp_set_shake_reject_time                0x08003569   Thumb Code    38  inv_mpu_dmp_motion_driver.o(.text)
    dmp_set_shake_reject_timeout             0x0800358f   Thumb Code    38  inv_mpu_dmp_motion_driver.o(.text)
    dmp_get_pedometer_step_count             0x080035b5   Thumb Code    66  inv_mpu_dmp_motion_driver.o(.text)
    dmp_set_pedometer_step_count             0x080035f7   Thumb Code    42  inv_mpu_dmp_motion_driver.o(.text)
    dmp_get_pedometer_walk_time              0x08003621   Thumb Code    72  inv_mpu_dmp_motion_driver.o(.text)
    dmp_set_pedometer_walk_time              0x08003669   Thumb Code    48  inv_mpu_dmp_motion_driver.o(.text)
    dmp_enable_6x_lp_quat                    0x08003699   Thumb Code    84  inv_mpu_dmp_motion_driver.o(.text)
    dmp_enable_lp_quat                       0x080036ed   Thumb Code    60  inv_mpu_dmp_motion_driver.o(.text)
    dmp_enable_gyro_cal                      0x08003729   Thumb Code    62  inv_mpu_dmp_motion_driver.o(.text)
    dmp_enable_feature                       0x08003767   Thumb Code   530  inv_mpu_dmp_motion_driver.o(.text)
    dmp_get_enabled_features                 0x08003979   Thumb Code    12  inv_mpu_dmp_motion_driver.o(.text)
    dmp_set_interrupt_mode                   0x080039e3   Thumb Code    66  inv_mpu_dmp_motion_driver.o(.text)
    dmp_read_fifo                            0x08003a25   Thumb Code   514  inv_mpu_dmp_motion_driver.o(.text)
    dmp_register_tap_cb                      0x08003c27   Thumb Code    10  inv_mpu_dmp_motion_driver.o(.text)
    dmp_register_android_orient_cb           0x08003c31   Thumb Code    10  inv_mpu_dmp_motion_driver.o(.text)
    OLED_I2C_Init                            0x08003c41   Thumb Code    76  oled.o(.text)
    IIC_delay                                0x08003c8d   Thumb Code    16  oled.o(.text)
    OLED_I2C_Start                           0x08003c9d   Thumb Code    48  oled.o(.text)
    I2C_WaitAck                              0x08003ccd   Thumb Code    48  oled.o(.text)
    OLED_I2C_Stop                            0x08003cfd   Thumb Code    36  oled.o(.text)
    OLED_I2C_SendByte                        0x08003d21   Thumb Code    80  oled.o(.text)
    OLED_WriteCommand                        0x08003d71   Thumb Code    32  oled.o(.text)
    OLED_WriteData                           0x08003d91   Thumb Code    32  oled.o(.text)
    OLED_SetCursor                           0x08003db1   Thumb Code    34  oled.o(.text)
    OLED_Clear                               0x08003dd3   Thumb Code    42  oled.o(.text)
    OLED_ShowChar                            0x08003dfd   Thumb Code   110  oled.o(.text)
    OLED_ShowString                          0x08003e6b   Thumb Code    64  oled.o(.text)
    OLED_Pow                                 0x08003eab   Thumb Code    20  oled.o(.text)
    OLED_ShowNum                             0x08003ebf   Thumb Code    68  oled.o(.text)
    OLED_ShowSignedNum                       0x08003f03   Thumb Code   102  oled.o(.text)
    OLED_ShowHexNum                          0x08003f69   Thumb Code    84  oled.o(.text)
    OLED_ShowBinNum                          0x08003fbd   Thumb Code    62  oled.o(.text)
    OLED_Init                                0x08003ffb   Thumb Code   184  oled.o(.text)
    OLED_Refresh                             0x080040b3   Thumb Code    94  oled.o(.text)
    MiniBalance_Motor_Init                   0x08004115   Thumb Code    40  motor.o(.text)
    MiniBalance_PWM_Init                     0x0800413d   Thumb Code   184  motor.o(.text)
    myabs                                    0x080041f5   Thumb Code    14  motor.o(.text)
    Set_Pwm                                  0x08004203   Thumb Code   138  motor.o(.text)
    Xianfu_Pwm                               0x0800428d   Thumb Code    90  motor.o(.text)
    Motor_Error_Function                     0x080042e7   Thumb Code    28  motor.o(.text)
    Encoder_Init_TIM2                        0x0800431d   Thumb Code   146  encoder.o(.text)
    Encoder_Init_TIM4                        0x080043af   Thumb Code   138  encoder.o(.text)
    Read_Encoder                             0x08004439   Thumb Code    56  encoder.o(.text)
    TIM4_IRQHandler                          0x08004471   Thumb Code    24  encoder.o(.text)
    TIM2_IRQHandler                          0x08004489   Thumb Code    24  encoder.o(.text)
    Turn_PID_Control                         0x080044ad   Thumb Code   308  pid.o(.text)
    Inc_PID_Control                          0x080045e1   Thumb Code   272  pid.o(.text)
    Inc_PID_Control_Expert                   0x080046f1   Thumb Code     2  pid.o(.text)
    Position_PID_Control                     0x080046f3   Thumb Code   368  pid.o(.text)
    Motor_Velocity_Set                       0x08004863   Thumb Code    16  pid.o(.text)
    bluetooth_packet_init                    0x080048ad   Thumb Code    18  bluetooth.o(.text)
    bluetooth_uart_init                      0x080048bf   Thumb Code   172  bluetooth.o(.text)
    Get_packet_date                          0x0800496b   Thumb Code    80  bluetooth.o(.text)
    USART1_IRQHandler                        0x080049bb   Thumb Code   184  bluetooth.o(.text)
    blutooth_control                         0x08004a73   Thumb Code    18  bluetooth.o(.text)
    openmv_usart_init                        0x08004ad9   Thumb Code   212  open_mv_usart.o(.text)
    Pow_invert                               0x08004bad   Thumb Code    40  open_mv_usart.o(.text)
    Get_vofa_date_to_pid                     0x08004bd5   Thumb Code   152  open_mv_usart.o(.text)
    Get_error_form_openmv                    0x08004c6d   Thumb Code     2  open_mv_usart.o(.text)
    DMA1_Channel6_IRQHandler                 0x08004c6f   Thumb Code    58  open_mv_usart.o(.text)
    USART2_IRQHandler                        0x08004ca9   Thumb Code     2  open_mv_usart.o(.text)
    Usart_SendByte                           0x08004cab   Thumb Code    30  open_mv_usart.o(.text)
    Usart_SendArray                          0x08004cc9   Thumb Code    48  open_mv_usart.o(.text)
    Usart_SendString                         0x08004cf9   Thumb Code    42  open_mv_usart.o(.text)
    Usart_SendHalfWord                       0x08004d23   Thumb Code    64  open_mv_usart.o(.text)
    fputc                                    0x08004d63   Thumb Code    36  open_mv_usart.o(.text)
    fgetc                                    0x08004d87   Thumb Code    30  open_mv_usart.o(.text)
    PID_Date_Init                            0x08004dbd   Thumb Code    96  date.o(.text)
    Motor_Date_Init                          0x08004e1d   Thumb Code    14  date.o(.text)
    Dynamic_PID_Control                      0x08004e2b   Thumb Code     2  date.o(.text)
    Init_Display                             0x08004e75   Thumb Code   106  debug.o(.text)
    Debug_Display                            0x08004edf   Thumb Code   154  debug.o(.text)
    FSM_Function0                            0x08004fdd   Thumb Code     8  schedule.o(.text)
    FSM_Function1                            0x08004fe5   Thumb Code     8  schedule.o(.text)
    FSM_Function2                            0x08004fed   Thumb Code     2  schedule.o(.text)
    FSM_Init                                 0x08004fef   Thumb Code    30  schedule.o(.text)
    FSM_Schedule                             0x0800500d   Thumb Code    60  schedule.o(.text)
    TIM3_Config                              0x08005049   Thumb Code   104  schedule.o(.text)
    TIM3_IRQHandler                          0x080050b1   Thumb Code   608  schedule.o(.text)
    delay_init                               0x08005369   Thumb Code    50  delay.o(.text)
    delay_us                                 0x0800539b   Thumb Code    72  delay.o(.text)
    delay_ms                                 0x080053e3   Thumb Code    72  delay.o(.text)
    _sys_exit                                0x0800543d   Thumb Code     6  usart.o(.text)
    DeBug_Init                               0x08005443   Thumb Code   160  usart.o(.text)
    USART3_IRQHandler                        0x080054e3   Thumb Code   122  usart.o(.text)
    Reset_Handler                            0x0800556d   Thumb Code     8  startup_stm32f10x_hd.o(.text)
    ADC1_2_IRQHandler                        0x08005587   Thumb Code     0  startup_stm32f10x_hd.o(.text)
    ADC3_IRQHandler                          0x08005587   Thumb Code     0  startup_stm32f10x_hd.o(.text)
    CAN1_RX1_IRQHandler                      0x08005587   Thumb Code     0  startup_stm32f10x_hd.o(.text)
    CAN1_SCE_IRQHandler                      0x08005587   Thumb Code     0  startup_stm32f10x_hd.o(.text)
    DMA1_Channel1_IRQHandler                 0x08005587   Thumb Code     0  startup_stm32f10x_hd.o(.text)
    DMA1_Channel2_IRQHandler                 0x08005587   Thumb Code     0  startup_stm32f10x_hd.o(.text)
    DMA1_Channel3_IRQHandler                 0x08005587   Thumb Code     0  startup_stm32f10x_hd.o(.text)
    DMA1_Channel4_IRQHandler                 0x08005587   Thumb Code     0  startup_stm32f10x_hd.o(.text)
    DMA1_Channel5_IRQHandler                 0x08005587   Thumb Code     0  startup_stm32f10x_hd.o(.text)
    DMA1_Channel7_IRQHandler                 0x08005587   Thumb Code     0  startup_stm32f10x_hd.o(.text)
    DMA2_Channel1_IRQHandler                 0x08005587   Thumb Code     0  startup_stm32f10x_hd.o(.text)
    DMA2_Channel2_IRQHandler                 0x08005587   Thumb Code     0  startup_stm32f10x_hd.o(.text)
    DMA2_Channel3_IRQHandler                 0x08005587   Thumb Code     0  startup_stm32f10x_hd.o(.text)
    DMA2_Channel4_5_IRQHandler               0x08005587   Thumb Code     0  startup_stm32f10x_hd.o(.text)
    EXTI0_IRQHandler                         0x08005587   Thumb Code     0  startup_stm32f10x_hd.o(.text)
    EXTI15_10_IRQHandler                     0x08005587   Thumb Code     0  startup_stm32f10x_hd.o(.text)
    EXTI1_IRQHandler                         0x08005587   Thumb Code     0  startup_stm32f10x_hd.o(.text)
    EXTI2_IRQHandler                         0x08005587   Thumb Code     0  startup_stm32f10x_hd.o(.text)
    EXTI3_IRQHandler                         0x08005587   Thumb Code     0  startup_stm32f10x_hd.o(.text)
    FLASH_IRQHandler                         0x08005587   Thumb Code     0  startup_stm32f10x_hd.o(.text)
    FSMC_IRQHandler                          0x08005587   Thumb Code     0  startup_stm32f10x_hd.o(.text)
    I2C1_ER_IRQHandler                       0x08005587   Thumb Code     0  startup_stm32f10x_hd.o(.text)
    I2C1_EV_IRQHandler                       0x08005587   Thumb Code     0  startup_stm32f10x_hd.o(.text)
    I2C2_ER_IRQHandler                       0x08005587   Thumb Code     0  startup_stm32f10x_hd.o(.text)
    I2C2_EV_IRQHandler                       0x08005587   Thumb Code     0  startup_stm32f10x_hd.o(.text)
    PVD_IRQHandler                           0x08005587   Thumb Code     0  startup_stm32f10x_hd.o(.text)
    RCC_IRQHandler                           0x08005587   Thumb Code     0  startup_stm32f10x_hd.o(.text)
    RTCAlarm_IRQHandler                      0x08005587   Thumb Code     0  startup_stm32f10x_hd.o(.text)
    RTC_IRQHandler                           0x08005587   Thumb Code     0  startup_stm32f10x_hd.o(.text)
    SDIO_IRQHandler                          0x08005587   Thumb Code     0  startup_stm32f10x_hd.o(.text)
    SPI1_IRQHandler                          0x08005587   Thumb Code     0  startup_stm32f10x_hd.o(.text)
    SPI2_IRQHandler                          0x08005587   Thumb Code     0  startup_stm32f10x_hd.o(.text)
    SPI3_IRQHandler                          0x08005587   Thumb Code     0  startup_stm32f10x_hd.o(.text)
    TAMPER_IRQHandler                        0x08005587   Thumb Code     0  startup_stm32f10x_hd.o(.text)
    TIM1_BRK_IRQHandler                      0x08005587   Thumb Code     0  startup_stm32f10x_hd.o(.text)
    TIM1_CC_IRQHandler                       0x08005587   Thumb Code     0  startup_stm32f10x_hd.o(.text)
    TIM1_TRG_COM_IRQHandler                  0x08005587   Thumb Code     0  startup_stm32f10x_hd.o(.text)
    TIM1_UP_IRQHandler                       0x08005587   Thumb Code     0  startup_stm32f10x_hd.o(.text)
    TIM5_IRQHandler                          0x08005587   Thumb Code     0  startup_stm32f10x_hd.o(.text)
    TIM6_IRQHandler                          0x08005587   Thumb Code     0  startup_stm32f10x_hd.o(.text)
    TIM7_IRQHandler                          0x08005587   Thumb Code     0  startup_stm32f10x_hd.o(.text)
    TIM8_BRK_IRQHandler                      0x08005587   Thumb Code     0  startup_stm32f10x_hd.o(.text)
    TIM8_CC_IRQHandler                       0x08005587   Thumb Code     0  startup_stm32f10x_hd.o(.text)
    TIM8_TRG_COM_IRQHandler                  0x08005587   Thumb Code     0  startup_stm32f10x_hd.o(.text)
    TIM8_UP_IRQHandler                       0x08005587   Thumb Code     0  startup_stm32f10x_hd.o(.text)
    UART4_IRQHandler                         0x08005587   Thumb Code     0  startup_stm32f10x_hd.o(.text)
    UART5_IRQHandler                         0x08005587   Thumb Code     0  startup_stm32f10x_hd.o(.text)
    USBWakeUp_IRQHandler                     0x08005587   Thumb Code     0  startup_stm32f10x_hd.o(.text)
    USB_HP_CAN1_TX_IRQHandler                0x08005587   Thumb Code     0  startup_stm32f10x_hd.o(.text)
    USB_LP_CAN1_RX0_IRQHandler               0x08005587   Thumb Code     0  startup_stm32f10x_hd.o(.text)
    WWDG_IRQHandler                          0x08005587   Thumb Code     0  startup_stm32f10x_hd.o(.text)
    GPIO_DeInit                              0x08005591   Thumb Code   172  stm32f10x_gpio.o(.text)
    GPIO_AFIODeInit                          0x0800563d   Thumb Code    20  stm32f10x_gpio.o(.text)
    GPIO_Init                                0x08005651   Thumb Code   278  stm32f10x_gpio.o(.text)
    GPIO_StructInit                          0x08005767   Thumb Code    16  stm32f10x_gpio.o(.text)
    GPIO_ReadInputDataBit                    0x08005777   Thumb Code    18  stm32f10x_gpio.o(.text)
    GPIO_ReadInputData                       0x08005789   Thumb Code     8  stm32f10x_gpio.o(.text)
    GPIO_ReadOutputDataBit                   0x08005791   Thumb Code    18  stm32f10x_gpio.o(.text)
    GPIO_ReadOutputData                      0x080057a3   Thumb Code     8  stm32f10x_gpio.o(.text)
    GPIO_SetBits                             0x080057ab   Thumb Code     4  stm32f10x_gpio.o(.text)
    GPIO_ResetBits                           0x080057af   Thumb Code     4  stm32f10x_gpio.o(.text)
    GPIO_WriteBit                            0x080057b3   Thumb Code    10  stm32f10x_gpio.o(.text)
    GPIO_Write                               0x080057bd   Thumb Code     4  stm32f10x_gpio.o(.text)
    GPIO_PinLockConfig                       0x080057c1   Thumb Code    18  stm32f10x_gpio.o(.text)
    GPIO_EventOutputConfig                   0x080057d3   Thumb Code    26  stm32f10x_gpio.o(.text)
    GPIO_EventOutputCmd                      0x080057ed   Thumb Code     6  stm32f10x_gpio.o(.text)
    GPIO_PinRemapConfig                      0x080057f3   Thumb Code   138  stm32f10x_gpio.o(.text)
    GPIO_EXTILineConfig                      0x0800587d   Thumb Code    66  stm32f10x_gpio.o(.text)
    GPIO_ETH_MediaInterfaceConfig            0x080058bf   Thumb Code     8  stm32f10x_gpio.o(.text)
    RCC_DeInit                               0x080058ed   Thumb Code    64  stm32f10x_rcc.o(.text)
    RCC_HSEConfig                            0x0800592d   Thumb Code    70  stm32f10x_rcc.o(.text)
    RCC_GetFlagStatus                        0x08005973   Thumb Code    56  stm32f10x_rcc.o(.text)
    RCC_WaitForHSEStartUp                    0x080059ab   Thumb Code    56  stm32f10x_rcc.o(.text)
    RCC_AdjustHSICalibrationValue            0x080059e3   Thumb Code    20  stm32f10x_rcc.o(.text)
    RCC_HSICmd                               0x080059f7   Thumb Code     6  stm32f10x_rcc.o(.text)
    RCC_PLLConfig                            0x080059fd   Thumb Code    24  stm32f10x_rcc.o(.text)
    RCC_PLLCmd                               0x08005a15   Thumb Code     6  stm32f10x_rcc.o(.text)
    RCC_SYSCLKConfig                         0x08005a1b   Thumb Code    18  stm32f10x_rcc.o(.text)
    RCC_GetSYSCLKSource                      0x08005a2d   Thumb Code    10  stm32f10x_rcc.o(.text)
    RCC_HCLKConfig                           0x08005a37   Thumb Code    18  stm32f10x_rcc.o(.text)
    RCC_PCLK1Config                          0x08005a49   Thumb Code    18  stm32f10x_rcc.o(.text)
    RCC_PCLK2Config                          0x08005a5b   Thumb Code    20  stm32f10x_rcc.o(.text)
    RCC_ITConfig                             0x08005a6f   Thumb Code    26  stm32f10x_rcc.o(.text)
    RCC_USBCLKConfig                         0x08005a89   Thumb Code     8  stm32f10x_rcc.o(.text)
    RCC_ADCCLKConfig                         0x08005a91   Thumb Code    18  stm32f10x_rcc.o(.text)
    RCC_LSEConfig                            0x08005aa3   Thumb Code    50  stm32f10x_rcc.o(.text)
    RCC_LSICmd                               0x08005ad5   Thumb Code     6  stm32f10x_rcc.o(.text)
    RCC_RTCCLKConfig                         0x08005adb   Thumb Code    12  stm32f10x_rcc.o(.text)
    RCC_RTCCLKCmd                            0x08005ae7   Thumb Code     8  stm32f10x_rcc.o(.text)
    RCC_GetClocksFreq                        0x08005aef   Thumb Code   192  stm32f10x_rcc.o(.text)
    RCC_AHBPeriphClockCmd                    0x08005baf   Thumb Code    26  stm32f10x_rcc.o(.text)
    RCC_APB2PeriphClockCmd                   0x08005bc9   Thumb Code    26  stm32f10x_rcc.o(.text)
    RCC_APB1PeriphClockCmd                   0x08005be3   Thumb Code    26  stm32f10x_rcc.o(.text)
    RCC_APB2PeriphResetCmd                   0x08005bfd   Thumb Code    26  stm32f10x_rcc.o(.text)
    RCC_APB1PeriphResetCmd                   0x08005c17   Thumb Code    26  stm32f10x_rcc.o(.text)
    RCC_BackupResetCmd                       0x08005c31   Thumb Code     8  stm32f10x_rcc.o(.text)
    RCC_ClockSecuritySystemCmd               0x08005c39   Thumb Code     6  stm32f10x_rcc.o(.text)
    RCC_MCOConfig                            0x08005c3f   Thumb Code     6  stm32f10x_rcc.o(.text)
    RCC_ClearFlag                            0x08005c45   Thumb Code    14  stm32f10x_rcc.o(.text)
    RCC_GetITStatus                          0x08005c53   Thumb Code    20  stm32f10x_rcc.o(.text)
    RCC_ClearITPendingBit                    0x08005c67   Thumb Code     6  stm32f10x_rcc.o(.text)
    USART_DeInit                             0x08005c91   Thumb Code   134  stm32f10x_usart.o(.text)
    USART_Init                               0x08005d17   Thumb Code   210  stm32f10x_usart.o(.text)
    USART_StructInit                         0x08005de9   Thumb Code    24  stm32f10x_usart.o(.text)
    USART_ClockInit                          0x08005e01   Thumb Code    34  stm32f10x_usart.o(.text)
    USART_ClockStructInit                    0x08005e23   Thumb Code    12  stm32f10x_usart.o(.text)
    USART_Cmd                                0x08005e2f   Thumb Code    24  stm32f10x_usart.o(.text)
    USART_ITConfig                           0x08005e47   Thumb Code    74  stm32f10x_usart.o(.text)
    USART_DMACmd                             0x08005e91   Thumb Code    18  stm32f10x_usart.o(.text)
    USART_SetAddress                         0x08005ea3   Thumb Code    18  stm32f10x_usart.o(.text)
    USART_WakeUpConfig                       0x08005eb5   Thumb Code    18  stm32f10x_usart.o(.text)
    USART_ReceiverWakeUpCmd                  0x08005ec7   Thumb Code    24  stm32f10x_usart.o(.text)
    USART_LINBreakDetectLengthConfig         0x08005edf   Thumb Code    18  stm32f10x_usart.o(.text)
    USART_LINCmd                             0x08005ef1   Thumb Code    24  stm32f10x_usart.o(.text)
    USART_SendData                           0x08005f09   Thumb Code     8  stm32f10x_usart.o(.text)
    USART_ReceiveData                        0x08005f11   Thumb Code    10  stm32f10x_usart.o(.text)
    USART_SendBreak                          0x08005f1b   Thumb Code    10  stm32f10x_usart.o(.text)
    USART_SetGuardTime                       0x08005f25   Thumb Code    16  stm32f10x_usart.o(.text)
    USART_SetPrescaler                       0x08005f35   Thumb Code    16  stm32f10x_usart.o(.text)
    USART_SmartCardCmd                       0x08005f45   Thumb Code    24  stm32f10x_usart.o(.text)
    USART_SmartCardNACKCmd                   0x08005f5d   Thumb Code    24  stm32f10x_usart.o(.text)
    USART_HalfDuplexCmd                      0x08005f75   Thumb Code    24  stm32f10x_usart.o(.text)
    USART_OverSampling8Cmd                   0x08005f8d   Thumb Code    22  stm32f10x_usart.o(.text)
    USART_OneBitMethodCmd                    0x08005fa3   Thumb Code    24  stm32f10x_usart.o(.text)
    USART_IrDAConfig                         0x08005fbb   Thumb Code    18  stm32f10x_usart.o(.text)
    USART_IrDACmd                            0x08005fcd   Thumb Code    24  stm32f10x_usart.o(.text)
    USART_GetFlagStatus                      0x08005fe5   Thumb Code    26  stm32f10x_usart.o(.text)
    USART_ClearFlag                          0x08005fff   Thumb Code    18  stm32f10x_usart.o(.text)
    USART_GetITStatus                        0x08006011   Thumb Code    84  stm32f10x_usart.o(.text)
    USART_ClearITPendingBit                  0x08006065   Thumb Code    52  stm32f10x_usart.o(.text)
    NVIC_PriorityGroupConfig                 0x08006099   Thumb Code    10  misc.o(.text)
    NVIC_Init                                0x080060a3   Thumb Code   100  misc.o(.text)
    NVIC_SetVectorTable                      0x08006107   Thumb Code    14  misc.o(.text)
    NVIC_SystemLPConfig                      0x08006115   Thumb Code    34  misc.o(.text)
    SysTick_CLKSourceConfig                  0x08006137   Thumb Code    40  misc.o(.text)
    TIM_DeInit                               0x08006175   Thumb Code   424  stm32f10x_tim.o(.text)
    TIM_TimeBaseInit                         0x0800631d   Thumb Code   122  stm32f10x_tim.o(.text)
    TIM_OC1Init                              0x08006397   Thumb Code   132  stm32f10x_tim.o(.text)
    TIM_OC2Init                              0x0800641b   Thumb Code   154  stm32f10x_tim.o(.text)
    TIM_OC3Init                              0x080064b5   Thumb Code   150  stm32f10x_tim.o(.text)
    TIM_OC4Init                              0x0800654b   Thumb Code   182  stm32f10x_tim.o(.text)
    TIM_SetIC4Prescaler                      0x08006601   Thumb Code    26  stm32f10x_tim.o(.text)
    TIM_SetIC3Prescaler                      0x0800669d   Thumb Code    18  stm32f10x_tim.o(.text)
    TIM_SetIC2Prescaler                      0x08006729   Thumb Code    26  stm32f10x_tim.o(.text)
    TIM_SetIC1Prescaler                      0x080067c5   Thumb Code    18  stm32f10x_tim.o(.text)
    TIM_ICInit                               0x08006843   Thumb Code   150  stm32f10x_tim.o(.text)
    TIM_PWMIConfig                           0x080068d9   Thumb Code   124  stm32f10x_tim.o(.text)
    TIM_BDTRConfig                           0x08006955   Thumb Code    32  stm32f10x_tim.o(.text)
    TIM_TimeBaseStructInit                   0x08006975   Thumb Code    18  stm32f10x_tim.o(.text)
    TIM_OCStructInit                         0x08006987   Thumb Code    20  stm32f10x_tim.o(.text)
    TIM_ICStructInit                         0x0800699b   Thumb Code    18  stm32f10x_tim.o(.text)
    TIM_BDTRStructInit                       0x080069ad   Thumb Code    40  stm32f10x_tim.o(.text)
    TIM_Cmd                                  0x080069d5   Thumb Code    24  stm32f10x_tim.o(.text)
    TIM_CtrlPWMOutputs                       0x080069ed   Thumb Code    30  stm32f10x_tim.o(.text)
    TIM_ITConfig                             0x08006a0b   Thumb Code    18  stm32f10x_tim.o(.text)
    TIM_GenerateEvent                        0x08006a1d   Thumb Code     4  stm32f10x_tim.o(.text)
    TIM_DMAConfig                            0x08006a21   Thumb Code    10  stm32f10x_tim.o(.text)
    TIM_DMACmd                               0x08006a2b   Thumb Code    18  stm32f10x_tim.o(.text)
    TIM_InternalClockConfig                  0x08006a3d   Thumb Code    12  stm32f10x_tim.o(.text)
    TIM_SelectInputTrigger                   0x08006a49   Thumb Code    18  stm32f10x_tim.o(.text)
    TIM_ITRxExternalClockConfig              0x08006a5b   Thumb Code    24  stm32f10x_tim.o(.text)
    TIM_TIxExternalClockConfig               0x08006a73   Thumb Code    62  stm32f10x_tim.o(.text)
    TIM_ETRConfig                            0x08006ab1   Thumb Code    28  stm32f10x_tim.o(.text)
    TIM_ETRClockMode1Config                  0x08006acd   Thumb Code    54  stm32f10x_tim.o(.text)
    TIM_ETRClockMode2Config                  0x08006b03   Thumb Code    32  stm32f10x_tim.o(.text)
    TIM_PrescalerConfig                      0x08006b23   Thumb Code     6  stm32f10x_tim.o(.text)
    TIM_CounterModeConfig                    0x08006b29   Thumb Code    18  stm32f10x_tim.o(.text)
    TIM_EncoderInterfaceConfig               0x08006b3b   Thumb Code    66  stm32f10x_tim.o(.text)
    TIM_ForcedOC1Config                      0x08006b7d   Thumb Code    18  stm32f10x_tim.o(.text)
    TIM_ForcedOC2Config                      0x08006b8f   Thumb Code    26  stm32f10x_tim.o(.text)
    TIM_ForcedOC3Config                      0x08006ba9   Thumb Code    18  stm32f10x_tim.o(.text)
    TIM_ForcedOC4Config                      0x08006bbb   Thumb Code    26  stm32f10x_tim.o(.text)
    TIM_ARRPreloadConfig                     0x08006bd5   Thumb Code    24  stm32f10x_tim.o(.text)
    TIM_SelectCOM                            0x08006bed   Thumb Code    24  stm32f10x_tim.o(.text)
    TIM_SelectCCDMA                          0x08006c05   Thumb Code    24  stm32f10x_tim.o(.text)
    TIM_CCPreloadControl                     0x08006c1d   Thumb Code    24  stm32f10x_tim.o(.text)
    TIM_OC1PreloadConfig                     0x08006c35   Thumb Code    18  stm32f10x_tim.o(.text)
    TIM_OC2PreloadConfig                     0x08006c47   Thumb Code    26  stm32f10x_tim.o(.text)
    TIM_OC3PreloadConfig                     0x08006c61   Thumb Code    18  stm32f10x_tim.o(.text)
    TIM_OC4PreloadConfig                     0x08006c73   Thumb Code    26  stm32f10x_tim.o(.text)
    TIM_OC1FastConfig                        0x08006c8d   Thumb Code    18  stm32f10x_tim.o(.text)
    TIM_OC2FastConfig                        0x08006c9f   Thumb Code    26  stm32f10x_tim.o(.text)
    TIM_OC3FastConfig                        0x08006cb9   Thumb Code    18  stm32f10x_tim.o(.text)
    TIM_OC4FastConfig                        0x08006ccb   Thumb Code    26  stm32f10x_tim.o(.text)
    TIM_ClearOC1Ref                          0x08006ce5   Thumb Code    18  stm32f10x_tim.o(.text)
    TIM_ClearOC2Ref                          0x08006cf7   Thumb Code    24  stm32f10x_tim.o(.text)
    TIM_ClearOC3Ref                          0x08006d0f   Thumb Code    18  stm32f10x_tim.o(.text)
    TIM_ClearOC4Ref                          0x08006d21   Thumb Code    24  stm32f10x_tim.o(.text)
    TIM_OC1PolarityConfig                    0x08006d39   Thumb Code    18  stm32f10x_tim.o(.text)
    TIM_OC1NPolarityConfig                   0x08006d4b   Thumb Code    18  stm32f10x_tim.o(.text)
    TIM_OC2PolarityConfig                    0x08006d5d   Thumb Code    26  stm32f10x_tim.o(.text)
    TIM_OC2NPolarityConfig                   0x08006d77   Thumb Code    26  stm32f10x_tim.o(.text)
    TIM_OC3PolarityConfig                    0x08006d91   Thumb Code    26  stm32f10x_tim.o(.text)
    TIM_OC3NPolarityConfig                   0x08006dab   Thumb Code    26  stm32f10x_tim.o(.text)
    TIM_OC4PolarityConfig                    0x08006dc5   Thumb Code    26  stm32f10x_tim.o(.text)
    TIM_CCxCmd                               0x08006ddf   Thumb Code    30  stm32f10x_tim.o(.text)
    TIM_CCxNCmd                              0x08006dfd   Thumb Code    30  stm32f10x_tim.o(.text)
    TIM_SelectOCxM                           0x08006e1b   Thumb Code    82  stm32f10x_tim.o(.text)
    TIM_UpdateDisableConfig                  0x08006e6d   Thumb Code    24  stm32f10x_tim.o(.text)
    TIM_UpdateRequestConfig                  0x08006e85   Thumb Code    24  stm32f10x_tim.o(.text)
    TIM_SelectHallSensor                     0x08006e9d   Thumb Code    24  stm32f10x_tim.o(.text)
    TIM_SelectOnePulseMode                   0x08006eb5   Thumb Code    18  stm32f10x_tim.o(.text)
    TIM_SelectOutputTrigger                  0x08006ec7   Thumb Code    18  stm32f10x_tim.o(.text)
    TIM_SelectSlaveMode                      0x08006ed9   Thumb Code    18  stm32f10x_tim.o(.text)
    TIM_SelectMasterSlaveMode                0x08006eeb   Thumb Code    18  stm32f10x_tim.o(.text)
    TIM_SetCounter                           0x08006efd   Thumb Code     4  stm32f10x_tim.o(.text)
    TIM_SetAutoreload                        0x08006f01   Thumb Code     4  stm32f10x_tim.o(.text)
    TIM_SetCompare1                          0x08006f05   Thumb Code     4  stm32f10x_tim.o(.text)
    TIM_SetCompare2                          0x08006f09   Thumb Code     4  stm32f10x_tim.o(.text)
    TIM_SetCompare3                          0x08006f0d   Thumb Code     4  stm32f10x_tim.o(.text)
    TIM_SetCompare4                          0x08006f11   Thumb Code     6  stm32f10x_tim.o(.text)
    TIM_SetClockDivision                     0x08006f17   Thumb Code    18  stm32f10x_tim.o(.text)
    TIM_GetCapture1                          0x08006f29   Thumb Code     6  stm32f10x_tim.o(.text)
    TIM_GetCapture2                          0x08006f2f   Thumb Code     6  stm32f10x_tim.o(.text)
    TIM_GetCapture3                          0x08006f35   Thumb Code     6  stm32f10x_tim.o(.text)
    TIM_GetCapture4                          0x08006f3b   Thumb Code     8  stm32f10x_tim.o(.text)
    TIM_GetCounter                           0x08006f43   Thumb Code     6  stm32f10x_tim.o(.text)
    TIM_GetPrescaler                         0x08006f49   Thumb Code     6  stm32f10x_tim.o(.text)
    TIM_GetFlagStatus                        0x08006f4f   Thumb Code    18  stm32f10x_tim.o(.text)
    TIM_ClearFlag                            0x08006f61   Thumb Code     6  stm32f10x_tim.o(.text)
    TIM_GetITStatus                          0x08006f67   Thumb Code    34  stm32f10x_tim.o(.text)
    TIM_ClearITPendingBit                    0x08006f89   Thumb Code     6  stm32f10x_tim.o(.text)
    EXTI_DeInit                              0x08006f91   Thumb Code    28  stm32f10x_exti.o(.text)
    EXTI_Init                                0x08006fad   Thumb Code   142  stm32f10x_exti.o(.text)
    EXTI_StructInit                          0x0800703b   Thumb Code    16  stm32f10x_exti.o(.text)
    EXTI_GenerateSWInterrupt                 0x0800704b   Thumb Code    16  stm32f10x_exti.o(.text)
    EXTI_GetFlagStatus                       0x0800705b   Thumb Code    22  stm32f10x_exti.o(.text)
    EXTI_ClearFlag                           0x08007071   Thumb Code     8  stm32f10x_exti.o(.text)
    EXTI_GetITStatus                         0x08007079   Thumb Code    34  stm32f10x_exti.o(.text)
    EXTI_ClearITPendingBit                   0x0800709b   Thumb Code     8  stm32f10x_exti.o(.text)
    DMA_DeInit                               0x080070ad   Thumb Code   324  stm32f10x_dma.o(.text)
    DMA_Init                                 0x080071f1   Thumb Code    60  stm32f10x_dma.o(.text)
    DMA_StructInit                           0x0800722d   Thumb Code    26  stm32f10x_dma.o(.text)
    DMA_Cmd                                  0x08007247   Thumb Code    24  stm32f10x_dma.o(.text)
    DMA_ITConfig                             0x0800725f   Thumb Code    18  stm32f10x_dma.o(.text)
    DMA_SetCurrDataCounter                   0x08007271   Thumb Code     4  stm32f10x_dma.o(.text)
    DMA_GetCurrDataCounter                   0x08007275   Thumb Code     8  stm32f10x_dma.o(.text)
    DMA_GetFlagStatus                        0x0800727d   Thumb Code    40  stm32f10x_dma.o(.text)
    DMA_ClearFlag                            0x080072a5   Thumb Code    22  stm32f10x_dma.o(.text)
    DMA_GetITStatus                          0x080072bb   Thumb Code    40  stm32f10x_dma.o(.text)
    DMA_ClearITPendingBit                    0x080072e3   Thumb Code    22  stm32f10x_dma.o(.text)
    __aeabi_ldivmod                          0x08007301   Thumb Code    98  ldiv.o(.text)
    __aeabi_memset                           0x08007363   Thumb Code    14  memseta.o(.text)
    __aeabi_memset4                          0x08007363   Thumb Code     0  memseta.o(.text)
    __aeabi_memset8                          0x08007363   Thumb Code     0  memseta.o(.text)
    __aeabi_memclr                           0x08007371   Thumb Code     4  memseta.o(.text)
    __aeabi_memclr4                          0x08007371   Thumb Code     0  memseta.o(.text)
    __aeabi_memclr8                          0x08007371   Thumb Code     0  memseta.o(.text)
    _memset$wrapper                          0x08007375   Thumb Code    18  memseta.o(.text)
    memcmp                                   0x08007387   Thumb Code    26  memcmp.o(.text)
    __aeabi_fadd                             0x080073a1   Thumb Code   164  fadd.o(.text)
    __aeabi_fsub                             0x08007445   Thumb Code     6  fadd.o(.text)
    __aeabi_frsub                            0x0800744b   Thumb Code     6  fadd.o(.text)
    __aeabi_fmul                             0x08007451   Thumb Code   100  fmul.o(.text)
    __aeabi_fdiv                             0x080074b5   Thumb Code   124  fdiv.o(.text)
    __aeabi_dadd                             0x08007531   Thumb Code   322  dadd.o(.text)
    __aeabi_dsub                             0x08007673   Thumb Code     6  dadd.o(.text)
    __aeabi_drsub                            0x08007679   Thumb Code     6  dadd.o(.text)
    __aeabi_dmul                             0x0800767f   Thumb Code   228  dmul.o(.text)
    __aeabi_ddiv                             0x08007763   Thumb Code   222  ddiv.o(.text)
    __aeabi_i2f                              0x08007841   Thumb Code    18  fflti.o(.text)
    __aeabi_ui2f                             0x08007853   Thumb Code    10  ffltui.o(.text)
    __aeabi_i2d                              0x0800785d   Thumb Code    34  dflti.o(.text)
    __aeabi_f2iz                             0x0800787f   Thumb Code    50  ffixi.o(.text)
    __aeabi_f2uiz                            0x080078b1   Thumb Code    40  ffixui.o(.text)
    __aeabi_f2d                              0x080078d9   Thumb Code    38  f2d.o(.text)
    __aeabi_cdcmpeq                          0x08007901   Thumb Code     0  cdcmple.o(.text)
    __aeabi_cdcmple                          0x08007901   Thumb Code    48  cdcmple.o(.text)
    __aeabi_cdrcmple                         0x08007931   Thumb Code    48  cdrcmple.o(.text)
    __aeabi_d2f                              0x08007961   Thumb Code    56  d2f.o(.text)
    __aeabi_cfcmpeq                          0x08007999   Thumb Code     0  cfcmple.o(.text)
    __aeabi_cfcmple                          0x08007999   Thumb Code    20  cfcmple.o(.text)
    __aeabi_cfrcmple                         0x080079ad   Thumb Code    20  cfrcmple.o(.text)
    __aeabi_uidiv                            0x080079c1   Thumb Code     0  uidiv.o(.text)
    __aeabi_uidivmod                         0x080079c1   Thumb Code    44  uidiv.o(.text)
    __aeabi_uldivmod                         0x080079ed   Thumb Code    98  uldiv.o(.text)
    __aeabi_llsl                             0x08007a4f   Thumb Code    30  llshl.o(.text)
    _ll_shift_l                              0x08007a4f   Thumb Code     0  llshl.o(.text)
    __aeabi_lasr                             0x08007a6d   Thumb Code    36  llsshr.o(.text)
    _ll_sshift_r                             0x08007a6d   Thumb Code     0  llsshr.o(.text)
    __I$use$fp                               0x08007a91   Thumb Code     0  iusefp.o(.text)
    _float_round                             0x08007a91   Thumb Code    18  fepilogue.o(.text)
    _float_epilogue                          0x08007aa3   Thumb Code    92  fepilogue.o(.text)
    _double_round                            0x08007aff   Thumb Code    30  depilogue.o(.text)
    _double_epilogue                         0x08007b1d   Thumb Code   156  depilogue.o(.text)
    __ARM_scalbn                             0x08007bb9   Thumb Code    46  dscalb.o(.text)
    scalbn                                   0x08007bb9   Thumb Code     0  dscalb.o(.text)
    __aeabi_d2ulz                            0x08007be7   Thumb Code    48  dfixul.o(.text)
    __scatterload                            0x08007c19   Thumb Code    28  init.o(.text)
    __scatterload_rt2                        0x08007c19   Thumb Code     0  init.o(.text)
    __aeabi_llsr                             0x08007c3d   Thumb Code    32  llushr.o(.text)
    _ll_ushift_r                             0x08007c3d   Thumb Code     0  llushr.o(.text)
    _dsqrt                                   0x08007c5d   Thumb Code   162  dsqrt.o(.text)
    __0printf                                0x08007d01   Thumb Code    22  printfa.o(i.__0printf)
    __1printf                                0x08007d01   Thumb Code     0  printfa.o(i.__0printf)
    __2printf                                0x08007d01   Thumb Code     0  printfa.o(i.__0printf)
    __c89printf                              0x08007d01   Thumb Code     0  printfa.o(i.__0printf)
    printf                                   0x08007d01   Thumb Code     0  printfa.o(i.__0printf)
    __0sprintf                               0x08007d21   Thumb Code    34  printfa.o(i.__0sprintf)
    __1sprintf                               0x08007d21   Thumb Code     0  printfa.o(i.__0sprintf)
    __2sprintf                               0x08007d21   Thumb Code     0  printfa.o(i.__0sprintf)
    __c89sprintf                             0x08007d21   Thumb Code     0  printfa.o(i.__0sprintf)
    sprintf                                  0x08007d21   Thumb Code     0  printfa.o(i.__0sprintf)
    __ARM_fpclassify                         0x08007d49   Thumb Code    40  fpclassify.o(i.__ARM_fpclassify)
    __kernel_poly                            0x08007d71   Thumb Code   170  poly.o(i.__kernel_poly)
    __mathlib_dbl_infnan                     0x08007e1b   Thumb Code     6  dunder.o(i.__mathlib_dbl_infnan)
    __mathlib_dbl_infnan2                    0x08007e21   Thumb Code     4  dunder.o(i.__mathlib_dbl_infnan2)
    __mathlib_dbl_invalid                    0x08007e25   Thumb Code    12  dunder.o(i.__mathlib_dbl_invalid)
    __mathlib_dbl_underflow                  0x08007e31   Thumb Code    10  dunder.o(i.__mathlib_dbl_underflow)
    __scatterload_copy                       0x08007e41   Thumb Code    14  handlers.o(i.__scatterload_copy)
    __scatterload_null                       0x08007e4f   Thumb Code     2  handlers.o(i.__scatterload_null)
    __scatterload_zeroinit                   0x08007e51   Thumb Code    14  handlers.o(i.__scatterload_zeroinit)
    __set_errno                              0x08007e61   Thumb Code     6  errno.o(i.__set_errno)
    asin                                     0x08008701   Thumb Code   572  asin.o(i.asin)
    atan                                     0x08008971   Thumb Code   474  atan.o(i.atan)
    atan2                                    0x08008b91   Thumb Code   374  atan2.o(i.atan2)
    sqrt                                     0x08008d2d   Thumb Code    76  sqrt.o(i.sqrt)
    reg                                      0x08008d78   Data          27  inv_mpu.o(.constdata)
    hw                                       0x08008d94   Data          12  inv_mpu.o(.constdata)
    test                                     0x08008da0   Data          40  inv_mpu.o(.constdata)
    OLED_F8x16                               0x080099be   Data        1520  oled.o(.constdata)
    __mathlib_zero                           0x0800a098   Data           8  qnan.o(.constdata)
    Region$$Table$$Base                      0x0800a0f0   Number         0  anon$$obj.o(Region$$Table)
    Region$$Table$$Limit                     0x0800a110   Number         0  anon$$obj.o(Region$$Table)
    SystemCoreClock                          0x20000000   Data           4  system_stm32f10x.o(.data)
    AHBPrescTable                            0x20000004   Data          16  system_stm32f10x.o(.data)
    Bluetooth_RxBuf                          0x2000004c   Data           5  bluetooth.o(.data)
    BUF_P1                                   0x20000054   Data           4  bluetooth.o(.data)
    usart_value                              0x20000058   Data           1  bluetooth.o(.data)
    __stdout                                 0x20000060   Data           4  usart.o(.data)
    USART_RX_STA                             0x20000064   Data           2  usart.o(.data)
    OLED_GRAM                                0x20000090   Data        1152  oled.o(.bss)
    Blance_motor                             0x20000510   Data          24  motor.o(.bss)
    Angle_loop                               0x20000528   Data          56  pid.o(.bss)
    Angle_speed_loop                         0x20000560   Data          56  pid.o(.bss)
    Turn_loop                                0x20000598   Data          56  pid.o(.bss)
    Motor_Velocity_loop                      0x200005d0   Data          52  pid.o(.bss)
    Exper_Motor_Velocity_TCB                 0x20000604   Data          40  pid.o(.bss)
    bluetooth_packet                         0x2000062c   Data          12  bluetooth.o(.bss)
    Openmv_usart_packet_buf                  0x20000638   Data          10  open_mv_usart.o(.bss)
    vofa_packet                              0x20000642   Data          17  open_mv_usart.o(.bss)
    oledBuf                                  0x20000653   Data          50  debug.o(.bss)
    Active_FSM                               0x20000688   Data          16  schedule.o(.bss)
    mpu6050_date                             0x20000698   Data          20  schedule.o(.bss)
    USART_RX_BUF                             0x200006ac   Data         200  usart.o(.bss)
    __initial_sp                             0x20000b78   Data           0  startup_stm32f10x_hd.o(STACK)



==============================================================================

Memory Map of the image

  Image Entry point : 0x08000131

  Load Region LR_IROM1 (Base: 0x08000000, Size: 0x0000a190, Max: 0x00010000, ABSOLUTE)

    Execution Region ER_IROM1 (Exec base: 0x08000000, Load base: 0x08000000, Size: 0x0000a110, Max: 0x00010000, ABSOLUTE)

    Exec Addr    Load Addr    Size         Type   Attr      Idx    E Section Name        Object

    0x08000000   0x08000000   0x00000130   Data   RO          548    RESET               startup_stm32f10x_hd.o
    0x08000130   0x08000130   0x00000000   Code   RO          657  * .ARM.Collect$$$$00000000  mc_w.l(entry.o)
    0x08000130   0x08000130   0x00000004   Code   RO          998    .ARM.Collect$$$$00000001  mc_w.l(entry2.o)
    0x08000134   0x08000134   0x00000004   Code   RO         1001    .ARM.Collect$$$$00000004  mc_w.l(entry5.o)
    0x08000138   0x08000138   0x00000000   Code   RO         1003    .ARM.Collect$$$$00000008  mc_w.l(entry7b.o)
    0x08000138   0x08000138   0x00000000   Code   RO         1005    .ARM.Collect$$$$0000000A  mc_w.l(entry8b.o)
    0x08000138   0x08000138   0x00000008   Code   RO         1006    .ARM.Collect$$$$0000000B  mc_w.l(entry9a.o)
    0x08000140   0x08000140   0x00000004   Code   RO         1013    .ARM.Collect$$$$0000000E  mc_w.l(entry12b.o)
    0x08000144   0x08000144   0x00000000   Code   RO         1008    .ARM.Collect$$$$0000000F  mc_w.l(entry10a.o)
    0x08000144   0x08000144   0x00000000   Code   RO         1010    .ARM.Collect$$$$00000011  mc_w.l(entry11a.o)
    0x08000144   0x08000144   0x00000004   Code   RO          999    .ARM.Collect$$$$00002712  mc_w.l(entry2.o)
    0x08000148   0x08000148   0x000000a0   Code   RO            1    .text               main.o
    0x080001e8   0x080001e8   0x0000001a   Code   RO          165    .text               stm32f10x_it.o
    0x08000202   0x08000202   0x00000002   PAD
    0x08000204   0x08000204   0x000001e0   Code   RO          206    .text               system_stm32f10x.o
    0x080003e4   0x080003e4   0x00000260   Code   RO          224    .text               mpuiic.o
    0x08000644   0x08000644   0x000001a4   Code   RO          236    .text               key.o
    0x080007e8   0x080007e8   0x0000228c   Code   RO          252    .text               inv_mpu.o
    0x08002a74   0x08002a74   0x0000045c   Code   RO          282    .text               mpu6050.o
    0x08002ed0   0x08002ed0   0x00000d70   Code   RO          295    .text               inv_mpu_dmp_motion_driver.o
    0x08003c40   0x08003c40   0x000004d4   Code   RO          320    .text               oled.o
    0x08004114   0x08004114   0x00000208   Code   RO          342    .text               motor.o
    0x0800431c   0x0800431c   0x00000190   Code   RO          360    .text               encoder.o
    0x080044ac   0x080044ac   0x00000400   Code   RO          372    .text               pid.o
    0x080048ac   0x080048ac   0x0000022c   Code   RO          390    .text               bluetooth.o
    0x08004ad8   0x08004ad8   0x000002e4   Code   RO          409    .text               open_mv_usart.o
    0x08004dbc   0x08004dbc   0x000000b8   Code   RO          428    .text               date.o
    0x08004e74   0x08004e74   0x00000168   Code   RO          446    .text               debug.o
    0x08004fdc   0x08004fdc   0x0000038c   Code   RO          461    .text               schedule.o
    0x08005368   0x08005368   0x000000d4   Code   RO          482    .text               delay.o
    0x0800543c   0x0800543c   0x00000130   Code   RO          513    .text               usart.o
    0x0800556c   0x0800556c   0x00000024   Code   RO          549    .text               startup_stm32f10x_hd.o
    0x08005590   0x08005590   0x0000035c   Code   RO          553    .text               stm32f10x_gpio.o
    0x080058ec   0x080058ec   0x000003a4   Code   RO          565    .text               stm32f10x_rcc.o
    0x08005c90   0x08005c90   0x00000408   Code   RO          579    .text               stm32f10x_usart.o
    0x08006098   0x08006098   0x000000dc   Code   RO          591    .text               misc.o
    0x08006174   0x08006174   0x00000e1a   Code   RO          603    .text               stm32f10x_tim.o
    0x08006f8e   0x08006f8e   0x00000002   PAD
    0x08006f90   0x08006f90   0x0000011c   Code   RO          615    .text               stm32f10x_exti.o
    0x080070ac   0x080070ac   0x00000254   Code   RO          627    .text               stm32f10x_dma.o
    0x08007300   0x08007300   0x00000062   Code   RO          660    .text               mc_w.l(ldiv.o)
    0x08007362   0x08007362   0x00000024   Code   RO          662    .text               mc_w.l(memseta.o)
    0x08007386   0x08007386   0x0000001a   Code   RO          664    .text               mc_w.l(memcmp.o)
    0x080073a0   0x080073a0   0x000000b0   Code   RO          927    .text               mf_w.l(fadd.o)
    0x08007450   0x08007450   0x00000064   Code   RO          929    .text               mf_w.l(fmul.o)
    0x080074b4   0x080074b4   0x0000007c   Code   RO          931    .text               mf_w.l(fdiv.o)
    0x08007530   0x08007530   0x0000014e   Code   RO          933    .text               mf_w.l(dadd.o)
    0x0800767e   0x0800767e   0x000000e4   Code   RO          935    .text               mf_w.l(dmul.o)
    0x08007762   0x08007762   0x000000de   Code   RO          937    .text               mf_w.l(ddiv.o)
    0x08007840   0x08007840   0x00000012   Code   RO          939    .text               mf_w.l(fflti.o)
    0x08007852   0x08007852   0x0000000a   Code   RO          941    .text               mf_w.l(ffltui.o)
    0x0800785c   0x0800785c   0x00000022   Code   RO          943    .text               mf_w.l(dflti.o)
    0x0800787e   0x0800787e   0x00000032   Code   RO          945    .text               mf_w.l(ffixi.o)
    0x080078b0   0x080078b0   0x00000028   Code   RO          947    .text               mf_w.l(ffixui.o)
    0x080078d8   0x080078d8   0x00000026   Code   RO          949    .text               mf_w.l(f2d.o)
    0x080078fe   0x080078fe   0x00000002   PAD
    0x08007900   0x08007900   0x00000030   Code   RO          951    .text               mf_w.l(cdcmple.o)
    0x08007930   0x08007930   0x00000030   Code   RO          953    .text               mf_w.l(cdrcmple.o)
    0x08007960   0x08007960   0x00000038   Code   RO          955    .text               mf_w.l(d2f.o)
    0x08007998   0x08007998   0x00000014   Code   RO          957    .text               mf_w.l(cfcmple.o)
    0x080079ac   0x080079ac   0x00000014   Code   RO          959    .text               mf_w.l(cfrcmple.o)
    0x080079c0   0x080079c0   0x0000002c   Code   RO         1014    .text               mc_w.l(uidiv.o)
    0x080079ec   0x080079ec   0x00000062   Code   RO         1016    .text               mc_w.l(uldiv.o)
    0x08007a4e   0x08007a4e   0x0000001e   Code   RO         1018    .text               mc_w.l(llshl.o)
    0x08007a6c   0x08007a6c   0x00000024   Code   RO         1020    .text               mc_w.l(llsshr.o)
    0x08007a90   0x08007a90   0x00000000   Code   RO         1029    .text               mc_w.l(iusefp.o)
    0x08007a90   0x08007a90   0x0000006e   Code   RO         1030    .text               mf_w.l(fepilogue.o)
    0x08007afe   0x08007afe   0x000000ba   Code   RO         1032    .text               mf_w.l(depilogue.o)
    0x08007bb8   0x08007bb8   0x0000002e   Code   RO         1034    .text               mf_w.l(dscalb.o)
    0x08007be6   0x08007be6   0x00000030   Code   RO         1036    .text               mf_w.l(dfixul.o)
    0x08007c16   0x08007c16   0x00000002   PAD
    0x08007c18   0x08007c18   0x00000024   Code   RO         1038    .text               mc_w.l(init.o)
    0x08007c3c   0x08007c3c   0x00000020   Code   RO         1040    .text               mc_w.l(llushr.o)
    0x08007c5c   0x08007c5c   0x000000a2   Code   RO         1042    .text               mf_w.l(dsqrt.o)
    0x08007cfe   0x08007cfe   0x00000002   PAD
    0x08007d00   0x08007d00   0x00000020   Code   RO          899    i.__0printf         mc_w.l(printfa.o)
    0x08007d20   0x08007d20   0x00000028   Code   RO          901    i.__0sprintf        mc_w.l(printfa.o)
    0x08007d48   0x08007d48   0x00000028   Code   RO          985    i.__ARM_fpclassify  m_ws.l(fpclassify.o)
    0x08007d70   0x08007d70   0x000000aa   Code   RO          987    i.__kernel_poly     m_ws.l(poly.o)
    0x08007e1a   0x08007e1a   0x00000006   Code   RO          972    i.__mathlib_dbl_infnan  m_ws.l(dunder.o)
    0x08007e20   0x08007e20   0x00000004   Code   RO          973    i.__mathlib_dbl_infnan2  m_ws.l(dunder.o)
    0x08007e24   0x08007e24   0x0000000c   Code   RO          974    i.__mathlib_dbl_invalid  m_ws.l(dunder.o)
    0x08007e30   0x08007e30   0x00000010   Code   RO          977    i.__mathlib_dbl_underflow  m_ws.l(dunder.o)
    0x08007e40   0x08007e40   0x0000000e   Code   RO         1046    i.__scatterload_copy  mc_w.l(handlers.o)
    0x08007e4e   0x08007e4e   0x00000002   Code   RO         1047    i.__scatterload_null  mc_w.l(handlers.o)
    0x08007e50   0x08007e50   0x0000000e   Code   RO         1048    i.__scatterload_zeroinit  mc_w.l(handlers.o)
    0x08007e5e   0x08007e5e   0x00000002   PAD
    0x08007e60   0x08007e60   0x0000000c   Code   RO         1024    i.__set_errno       mc_w.l(errno.o)
    0x08007e6c   0x08007e6c   0x00000184   Code   RO          906    i._fp_digits        mc_w.l(printfa.o)
    0x08007ff0   0x08007ff0   0x000006b4   Code   RO          907    i._printf_core      mc_w.l(printfa.o)
    0x080086a4   0x080086a4   0x00000024   Code   RO          908    i._printf_post_padding  mc_w.l(printfa.o)
    0x080086c8   0x080086c8   0x0000002e   Code   RO          909    i._printf_pre_padding  mc_w.l(printfa.o)
    0x080086f6   0x080086f6   0x0000000a   Code   RO          911    i._sputc            mc_w.l(printfa.o)
    0x08008700   0x08008700   0x00000270   Code   RO          640    i.asin              m_ws.l(asin.o)
    0x08008970   0x08008970   0x00000220   Code   RO          962    i.atan              m_ws.l(atan.o)
    0x08008b90   0x08008b90   0x0000019c   Code   RO          650    i.atan2             m_ws.l(atan2.o)
    0x08008d2c   0x08008d2c   0x0000004c   Code   RO          991    i.sqrt              m_ws.l(sqrt.o)
    0x08008d78   0x08008d78   0x00000050   Data   RO          253    .constdata          inv_mpu.o
    0x08008dc8   0x08008dc8   0x00000bf6   Data   RO          297    .constdata          inv_mpu_dmp_motion_driver.o
    0x080099be   0x080099be   0x000005f0   Data   RO          322    .constdata          oled.o
    0x08009fae   0x08009fae   0x00000002   PAD
    0x08009fb0   0x08009fb0   0x00000050   Data   RO          641    .constdata          m_ws.l(asin.o)
    0x0800a000   0x0800a000   0x00000098   Data   RO          963    .constdata          m_ws.l(atan.o)
    0x0800a098   0x0800a098   0x00000008   Data   RO          989    .constdata          m_ws.l(qnan.o)
    0x0800a0a0   0x0800a0a0   0x0000004d   Data   RO          254    .conststring        inv_mpu.o
    0x0800a0ed   0x0800a0ed   0x00000003   PAD
    0x0800a0f0   0x0800a0f0   0x00000020   Data   RO         1044    Region$$Table       anon$$obj.o


    Execution Region RW_IRAM1 (Exec base: 0x20000000, Load base: 0x0800a110, Size: 0x00000b78, Max: 0x00005000, ABSOLUTE)

    Exec Addr    Load Addr    Size         Type   Attr      Idx    E Section Name        Object

    0x20000000   0x0800a110   0x00000014   Data   RW          207    .data               system_stm32f10x.o
    0x20000014   0x0800a124   0x00000035   Data   RW          255    .data               inv_mpu.o
    0x20000049   0x0800a159   0x00000003   PAD
    0x2000004c   0x0800a15c   0x0000000d   Data   RW          392    .data               bluetooth.o
    0x20000059   0x0800a169   0x00000001   PAD
    0x2000005a   0x0800a16a   0x00000004   Data   RW          483    .data               delay.o
    0x2000005e   0x0800a16e   0x00000002   PAD
    0x20000060   0x0800a170   0x00000006   Data   RW          515    .data               usart.o
    0x20000066   0x0800a176   0x00000014   Data   RW          566    .data               stm32f10x_rcc.o
    0x2000007a   0x0800a18a   0x00000002   PAD
    0x2000007c   0x0800a18c   0x00000004   Data   RW         1025    .data               mc_w.l(errno.o)
    0x20000080        -       0x00000010   Zero   RW          296    .bss                inv_mpu_dmp_motion_driver.o
    0x20000090        -       0x00000480   Zero   RW          321    .bss                oled.o
    0x20000510        -       0x00000018   Zero   RW          343    .bss                motor.o
    0x20000528        -       0x00000104   Zero   RW          373    .bss                pid.o
    0x2000062c        -       0x0000000c   Zero   RW          391    .bss                bluetooth.o
    0x20000638        -       0x0000001b   Zero   RW          410    .bss                open_mv_usart.o
    0x20000653        -       0x00000032   Zero   RW          447    .bss                debug.o
    0x20000685   0x0800a190   0x00000003   PAD
    0x20000688        -       0x00000024   Zero   RW          462    .bss                schedule.o
    0x200006ac        -       0x000000c8   Zero   RW          514    .bss                usart.o
    0x20000774   0x0800a190   0x00000004   PAD
    0x20000778        -       0x00000400   Zero   RW          546    STACK               startup_stm32f10x_hd.o


==============================================================================

Image component sizes


      Code (inc. data)   RO Data    RW Data    ZI Data      Debug   Object Name

       556         84          0         13         12       3241   bluetooth.o
       184         72          0          0          0        792   date.o
       360        100          0          0         50       1275   debug.o
       212         18          0          4          0       1039   delay.o
       400         12          0          0          0       1515   encoder.o
      8844        198        157         53          0      24005   inv_mpu.o
      3440        126       3062          0         16      15427   inv_mpu_dmp_motion_driver.o
       420         30          0          0          0       1015   key.o
       160         26          0          0          0     265115   main.o
       220         22          0          0          0       1793   misc.o
       520         26          0          0         24       2603   motor.o
      1116         42          0          0          0       5160   mpu6050.o
       608         18          0          0          0       2070   mpuiic.o
      1236         12       1520          0       1152       6133   oled.o
       740         24          0          0         27       5613   open_mv_usart.o
      1024         58          0          0        260       3723   pid.o
       908         88          0          0         36       4400   schedule.o
        36          8        304          0       1024        784   startup_stm32f10x_hd.o
       596          8          0          0          0       4430   stm32f10x_dma.o
       284         10          0          0          0       2251   stm32f10x_exti.o
       860         38          0          0          0       5729   stm32f10x_gpio.o
        26          0          0          0          0       1182   stm32f10x_it.o
       932         36          0         20          0       8908   stm32f10x_rcc.o
      3610         88          0          0          0      22836   stm32f10x_tim.o
      1032         22          0          0          0       8452   stm32f10x_usart.o
         0          0          0          0          0         32   sys.o
       480         38          0         20          0       1731   system_stm32f10x.o
       304         16          0          6        200       2997   usart.o

    ----------------------------------------------------------------------
     29112       1220       5080        124       2808     404251   Object Totals
         0          0         32          0          0          0   (incl. Generated)
         4          0          5          8          7          0   (incl. Padding)

    ----------------------------------------------------------------------

      Code (inc. data)   RO Data    RW Data    ZI Data      Debug   Library Member Name

       624         52         80          0          0        168   asin.o
       544         70        152          0          0        124   atan.o
       412         38          0          0          0        144   atan2.o
        38          6          0          0          0        272   dunder.o
        40          0          0          0          0         68   fpclassify.o
       170          0          0          0          0         96   poly.o
         0          0          8          0          0          0   qnan.o
        76          0          0          0          0         84   sqrt.o
         0          0          0          0          0          0   entry.o
         0          0          0          0          0          0   entry10a.o
         0          0          0          0          0          0   entry11a.o
         4          0          0          0          0          0   entry12b.o
         8          4          0          0          0          0   entry2.o
         4          0          0          0          0          0   entry5.o
         0          0          0          0          0          0   entry7b.o
         0          0          0          0          0          0   entry8b.o
         8          4          0          0          0          0   entry9a.o
        12          6          0          4          0         68   errno.o
        30          0          0          0          0          0   handlers.o
        36          8          0          0          0         68   init.o
         0          0          0          0          0          0   iusefp.o
        98          0          0          0          0         84   ldiv.o
        30          0          0          0          0         68   llshl.o
        36          0          0          0          0         68   llsshr.o
        32          0          0          0          0         68   llushr.o
        26          0          0          0          0         80   memcmp.o
        36          0          0          0          0        108   memseta.o
      2268         96          0          0          0        616   printfa.o
        44          0          0          0          0         80   uidiv.o
        98          0          0          0          0         92   uldiv.o
        48          0          0          0          0         68   cdcmple.o
        48          0          0          0          0         68   cdrcmple.o
        20          0          0          0          0         68   cfcmple.o
        20          0          0          0          0         68   cfrcmple.o
        56          0          0          0          0         88   d2f.o
       334          0          0          0          0        148   dadd.o
       222          0          0          0          0        100   ddiv.o
       186          0          0          0          0        176   depilogue.o
        48          0          0          0          0         68   dfixul.o
        34          0          0          0          0         76   dflti.o
       228          0          0          0          0         96   dmul.o
        46          0          0          0          0         80   dscalb.o
       162          0          0          0          0        100   dsqrt.o
        38          0          0          0          0         68   f2d.o
       176          0          0          0          0        140   fadd.o
       124          0          0          0          0         88   fdiv.o
       110          0          0          0          0        168   fepilogue.o
        50          0          0          0          0         68   ffixi.o
        40          0          0          0          0         68   ffixui.o
        18          0          0          0          0         68   fflti.o
        10          0          0          0          0         68   ffltui.o
       100          0          0          0          0         76   fmul.o

    ----------------------------------------------------------------------
      6800        284        240          4          0       4372   Library Totals
         8          0          0          0          0          0   (incl. Padding)

    ----------------------------------------------------------------------

      Code (inc. data)   RO Data    RW Data    ZI Data      Debug   Library Name

      1904        166        240          0          0        956   m_ws.l
      2770        118          0          4          0       1400   mc_w.l
      2118          0          0          0          0       2016   mf_w.l

    ----------------------------------------------------------------------
      6800        284        240          4          0       4372   Library Totals

    ----------------------------------------------------------------------

==============================================================================


      Code (inc. data)   RO Data    RW Data    ZI Data      Debug   

     35912       1504       5320        128       2808     403783   Grand Totals
     35912       1504       5320        128       2808     403783   ELF Image Totals
     35912       1504       5320        128          0          0   ROM Totals

==============================================================================

    Total RO  Size (Code + RO Data)                41232 (  40.27kB)
    Total RW  Size (RW Data + ZI Data)              2936 (   2.87kB)
    Total ROM Size (Code + RO Data + RW Data)      41360 (  40.39kB)

==============================================================================

